---
source: crates/perl-lsp-rs/src/runtime/language/references_tier_scorecard_tests.rs
expression: "serde_json::to_string_pretty(&snapshot_receipt)?"
---
{
  "method_positive_control_evidence": {
    "catalyst_skeleton": false,
    "dancer2_skeleton": false,
    "mojolicious_skeleton": false
  },
  "projects": [
    "mojolicious_skeleton",
    "dancer2_skeleton",
    "catalyst_skeleton"
  ],
  "request_count": 20,
  "rows": [
    {
      "answering_tier": "workspace_mixed",
      "character": 4,
      "cursor_site": "usage",
      "declaration_shape": "simple_init",
      "disposition": "coverage_gap",
      "fact_class": "local_lexical",
      "file": "lib/Mojolicious.pm",
      "include_declaration": false,
      "index_result_count": 2,
      "line": 56,
      "needle": "$plugins",
      "project": "mojolicious_skeleton",
      "receipt_confidence": "low",
      "receipt_decision": "acted",
      "receipt_fact_source": "fallback",
      "receipt_fallback_state": "legacy_provider",
      "receipt_freshness": "fresh",
      "receipt_reason": "live_provider_result",
      "receipt_source_backed_state": "workspace_mixed_fallback",
      "request_shape": "not_applicable",
      "result_count": 8,
      "scenario_rationale": "same_file_lexical_usage_without_declaration",
      "source_backed": false,
      "source_backed_attempted": true,
      "source_backed_cutover_result": "legacy_fallback",
      "source_backed_decline_stage": "cutover",
      "source_backed_exact_candidate_count": 0,
      "source_backed_outcome": "declined",
      "source_backed_symbol_at_found": false,
      "text_result_count": 6,
      "uri": "file:///real_projects/mojolicious_skeleton/lib/Mojolicious.pm"
    },
    {
      "answering_tier": "workspace_mixed",
      "character": 4,
      "cursor_site": "usage",
      "declaration_shape": "simple_init",
      "disposition": "policy_excluded_request_shape",
      "fact_class": "local_lexical",
      "file": "lib/Mojolicious.pm",
      "include_declaration": true,
      "index_result_count": 3,
      "line": 56,
      "needle": "$plugins",
      "project": "mojolicious_skeleton",
      "receipt_confidence": "low",
      "receipt_decision": "acted",
      "receipt_fact_source": "fallback",
      "receipt_fallback_state": "legacy_provider",
      "receipt_freshness": "fresh",
      "receipt_reason": "live_provider_result",
      "receipt_source_backed_state": "workspace_mixed_fallback",
      "request_shape": "not_applicable",
      "result_count": 10,
      "scenario_rationale": "same_file_lexical_usage_with_declaration_included",
      "source_backed": false,
      "source_backed_attempted": false,
      "source_backed_cutover_result": null,
      "source_backed_decline_stage": null,
      "source_backed_exact_candidate_count": 0,
      "source_backed_outcome": "not_attempted",
      "source_backed_symbol_at_found": false,
      "text_result_count": 7,
      "uri": "file:///real_projects/mojolicious_skeleton/lib/Mojolicious.pm"
    },
    {
      "answering_tier": "workspace_mixed",
      "character": 43,
      "cursor_site": "usage",
      "declaration_shape": "destructuring",
      "disposition": "unsupported_declaration_shape",
      "fact_class": "local_lexical",
      "file": "lib/Mojolicious.pm",
      "include_declaration": false,
      "index_result_count": 43,
      "line": 56,
      "needle": "$c",
      "project": "mojolicious_skeleton",
      "receipt_confidence": "low",
      "receipt_decision": "acted",
      "receipt_fact_source": "fallback",
      "receipt_fallback_state": "legacy_provider",
      "receipt_freshness": "fresh",
      "receipt_reason": "live_provider_result",
      "receipt_source_backed_state": "workspace_mixed_fallback",
      "request_shape": "not_applicable",
      "result_count": 74,
      "scenario_rationale": "same_file_lexical_usage_without_declaration",
      "source_backed": false,
      "source_backed_attempted": true,
      "source_backed_cutover_result": null,
      "source_backed_decline_stage": "entity_resolution",
      "source_backed_exact_candidate_count": 13,
      "source_backed_outcome": "declined",
      "source_backed_symbol_at_found": false,
      "text_result_count": 31,
      "uri": "file:///real_projects/mojolicious_skeleton/lib/Mojolicious.pm"
    },
    {
      "answering_tier": "workspace_mixed",
      "character": 11,
      "cursor_site": "usage",
      "declaration_shape": "simple_init",
      "disposition": "coverage_gap",
      "fact_class": "local_lexical",
      "file": "lib/Mojolicious.pm",
      "include_declaration": false,
      "index_result_count": 43,
      "line": 65,
      "needle": "$c",
      "project": "mojolicious_skeleton",
      "receipt_confidence": "low",
      "receipt_decision": "acted",
      "receipt_fact_source": "fallback",
      "receipt_fallback_state": "legacy_provider",
      "receipt_freshness": "fresh",
      "receipt_reason": "live_provider_result",
      "receipt_source_backed_state": "workspace_mixed_fallback",
      "request_shape": "not_applicable",
      "result_count": 74,
      "scenario_rationale": "same_file_lexical_usage_without_declaration",
      "source_backed": false,
      "source_backed_attempted": true,
      "source_backed_cutover_result": null,
      "source_backed_decline_stage": "entity_resolution",
      "source_backed_exact_candidate_count": 13,
      "source_backed_outcome": "declined",
      "source_backed_symbol_at_found": false,
      "text_result_count": 31,
      "uri": "file:///real_projects/mojolicious_skeleton/lib/Mojolicious.pm"
    },
    {
      "answering_tier": "workspace_mixed",
      "character": 11,
      "cursor_site": "usage",
      "declaration_shape": "not_applicable",
      "disposition": "unclassified",
      "fact_class": "dynamic_ambiguous",
      "file": "lib/Mojolicious.pm",
      "include_declaration": true,
      "index_result_count": 4,
      "line": 66,
      "needle": "dispatch",
      "project": "mojolicious_skeleton",
      "receipt_confidence": "low",
      "receipt_decision": "acted",
      "receipt_fact_source": "fallback",
      "receipt_fallback_state": "legacy_provider",
      "receipt_freshness": "fresh",
      "receipt_reason": "live_provider_result",
      "receipt_source_backed_state": "workspace_mixed_fallback",
      "request_shape": "method_call",
      "result_count": 10,
      "scenario_rationale": "cross_class_method_dispatch_not_disambiguated_by_receiver_type",
      "source_backed": false,
      "source_backed_attempted": true,
      "source_backed_cutover_result": null,
      "source_backed_decline_stage": "entity_resolution",
      "source_backed_exact_candidate_count": 3,
      "source_backed_outcome": "declined",
      "source_backed_symbol_at_found": false,
      "text_result_count": 6,
      "uri": "file:///real_projects/mojolicious_skeleton/lib/Mojolicious.pm"
    },
    {
      "answering_tier": "workspace_mixed",
      "character": 11,
      "cursor_site": "usage",
      "declaration_shape": "not_applicable",
      "disposition": "unexercised",
      "fact_class": "package_sub_same_file",
      "file": "lib/Mojolicious.pm",
      "include_declaration": true,
      "index_result_count": 2,
      "line": 34,
      "needle": "startup",
      "project": "mojolicious_skeleton",
      "receipt_confidence": "low",
      "receipt_decision": "acted",
      "receipt_fact_source": "fallback",
      "receipt_fallback_state": "legacy_provider",
      "receipt_freshness": "fresh",
      "receipt_reason": "live_provider_result",
      "receipt_source_backed_state": "workspace_mixed_fallback",
      "request_shape": "method_call",
      "result_count": 4,
      "scenario_rationale": "same_file_subroutine_def_and_call",
      "source_backed": false,
      "source_backed_attempted": true,
      "source_backed_cutover_result": "legacy_fallback",
      "source_backed_decline_stage": "cutover",
      "source_backed_exact_candidate_count": 0,
      "source_backed_outcome": "declined",
      "source_backed_symbol_at_found": false,
      "text_result_count": 2,
      "uri": "file:///real_projects/mojolicious_skeleton/lib/Mojolicious.pm"
    },
    {
      "answering_tier": "workspace_text",
      "character": 4,
      "cursor_site": "usage",
      "declaration_shape": "not_applicable",
      "disposition": "unclassified",
      "fact_class": "imported_symbol",
      "file": "lib/Mojolicious.pm",
      "include_declaration": false,
      "index_result_count": 0,
      "line": 72,
      "needle": "croak",
      "project": "mojolicious_skeleton",
      "receipt_confidence": "low",
      "receipt_decision": "acted",
      "receipt_fact_source": "fallback",
      "receipt_fallback_state": "legacy_provider",
      "receipt_freshness": "fresh",
      "receipt_reason": "live_provider_result",
      "receipt_source_backed_state": "workspace_text_fallback",
      "request_shape": "function_call",
      "result_count": 1,
      "scenario_rationale": "carp_croak_declared_outside_the_fixture_project",
      "source_backed": false,
      "source_backed_attempted": true,
      "source_backed_cutover_result": "legacy_fallback",
      "source_backed_decline_stage": "cutover",
      "source_backed_exact_candidate_count": 0,
      "source_backed_outcome": "declined",
      "source_backed_symbol_at_found": false,
      "text_result_count": 1,
      "uri": "file:///real_projects/mojolicious_skeleton/lib/Mojolicious.pm"
    },
    {
      "answering_tier": "workspace_mixed",
      "character": 53,
      "cursor_site": "usage",
      "declaration_shape": "simple_init",
      "disposition": "coverage_gap",
      "fact_class": "local_lexical",
      "file": "lib/Dancer2/Core/App.pm",
      "include_declaration": false,
      "index_result_count": 14,
      "line": 26,
      "needle": "$code",
      "project": "dancer2_skeleton",
      "receipt_confidence": "low",
      "receipt_decision": "acted",
      "receipt_fact_source": "fallback",
      "receipt_fallback_state": "legacy_provider",
      "receipt_freshness": "fresh",
      "receipt_reason": "live_provider_result",
      "receipt_source_backed_state": "workspace_mixed_fallback",
      "request_shape": "not_applicable",
      "result_count": 30,
      "scenario_rationale": "same_file_lexical_usage_without_declaration",
      "source_backed": false,
      "source_backed_attempted": true,
      "source_backed_cutover_result": null,
      "source_backed_decline_stage": "entity_resolution",
      "source_backed_exact_candidate_count": 7,
      "source_backed_outcome": "declined",
      "source_backed_symbol_at_found": false,
      "text_result_count": 16,
      "uri": "file:///real_projects/dancer2_skeleton/lib/Dancer2/Core/App.pm"
    },
    {
      "answering_tier": "workspace_mixed",
      "character": 27,
      "cursor_site": "usage",
      "declaration_shape": "simple_init",
      "disposition": "coverage_gap",
      "fact_class": "local_lexical",
      "file": "lib/Dancer2/Core/App.pm",
      "include_declaration": false,
      "index_result_count": 3,
      "line": 27,
      "needle": "$method",
      "project": "dancer2_skeleton",
      "receipt_confidence": "low",
      "receipt_decision": "acted",
      "receipt_fact_source": "fallback",
      "receipt_fallback_state": "legacy_provider",
      "receipt_freshness": "fresh",
      "receipt_reason": "live_provider_result",
      "receipt_source_backed_state": "workspace_mixed_fallback",
      "request_shape": "not_applicable",
      "result_count": 15,
      "scenario_rationale": "same_file_lexical_usage_without_declaration",
      "source_backed": false,
      "source_backed_attempted": true,
      "source_backed_cutover_result": null,
      "source_backed_decline_stage": "entity_resolution",
      "source_backed_exact_candidate_count": 3,
      "source_backed_outcome": "declined",
      "source_backed_symbol_at_found": false,
      "text_result_count": 12,
      "uri": "file:///real_projects/dancer2_skeleton/lib/Dancer2/Core/App.pm"
    },
    {
      "answering_tier": "workspace_mixed",
      "character": 37,
      "cursor_site": "usage",
      "declaration_shape": "simple_init",
      "disposition": "coverage_gap",
      "fact_class": "local_lexical",
      "file": "lib/Dancer2/Core/App.pm",
      "include_declaration": false,
      "index_result_count": 3,
      "line": 37,
      "needle": "$method",
      "project": "dancer2_skeleton",
      "receipt_confidence": "low",
      "receipt_decision": "acted",
      "receipt_fact_source": "fallback",
      "receipt_fallback_state": "legacy_provider",
      "receipt_freshness": "fresh",
      "receipt_reason": "live_provider_result",
      "receipt_source_backed_state": "workspace_mixed_fallback",
      "request_shape": "not_applicable",
      "result_count": 15,
      "scenario_rationale": "same_file_lexical_usage_without_declaration",
      "source_backed": false,
      "source_backed_attempted": true,
      "source_backed_cutover_result": null,
      "source_backed_decline_stage": "entity_resolution",
      "source_backed_exact_candidate_count": 3,
      "source_backed_outcome": "declined",
      "source_backed_symbol_at_found": false,
      "text_result_count": 12,
      "uri": "file:///real_projects/dancer2_skeleton/lib/Dancer2/Core/App.pm"
    },
    {
      "answering_tier": "workspace_text",
      "character": 32,
      "cursor_site": "usage",
      "declaration_shape": "not_applicable",
      "disposition": "unclassified",
      "fact_class": "cross_file_sub",
      "file": "lib/Dancer2/Core/Runner.pm",
      "include_declaration": true,
      "index_result_count": 0,
      "line": 31,
      "needle": "dispatch",
      "project": "dancer2_skeleton",
      "receipt_confidence": "low",
      "receipt_decision": "acted",
      "receipt_fact_source": "fallback",
      "receipt_fallback_state": "legacy_provider",
      "receipt_freshness": "fresh",
      "receipt_reason": "live_provider_result",
      "receipt_source_backed_state": "workspace_text_fallback",
      "request_shape": "method_call",
      "result_count": 2,
      "scenario_rationale": "cross_file_caller_lives_outside_the_same_file_scope",
      "source_backed": false,
      "source_backed_attempted": true,
      "source_backed_cutover_result": "legacy_fallback",
      "source_backed_decline_stage": "cutover",
      "source_backed_exact_candidate_count": 0,
      "source_backed_outcome": "declined",
      "source_backed_symbol_at_found": false,
      "text_result_count": 2,
      "uri": "file:///real_projects/dancer2_skeleton/lib/Dancer2/Core/Runner.pm"
    },
    {
      "answering_tier": "workspace_text",
      "character": 4,
      "cursor_site": "usage",
      "declaration_shape": "not_applicable",
      "disposition": "unclassified",
      "fact_class": "imported_symbol",
      "file": "lib/Dancer2/Core/App.pm",
      "include_declaration": false,
      "index_result_count": 0,
      "line": 26,
      "needle": "croak",
      "project": "dancer2_skeleton",
      "receipt_confidence": "low",
      "receipt_decision": "acted",
      "receipt_fact_source": "fallback",
      "receipt_fallback_state": "legacy_provider",
      "receipt_freshness": "fresh",
      "receipt_reason": "live_provider_result",
      "receipt_source_backed_state": "workspace_text_fallback",
      "request_shape": "function_call",
      "result_count": 7,
      "scenario_rationale": "carp_croak_declared_outside_the_fixture_project",
      "source_backed": false,
      "source_backed_attempted": true,
      "source_backed_cutover_result": null,
      "source_backed_decline_stage": "entity_resolution",
      "source_backed_exact_candidate_count": 0,
      "source_backed_outcome": "declined",
      "source_backed_symbol_at_found": false,
      "text_result_count": 7,
      "uri": "file:///real_projects/dancer2_skeleton/lib/Dancer2/Core/App.pm"
    },
    {
      "answering_tier": "workspace_mixed",
      "character": 52,
      "cursor_site": "usage",
      "declaration_shape": "simple_init",
      "disposition": "coverage_gap",
      "fact_class": "local_lexical",
      "file": "lib/Catalyst/Action.pm",
      "include_declaration": false,
      "index_result_count": 2,
      "line": 23,
      "needle": "$controller",
      "project": "catalyst_skeleton",
      "receipt_confidence": "low",
      "receipt_decision": "acted",
      "receipt_fact_source": "fallback",
      "receipt_fallback_state": "legacy_provider",
      "receipt_freshness": "fresh",
      "receipt_reason": "live_provider_result",
      "receipt_source_backed_state": "workspace_mixed_fallback",
      "request_shape": "not_applicable",
      "result_count": 6,
      "scenario_rationale": "same_file_lexical_usage_without_declaration",
      "source_backed": false,
      "source_backed_attempted": true,
      "source_backed_cutover_result": null,
      "source_backed_decline_stage": "entity_resolution",
      "source_backed_exact_candidate_count": 2,
      "source_backed_outcome": "declined",
      "source_backed_symbol_at_found": false,
      "text_result_count": 4,
      "uri": "file:///real_projects/catalyst_skeleton/lib/Catalyst/Action.pm"
    },
    {
      "answering_tier": "workspace_mixed",
      "character": 21,
      "cursor_site": "usage",
      "declaration_shape": "destructuring",
      "disposition": "unsupported_declaration_shape",
      "fact_class": "local_lexical",
      "file": "lib/Catalyst/Action.pm",
      "include_declaration": false,
      "index_result_count": 32,
      "line": 22,
      "needle": "$c",
      "project": "catalyst_skeleton",
      "receipt_confidence": "low",
      "receipt_decision": "acted",
      "receipt_fact_source": "fallback",
      "receipt_fallback_state": "legacy_provider",
      "receipt_freshness": "fresh",
      "receipt_reason": "live_provider_result",
      "receipt_source_backed_state": "workspace_mixed_fallback",
      "request_shape": "not_applicable",
      "result_count": 53,
      "scenario_rationale": "same_file_lexical_usage_without_declaration",
      "source_backed": false,
      "source_backed_attempted": true,
      "source_backed_cutover_result": null,
      "source_backed_decline_stage": "entity_resolution",
      "source_backed_exact_candidate_count": 12,
      "source_backed_outcome": "declined",
      "source_backed_symbol_at_found": false,
      "text_result_count": 21,
      "uri": "file:///real_projects/catalyst_skeleton/lib/Catalyst/Action.pm"
    },
    {
      "answering_tier": "workspace_mixed",
      "character": 8,
      "cursor_site": "usage",
      "declaration_shape": "not_applicable",
      "disposition": "method_shaped_request_unexercised",
      "fact_class": "package_sub_same_file",
      "file": "lib/Catalyst.pm",
      "include_declaration": true,
      "index_result_count": 1,
      "line": 179,
      "needle": "dispatch",
      "project": "catalyst_skeleton",
      "receipt_confidence": "low",
      "receipt_decision": "acted",
      "receipt_fact_source": "fallback",
      "receipt_fallback_state": "legacy_provider",
      "receipt_freshness": "fresh",
      "receipt_reason": "live_provider_result",
      "receipt_source_backed_state": "workspace_mixed_fallback",
      "request_shape": "method_call",
      "result_count": 8,
      "scenario_rationale": "same_file_subroutine_def_and_call",
      "source_backed": false,
      "source_backed_attempted": true,
      "source_backed_cutover_result": null,
      "source_backed_decline_stage": "entity_resolution",
      "source_backed_exact_candidate_count": 3,
      "source_backed_outcome": "declined",
      "source_backed_symbol_at_found": false,
      "text_result_count": 7,
      "uri": "file:///real_projects/catalyst_skeleton/lib/Catalyst.pm"
    },
    {
      "answering_tier": "workspace_mixed",
      "character": 4,
      "cursor_site": "definition",
      "declaration_shape": "not_applicable",
      "disposition": "unclassified",
      "fact_class": "dynamic_ambiguous",
      "file": "lib/Catalyst/Dispatcher.pm",
      "include_declaration": true,
      "index_result_count": 1,
      "line": 11,
      "needle": "dispatch",
      "project": "catalyst_skeleton",
      "receipt_confidence": "low",
      "receipt_decision": "acted",
      "receipt_fact_source": "fallback",
      "receipt_fallback_state": "legacy_provider",
      "receipt_freshness": "fresh",
      "receipt_reason": "live_provider_result",
      "receipt_source_backed_state": "workspace_mixed_fallback",
      "request_shape": "not_applicable",
      "result_count": 8,
      "scenario_rationale": "cross_class_method_dispatch_not_disambiguated_by_receiver_type",
      "source_backed": false,
      "source_backed_attempted": true,
      "source_backed_cutover_result": null,
      "source_backed_decline_stage": "entity_resolution",
      "source_backed_exact_candidate_count": 3,
      "source_backed_outcome": "declined",
      "source_backed_symbol_at_found": false,
      "text_result_count": 7,
      "uri": "file:///real_projects/catalyst_skeleton/lib/Catalyst/Dispatcher.pm"
    },
    {
      "answering_tier": "workspace_text",
      "character": 4,
      "cursor_site": "usage",
      "declaration_shape": "not_applicable",
      "disposition": "unclassified",
      "fact_class": "imported_symbol",
      "file": "lib/Catalyst/Dispatcher.pm",
      "include_declaration": false,
      "index_result_count": 0,
      "line": 30,
      "needle": "croak",
      "project": "catalyst_skeleton",
      "receipt_confidence": "low",
      "receipt_decision": "acted",
      "receipt_fact_source": "fallback",
      "receipt_fallback_state": "legacy_provider",
      "receipt_freshness": "fresh",
      "receipt_reason": "live_provider_result",
      "receipt_source_backed_state": "workspace_text_fallback",
      "request_shape": "function_call",
      "result_count": 12,
      "scenario_rationale": "carp_croak_declared_outside_the_fixture_project",
      "source_backed": false,
      "source_backed_attempted": true,
      "source_backed_cutover_result": null,
      "source_backed_decline_stage": "entity_resolution",
      "source_backed_exact_candidate_count": 0,
      "source_backed_outcome": "declined",
      "source_backed_symbol_at_found": false,
      "text_result_count": 12,
      "uri": "file:///real_projects/catalyst_skeleton/lib/Catalyst/Dispatcher.pm"
    },
    {
      "answering_tier": "empty",
      "character": 0,
      "cursor_site": "not_applicable",
      "declaration_shape": "not_applicable",
      "disposition": "explicit_refusal_safe",
      "fact_class": "empty_position",
      "file": "lib/Mojolicious.pm",
      "include_declaration": false,
      "index_result_count": 0,
      "line": 17,
      "needle": "",
      "project": "mojolicious_skeleton",
      "receipt_confidence": "low",
      "receipt_decision": "fallback",
      "receipt_fact_source": "fallback",
      "receipt_fallback_state": "no_result",
      "receipt_freshness": "fresh",
      "receipt_reason": "no_result",
      "receipt_source_backed_state": "no_references_result",
      "request_shape": "not_applicable",
      "result_count": 0,
      "scenario_rationale": "no_symbol_under_cursor_correctly_empty",
      "source_backed": false,
      "source_backed_attempted": false,
      "source_backed_cutover_result": null,
      "source_backed_decline_stage": null,
      "source_backed_exact_candidate_count": 0,
      "source_backed_outcome": "not_attempted",
      "source_backed_symbol_at_found": false,
      "text_result_count": 0,
      "uri": "file:///real_projects/mojolicious_skeleton/lib/Mojolicious.pm"
    },
    {
      "answering_tier": "empty",
      "character": 0,
      "cursor_site": "not_applicable",
      "declaration_shape": "not_applicable",
      "disposition": "explicit_refusal_safe",
      "fact_class": "empty_position",
      "file": "lib/Dancer2/Core/App.pm",
      "include_declaration": false,
      "index_result_count": 0,
      "line": 7,
      "needle": "",
      "project": "dancer2_skeleton",
      "receipt_confidence": "low",
      "receipt_decision": "fallback",
      "receipt_fact_source": "fallback",
      "receipt_fallback_state": "no_result",
      "receipt_freshness": "fresh",
      "receipt_reason": "no_result",
      "receipt_source_backed_state": "no_references_result",
      "request_shape": "not_applicable",
      "result_count": 0,
      "scenario_rationale": "no_symbol_under_cursor_correctly_empty",
      "source_backed": false,
      "source_backed_attempted": false,
      "source_backed_cutover_result": null,
      "source_backed_decline_stage": null,
      "source_backed_exact_candidate_count": 0,
      "source_backed_outcome": "not_attempted",
      "source_backed_symbol_at_found": false,
      "text_result_count": 0,
      "uri": "file:///real_projects/dancer2_skeleton/lib/Dancer2/Core/App.pm"
    },
    {
      "answering_tier": "empty",
      "character": 0,
      "cursor_site": "not_applicable",
      "declaration_shape": "not_applicable",
      "disposition": "explicit_refusal_safe",
      "fact_class": "empty_position",
      "file": "lib/Catalyst/Action.pm",
      "include_declaration": false,
      "index_result_count": 0,
      "line": 7,
      "needle": "",
      "project": "catalyst_skeleton",
      "receipt_confidence": "low",
      "receipt_decision": "fallback",
      "receipt_fact_source": "fallback",
      "receipt_fallback_state": "no_result",
      "receipt_freshness": "fresh",
      "receipt_reason": "no_result",
      "receipt_source_backed_state": "no_references_result",
      "request_shape": "not_applicable",
      "result_count": 0,
      "scenario_rationale": "no_symbol_under_cursor_correctly_empty",
      "source_backed": false,
      "source_backed_attempted": false,
      "source_backed_cutover_result": null,
      "source_backed_decline_stage": null,
      "source_backed_exact_candidate_count": 0,
      "source_backed_outcome": "not_attempted",
      "source_backed_symbol_at_found": false,
      "text_result_count": 0,
      "uri": "file:///real_projects/catalyst_skeleton/lib/Catalyst/Action.pm"
    }
  ],
  "schema_version": 2
}
