---
source: crates/perl-parser/tests/ast_snapshot_tests.rs
expression: types_str
---
namespace
type
class
interface
enum
enumMember
typeParameter
function
method
property
macro
variable
parameter
keyword
modifier
comment
string
number
regexp
operator
sql_string
sql_heredoc_keyword
json_heredoc_key
label
