---
source: crates/perl-parser/tests/ast_snap.rs
expression: "parse_sexp(\"open my $fh, '<', $path; while (my $line = <$fh>) { chomp $line; push @rows, $line; }\",)"
---
(source_file (statements (expression_statement (expression (call (name open) (args (my_declaration (declarator my) (variable (variable (sigil $) (name fh))))) (args (string (value '<'))) (args (variable (sigil $) (name path))))))) (statements (while (condition (my_declaration (declarator my) (variable (variable (sigil $) (name line))) (initializer (readline (filehandle $fh))))) (body (block (statements (expression_statement (expression (ambiguous_function_call_expression (name chomp) (args (variable (sigil $) (name line))))))) (statements (expression_statement (expression (call (name push) (args (variable (sigil @) (name rows))) (args (variable (sigil $) (name line))))))))))))
