---
source: crates/perl-parser/tests/ast_snap.rs
expression: "parse_sexp(\"sub run ($$) :lvalue { $_[0] = $_[1]; }\")"
---
(source_file (statements (sub (name run) (attributes lvalue) (prototype (prototype (content $$))) (body (block (statements (expression_statement (expression (assignment_assign (op =) (lhs (binary_[] (op []) (left (variable (sigil $) (name _))) (right (number (value 0))))) (rhs (binary_[] (op []) (left (variable (sigil $) (name _))) (right (number (value 1))))))))))))))
