---
source: crates/perl-parser/tests/ast_snap.rs
expression: "parse_sexp(\"my @result = sort { $a cmp $b } map { lc $_ } grep { /foo/ } @items;\",)"
---
(source_file (statements (my_declaration (declarator my) (variable (variable (sigil @) (name result))) (initializer (call (name sort) (args (block (statements (expression_statement (expression (binary_cmp (op cmp) (left (variable (sigil $) (name a))) (right (variable (sigil $) (name b))))))))) (args (call (name map) (args (block (statements (expression_statement (expression (ambiguous_function_call_expression (name lc) (args (variable (sigil $) (name _))))))))) (args (call (name grep) (args (block (statements (expression_statement (expression (regex (pattern /foo/) (modifiers ""))))))) (args (variable (sigil @) (name items))))))))))))
