---
source: crates/perl-parser/tests/ast_snap.rs
expression: "parse_sexp(\"my $x = $h{foo;\\nmy $y = 2;\")"
---
(source_file (statements (my_declaration (declarator my) (variable (variable (sigil $) (name x))) (initializer (binary_{} (op {}) (left (variable (sigil $) (name h))) (right (identifier (name foo))))))) (statements (my_declaration (declarator my) (variable (variable (sigil $) (name y))) (initializer (number (value 2))))))
