---
source: crates/perl-parser/tests/ast_snap.rs
expression: "parse_sexp(\"if ($str =~ /^hello/i) { print \\\"matched\\\"; }\")"
---
(source_file (statements (if (condition (match (pattern /^hello/) (modifiers i) (expr (variable (sigil $) (name str))))) (then_branch (block (statements (expression_statement (expression (call (name print) (args (string_interpolated (value "\"matched\"") (interpolated true))))))))))))
