---
source: crates/perl-parser/tests/ast_snap.rs
expression: "parse_sexp(\"my @arr = (1, 2, 3); push @arr, 4;\")"
---
(source_file (statements (my_declaration (declarator my) (variable (variable (sigil @) (name arr))) (initializer (array (elements (number (value 1))) (elements (number (value 2))) (elements (number (value 3))))))) (statements (expression_statement (expression (call (name push) (args (variable (sigil @) (name arr))) (args (number (value 4))))))))
