---
source: crates/perl-parser/tests/ast_snap.rs
expression: "parse_sexp(\"my @vals = qw(foo bar;\\nmy $ok = 1;\")"
---
(source_file (statements (my_declaration (declarator my) (variable (variable (sigil @) (name vals))) (initializer (array (elements (string (value foo))) (elements (string (value "bar;"))))))) (statements (my_declaration (declarator my) (variable (variable (sigil $) (name ok))) (initializer (number (value 1))))))
