---
source: crates/perl-parser/tests/ast_snap.rs
expression: "parse_sexp(\"my $x = ;\\nmy $y = ;\")"
---
(source_file (statements (my_declaration (declarator my) (variable (variable (sigil $) (name x))) (initializer (missing_expression)))) (statements (my_declaration (declarator my) (variable (variable (sigil $) (name y))) (initializer (missing_expression)))))
