---
source: crates/perl-parser/tests/ast_snap.rs
expression: "parse_sexp(\"my @days = qw(Mon Tue Wed Thu Fri);\")"
---
(source_file (statements (my_declaration (declarator my) (variable (variable (sigil @) (name days))) (initializer (array (elements (string (value Mon))) (elements (string (value Tue))) (elements (string (value Wed))) (elements (string (value Thu))) (elements (string (value Fri))))))))
