---
source: crates/tree-sitter-perl-c/tests/snapshots.rs
expression: "sexp(r\"my $matched = ($str =~ /^\\d+$/);\")"
---
(source_file (expression_statement (assignment_expression left: (variable_declaration variable: (scalar (varname))) right: (binary_expression left: (scalar (varname)) right: (match_regexp content: (regexp_content (escape_sequence)))))))
