---
source: crates/tree-sitter-perl-c/tests/snapshots.rs
expression: sexp(src)
---
(source_file (package_statement name: (package)) (subroutine_declaration_statement name: (bareword) body: (block (expression_statement (assignment_expression left: (variable_declaration variables: (scalar (varname)) variables: (hash (varname))) right: (array (varname)))) (expression_statement (ambiguous_function_call_expression function: (function) arguments: (list_expression (anonymous_hash_expression) (scalar (varname))))))) (subroutine_declaration_statement name: (bareword) body: (block (expression_statement (return_expression (interpolated_string_literal content: (string_content)))))) (subroutine_declaration_statement name: (bareword) body: (block (expression_statement (return_expression (hash_element_expression (array_element_expression array: (container_variable (varname)) index: (number)) key: (autoquoted_bareword)))))))
