---
source: crates/tree-sitter-perl-c/tests/snapshots.rs
expression: "sexp(\"my $text = <<END;\\nhello world\\nEND\\n\")"
---
(source_file (expression_statement (assignment_expression left: (variable_declaration variable: (scalar (varname))) right: (heredoc_token))) (heredoc_content (heredoc_end)))
