---
source: crates/tree-sitter-perl-c/tests/snapshots.rs
expression: "sexp(r#\"my @matches = ($text =~ /(\\w+)\\s+=\\s+(\\d+)/g);\"#)"
---
(source_file (expression_statement (assignment_expression left: (variable_declaration variable: (array (varname))) right: (binary_expression left: (scalar (varname)) right: (match_regexp content: (regexp_content (escape_sequence) (escape_sequence) (escape_sequence) (escape_sequence)) modifiers: (match_regexp_modifiers))))))
