
running 155 tests
test change_set::tests::parse_nul_delimited_paths_rejects_quoted_or_invalid_output ... ok
test change_set::tests::test_diff_paths_falls_back_to_two_dot_on_unrelated_histories ... ok
test change_set::tests::test_parity_ci_config_only_change ... ok
test change_set::tests::test_parity_deletion_is_visible ... ok
test change_set::tests::test_parity_doc_only_change ... ok
test change_set::tests::test_parity_multi_crate_change ... ok
test change_set::tests::test_parity_mixed_change ... ok
test change_set::tests::test_parity_rename_is_visible ... ok
test change_set::tests::test_parity_single_crate_change ... ok
test change_set::tests::test_resolve_base_ref_auto_resolves_origin_main_when_origin_master_absent ... ok
test change_set::tests::test_resolve_base_ref_loud_error_when_nothing_resolves ... ok
test change_set::tests::test_resolve_base_ref_explicit_base_honored ... ok
test change_set::tests::test_resolve_base_ref_shallow_clone_falls_back_to_head_tilde_1 ... ok
test change_set::tests::test_resolve_change_set_commit_range_explicit_base ... ok
test change_set::tests::test_resolve_change_set_commit_range_extracts_changed_paths ... ok
test change_set::tests::test_resolve_change_set_staged_tree_composes_staged_diff_paths ... ok
test doctest_enforcement::tests::a_contract_in_a_non_library_target_is_a_violation_even_when_selected ... ok
test doctest_enforcement::tests::a_contract_in_an_unselected_package_is_reported ... ok
test doctest_enforcement::tests::a_contract_inside_the_route_is_clean ... ok
test doctest_enforcement::tests::a_demoted_route_is_an_error ... ok
test doctest_enforcement::tests::a_glob_workspace_member_is_an_error ... ok
test doctest_enforcement::tests::a_manifest_document_is_read_as_a_document_not_a_value ... ok
test doctest_enforcement::tests::a_member_without_a_package_name_is_an_error ... ok
test doctest_enforcement::tests::a_missing_member_manifest_is_an_error_not_a_skip ... ok
test doctest_enforcement::tests::a_missing_route_is_an_error_not_an_empty_pass ... ok
test doctest_enforcement::tests::a_missing_source_directory_is_not_an_error ... ok
test doctest_enforcement::tests::a_package_without_contracts_need_not_be_selected ... ok
test doctest_enforcement::tests::a_quarantined_route_is_an_error ... ok
test doctest_enforcement::tests::a_route_selecting_no_package_is_an_error ... ok
test doctest_enforcement::tests::a_route_that_stops_passing_doc_is_an_error ... ok
test doctest_enforcement::tests::a_selected_package_that_does_not_exist_is_reported ... ok
test doctest_enforcement::tests::an_unrequired_route_is_an_error ... ok
test doctest_enforcement::tests::an_unwalkable_source_directory_becomes_a_fail_closed_error ... ok
test doctest_enforcement::tests::block_doc_comment_fences_are_counted ... ok
test doctest_enforcement::tests::fence_detection_survives_nested_block_comments ... ok
test doctest_enforcement::tests::non_library_targets_are_classified_by_their_own_package_src_prefix ... ok
test doctest_enforcement::tests::only_doc_comment_fences_count_as_contracts ... ok
test doctest_enforcement::tests::route_packages_does_not_read_a_neighbouring_gate_command ... ok
test doctest_enforcement::tests::route_packages_reads_a_folded_block_scalar_command ... ok
test doctest_enforcement::tests::route_packages_reads_the_selection_out_of_the_gate_command ... ok
test staged::tests::absent_query_never_matches_a_differently_named_staged_path ... ok
test change_set::tests::test_resolve_change_set_staged_tree_empty_when_nothing_staged ... ok
test staged::tests::diff_base_derives_the_sha1_empty_tree_oid_on_unborn_head ... ok
test staged::tests::colon_prefixed_staged_paths_are_answered_literally ... ok
test staged::tests::list_staged_entries_parses_ls_tree_records ... ok
test staged::tests::diff_base_derives_the_sha256_empty_tree_oid_on_unborn_head ... ok
test staged::tests::malformed_ls_tree_records_are_instrument_failures_not_absence ... ok
test staged::tests::list_staged_entries_reads_git_mode_not_filesystem_mode ... ok
test staged::tests::read_staged_path_text_distinguishes_binary_from_absent ... ok
test staged::tests::read_staged_path_text_errors_on_a_genuinely_invalid_tree_oid ... ok
test staged::tests::read_staged_path_text_ignores_unstaged_working_tree_edits ... ok
test staged::tests::read_staged_path_text_reports_absent_for_a_path_that_was_never_staged ... ok
test staged::tests::read_staged_path_text_reports_absent_for_a_staged_deletion ... ok
test staged::tests::read_staged_path_text_sees_staged_content_the_working_tree_no_longer_has ... ok
test staged::tests::read_staged_path_text_with_pinned_oid_ignores_a_later_git_add ... ok
test staged::tests::staged_diff_paths_includes_a_staged_deletion ... ok
test staged::tests::staged_diff_paths_reflects_the_index_not_the_working_tree ... ok
test staged::tests::staged_diff_paths_includes_a_type_change_with_its_recorded_mode ... ok
test staged::tests::staged_diff_paths_works_against_an_unborn_sha256_head ... ok
test staged::tests::staged_diff_paths_with_pinned_oid_ignores_a_later_git_add ... ok
test staged::tests::staged_tree_oid_changes_with_the_index_not_the_working_tree ... ok
test tests::binary_path_points_at_debug_artifact_named_for_the_package ... ok
test tests::categorize_ignore_handles_punctuation_normalized_legacy_reasons ... ok
test tests::categorize_ignore_maps_documented_policy_buckets ... ok
test tests::extract_ignore_reason_handles_split_multiline_attributes ... ok
test tests::is_pre_release_only_tracks_dash_suffixes ... ok
test tests::is_rust_source_file_excludes_extensionless_files ... ok
test tests::source_paths_include_split_rust_modules ... ok
test tests::validate_version_format_accepts_stable_and_pre_release_versions ... ok
test tests::validate_version_format_rejects_malformed_versions ... ok
test tests::walk_rs_files_excludes_extensionless_and_non_rs_files ... ok
test version_sync::model::tests::bump_report_default_files_updated_is_zero ... ok
test version_sync::model::tests::bump_report_default_sites_total_is_zero ... ok
test version_sync::model::tests::bump_report_default_sites_unchanged_is_zero ... ok
test version_sync::model::tests::bump_report_default_sites_updated_is_zero ... ok
test version_sync::model::tests::bump_report_default_touched_files_is_empty ... ok
test version_sync::model::tests::version_site_channel_sets_channel_split_true ... ok
test version_sync::model::tests::version_site_channel_stores_description ... ok
test version_sync::model::tests::version_site_channel_stores_found ... ok
test version_sync::model::tests::version_site_channel_stores_line ... ok
test version_sync::model::tests::version_site_channel_stores_path ... ok
test version_sync::model::tests::version_site_new_sets_channel_split_false ... ok
test version_sync::model::tests::version_site_new_stores_description ... ok
test version_sync::model::tests::version_site_new_stores_found ... ok
test version_sync::model::tests::version_site_new_stores_line ... ok
test version_sync::model::tests::version_site_new_stores_path ... ok
test version_sync::tests::append_release_history_fails_when_no_prior_row_exists ... ok
test version_sync::tests::append_release_history_inserts_row_and_four_link_refs ... ok
test version_sync::tests::append_release_history_is_idempotent ... ok
test version_sync::tests::append_release_history_no_op_when_file_missing ... ok
test version_sync::tests::bare_version_re_matches_pre_release ... ok
test version_sync::tests::book_release_re_does_not_match_no_v_prefix ... ok
test version_sync::tests::book_release_re_matches_pre_release_version ... ok
test version_sync::tests::book_release_re_matches_v_prefixed_version ... ok
test version_sync::tests::check_rejects_product_and_implementation_package_version_drift ... ok
test version_sync::tests::claude_re_matches_pre_release_full_version ... ok
test version_sync::tests::collect_crate_cargo_toml_sites_scans_all_dependency_sections ... ok
test version_sync::tests::collect_doc_sites_discovers_book_introduction_version ... ok
test version_sync::tests::collect_doc_sites_discovers_copilot_instructions_version ... ok
test version_sync::tests::collect_doc_sites_discovers_flake_nix_version ... ok
test version_sync::tests::collect_doc_sites_skips_missing_book_introduction ... ok
test version_sync::tests::collect_doc_sites_skips_missing_copilot_instructions ... ok
test version_sync::tests::collect_doc_sites_skips_missing_flake_nix ... ok
test version_sync::tests::collect_sites_call_presence_observer ... ok
test version_sync::tests::collect_vscode_sites_ignores_transitive_lockfile_versions ... ok
test version_sync::tests::ensure_release_notes_scaffold_creates_file_when_absent ... ok
test version_sync::tests::ensure_release_notes_scaffold_is_idempotent ... ok
test version_sync::tests::ensure_release_notes_scaffold_no_op_when_releases_dir_absent ... ok
test staged::tests::type_changed_entry_is_present_and_never_staged_path_is_absent_when_pinned ... ok
test version_sync::tests::find_topmost_ledger_version_handles_pre_release ... ok
test version_sync::tests::find_topmost_ledger_version_picks_first_data_row ... ok
test version_sync::tests::flake_nix_re_does_not_match_toml_version_line ... ok
test version_sync::tests::flake_nix_re_matches_nix_version_line ... ok
test version_sync::tests::flake_nix_re_matches_pre_release_version ... ok
test version_sync::tests::is_pre_release_identifies_rc_versions ... ok
test version_sync::tests::iso_date_from_unix_days_boundary_discriminator ... ok
test version_sync::tests::pre_epoch_clock_is_converted_instead_of_defaulting_to_epoch ... ok
test version_sync::tests::rewrite_version_in_line_handles_pre_release_target ... ok
test version_sync::tests::rewrite_version_in_line_is_idempotent ... ok
test version_sync::tests::rewrite_version_in_line_leaves_unmatched_line_alone ... ok
test version_sync::tests::rewrite_version_in_line_replaces_only_target ... ok
test version_sync::tests::rewrite_version_in_line_stable_to_rc ... ok
test version_sync::tests::rewrite_version_in_line_updates_only_first_match ... ok
test version_sync::tests::today_iso_date_is_well_formed ... ok
test version_sync::tests::trailing_newline_suffix_preserves_expected_shape ... ok
test version_sync::tests::validate_version_format_accepts_pre_release_suffixes ... ok
test version_sync::tests::roadmap_workspace_re_matches_pre_release ... ok
test version_sync::tests::validate_version_format_accepts_semver ... ok
test version_sync::tests::validate_version_format_rejects_garbage ... ok
test version_sync::tests::vscode_sites_are_marked_channel_split ... ok
test version_sync::tests::workspace_dep_re_matches_pre_release ... ok
test version_sync::tests::workspace_dep_re_matches_single_quoted_path ... ok
test version_sync::validate::tests::invalid_empty_minor_part ... ok
test version_sync::validate::tests::invalid_empty_pre_release ... ok
test version_sync::validate::tests::invalid_empty_string ... ok
test version_sync::validate::tests::invalid_extra_dot_segment ... ok
test version_sync::validate::tests::invalid_leading_dot ... ok
test version_sync::validate::tests::invalid_missing_patch ... ok
test version_sync::validate::tests::invalid_non_numeric_all_parts ... ok
test version_sync::validate::tests::invalid_non_numeric_minor ... ok
test version_sync::validate::tests::invalid_only_major ... ok
test version_sync::validate::tests::invalid_pre_release_with_plus ... ok
test version_sync::validate::tests::invalid_pre_release_with_space ... ok
test version_sync::validate::tests::invalid_trailing_dot ... ok
test version_sync::validate::tests::is_pre_release_alpha_returns_true ... ok
test version_sync::validate::tests::is_pre_release_rc_returns_true ... ok
test version_sync::validate::tests::is_pre_release_stable_returns_false ... ok
test version_sync::validate::tests::is_pre_release_zero_stable_returns_false ... ok
test version_sync::validate::tests::valid_pre_release_alpha ... ok
test version_sync::validate::tests::valid_pre_release_beta_dot ... ok
test version_sync::validate::tests::valid_pre_release_rc1 ... ok
test version_sync::validate::tests::valid_pre_release_with_dash_separator ... ok
test version_sync::validate::tests::valid_stable_version ... ok
test version_sync::validate::tests::valid_stable_version_large_numbers ... ok
test version_sync::validate::tests::valid_stable_version_zeros ... ok

test result: ok. 155 passed; 0 failed; 0 ignored; 0 measured; 0 filtered out; finished in 0.71s

