
running 117 tests
test tasks::workflow_policy_lint::tests::cli_invocation_spellings_are_classified_by_what_they_run ... ok
test tasks::workflow_policy_lint::tests::commented_out_invocation_is_not_a_cli_claim ... ok
test tasks::workflow_policy_lint::tests::declared_pool_that_no_longer_resolves_is_an_error ... ok
test tasks::workflow_policy_lint::tests::declared_pr_controlled_self_hosted_job_is_clean ... ok
test tasks::workflow_policy_lint::tests::default_bin_long_package_and_continuations_are_cli_claims ... ok
test tasks::workflow_policy_lint::tests::echoed_invocation_is_not_a_cli_claim ... ok
test tasks::workflow_policy_lint::tests::event_name_exclusion_parser_accepts_trusted_event_refinements ... ok
test tasks::workflow_policy_lint::tests::fixture_inherited_job_write_fails ... ok
test tasks::workflow_policy_lint::tests::fixture_inherited_job_write_scoped_passes ... ok
test tasks::workflow_policy_lint::tests::fixture_inherited_job_write_single_job_passes ... ok
test tasks::workflow_policy_lint::tests::fixture_label_event_cancel_expression_fails ... ok
test tasks::workflow_policy_lint::tests::fixture_label_event_synchronize_cancel_passes ... ok
test tasks::workflow_policy_lint::tests::fixture_pr_target_checkout_head_fails ... ok
test tasks::workflow_policy_lint::tests::fixture_pull_request_job_write_fails ... ok
test tasks::workflow_policy_lint::tests::fixture_pull_request_read_only_passes ... ok
test tasks::workflow_policy_lint::tests::fixture_pull_request_with_scheduled_write_job_passes ... ok
test tasks::workflow_policy_lint::tests::fixture_pull_request_write_job_event_not_schedule_fails ... ok
test tasks::workflow_policy_lint::tests::fixture_pull_request_write_job_event_or_always_fails ... ok
test tasks::workflow_policy_lint::tests::fixture_pull_request_write_job_interpolated_event_fails ... ok
test tasks::workflow_policy_lint::tests::fixture_pull_request_write_job_parenthesized_trusted_or_passes ... ok
test tasks::workflow_policy_lint::tests::fixture_pull_request_write_job_refined_push_passes ... ok
test tasks::workflow_policy_lint::tests::fixture_pull_request_write_job_parenthesized_trusted_or_refined_passes ... ok
test tasks::workflow_policy_lint::tests::fixture_pull_request_write_job_refined_workflow_dispatch_passes ... ok
test tasks::workflow_policy_lint::tests::fixture_pull_request_write_job_unrelated_or_fails ... ok
test tasks::workflow_policy_lint::tests::fixture_write_all_fails ... ok
test tasks::workflow_policy_lint::tests::fully_excluded_matrix_value_is_not_covered ... ok
test tasks::workflow_policy_lint::tests::github_hosted_pr_job_is_not_covered ... ok
test tasks::workflow_policy_lint::tests::github_hosted_shapes_stay_out_of_scope ... ok
test tasks::workflow_policy_lint::tests::included_row_survives_an_exclusion_of_the_same_value ... ok
test tasks::workflow_policy_lint::tests::github_specific_pattern_syntax_is_not_counted_as_coverage ... ok
test tasks::workflow_policy_lint::tests::just_invocation_survives_assignment_and_wrapper_skip ... ok
test tasks::workflow_policy_lint::tests::just_recipe_recursion_is_bounded_and_typed ... ok
test tasks::workflow_policy_lint::tests::just_recipe_invocation_classification_matches_acceptance_ladder ... ok
test tasks::workflow_policy_lint::tests::lapsed_and_malformed_review_dates_are_rejected ... ok
test tasks::workflow_policy_lint::tests::load_project_justfile_prefers_justfile_falls_back_to_justfile ... ok
test tasks::workflow_policy_lint::tests::manual_only_job_in_a_mixed_trigger_workflow_needs_no_profile ... ok
test tasks::workflow_policy_lint::tests::manual_only_self_hosted_job_is_not_reported_orphaned ... ok
test tasks::workflow_policy_lint::tests::matrix_reference_without_a_declared_matrix_is_unresolved ... ok
test tasks::workflow_policy_lint::tests::matrix_of_github_hosted_labels_is_not_covered ... ok
test tasks::workflow_policy_lint::tests::matrix_selecting_self_hosted_requires_a_profile ... ok
test tasks::workflow_policy_lint::tests::merge_group_only_job_needs_no_profile ... ok
test tasks::workflow_policy_lint::tests::missing_lifecycle_and_surfaces_are_errors ... ok
test tasks::workflow_policy_lint::tests::missing_runtime_proof_owner_is_an_error ... ok
test tasks::workflow_policy_lint::tests::non_matrix_runner_expressions_are_unresolved ... ok
test tasks::workflow_policy_lint::tests::non_pr_controlled_triggers_are_not_covered ... ok
test tasks::workflow_policy_lint::tests::normalize_cx43_object_form ... ok
test tasks::workflow_policy_lint::tests::normalize_droid_review_sequence_form ... ok
test tasks::workflow_policy_lint::tests::normalize_cx53_object_form ... ok
test tasks::workflow_policy_lint::tests::normalize_matrix_expression_returns_none ... ok
test tasks::workflow_policy_lint::tests::normalize_object_without_known_labels_returns_none ... ok
test tasks::workflow_policy_lint::tests::normalize_rust_standard_capability_pool ... ok
test tasks::workflow_policy_lint::tests::normalize_sequence_returns_none ... ok
test tasks::workflow_policy_lint::tests::normalize_ubuntu_latest ... ok
test tasks::workflow_policy_lint::tests::normalize_ubuntu_24_04 ... ok
test tasks::workflow_policy_lint::tests::normalize_unknown_string_passthrough ... ok
test tasks::workflow_policy_lint::tests::normalize_windows_latest ... ok
test tasks::workflow_policy_lint::tests::normalize_workflow_nano_sequence_form ... ok
test tasks::workflow_policy_lint::tests::parse_justfile_accepts_minimal_recipe_shape ... ok
test tasks::workflow_policy_lint::tests::partially_excluded_matrix_value_still_requires_a_profile ... ok
test tasks::workflow_policy_lint::tests::profile_for_another_job_does_not_cover_this_one ... ok
test tasks::workflow_policy_lint::tests::profile_missing_workflow_or_job_is_reported_not_fatal ... ok
test tasks::workflow_policy_lint::tests::profile_is_current_on_its_review_date ... ok
test tasks::workflow_policy_lint::tests::quoted_separators_do_not_invent_cli_invocations ... ok
test tasks::workflow_policy_lint::tests::recipe_header_name_ignores_parameters_and_assignments ... ok
test tasks::workflow_policy_lint::tests::reusable_workflow_self_hosted_job_requires_a_profile ... ok
test tasks::workflow_policy_lint::tests::review_and_comment_triggers_are_pr_controlled ... ok
test tasks::workflow_policy_lint::tests::runner_check_mixed_short_circuits ... ok
test tasks::workflow_policy_lint::tests::runner_check_skips_lane_without_job_field ... ok
test tasks::workflow_policy_lint::tests::runner_check_skips_lane_without_runner_field ... ok
test tasks::workflow_policy_lint::tests::release_orchestration_grants_least_privilege ... ok
test tasks::workflow_policy_lint::tests::runner_check_skips_missing_workflow_file ... ok
test tasks::workflow_policy_lint::tests::runner_cx53_object_form_matches_self_hosted_cx53 ... ok
test tasks::workflow_policy_lint::tests::runner_drift_between_profile_and_job_is_an_error ... ok
test tasks::workflow_policy_lint::tests::runner_droid_paused_hosted_runner_matches_policy ... ok
test tasks::workflow_policy_lint::tests::runner_group_without_labels_is_unresolved ... ok
test tasks::workflow_policy_lint::tests::runner_group_with_unrecognised_labels_is_unresolved ... ok
test tasks::workflow_policy_lint::tests::runner_match_is_silent ... ok
test tasks::workflow_policy_lint::tests::runner_mismatch_fires_via_single_job_fallback ... ok
test tasks::workflow_policy_lint::tests::runner_mismatch_fires_when_runner_differs ... ok
test tasks::workflow_policy_lint::tests::runner_mixed_skips_check ... ok
test tasks::workflow_policy_lint::tests::self_hosted_label_match_is_case_insensitive ... ok
test tasks::workflow_policy_lint::tests::self_hosted_shapes_without_a_known_pool_still_require_a_profile ... ok
test tasks::workflow_policy_lint::tests::runner_mismatch_skipped_for_stale_ref_in_multi_job_workflow ... ok
test tasks::workflow_policy_lint::tests::shipped_tree_has_no_undeclared_or_orphaned_self_hosted_capacity ... ok
test tasks::workflow_policy_lint::tests::shipped_profiles_are_current_today ... ok
test tasks::workflow_policy_lint::tests::single_star_does_not_cross_a_path_separator ... ok
test tasks::workflow_policy_lint::tests::stale_check_fires_on_workflow_without_jobs_map ... ok
test tasks::workflow_policy_lint::tests::stale_check_skips_lane_without_job_field ... ok
test tasks::workflow_policy_lint::tests::stale_check_skips_missing_workflow_file ... ok
test tasks::workflow_policy_lint::tests::stale_job_fires_when_job_missing ... ok
test tasks::workflow_policy_lint::tests::undeclared_pr_controlled_self_hosted_job_is_an_error ... ok
test tasks::workflow_policy_lint::tests::unknown_lifecycle_is_an_error ... ok
test tasks::workflow_policy_lint::tests::unprovable_or_pr_reachable_conditions_still_require_a_profile ... ok
test tasks::workflow_policy_lint::tests::unresolvable_matrix_is_unresolved ... ok
test tasks::workflow_policy_lint::tests::unsupported_exclusion_is_reported_by_workflow_lint ... ok
test tasks::workflow_policy_lint::tests::unsupported_exclusions_invalidate_coverage_in_order ... ok
test tasks::workflow_policy_lint::tests::valid_job_is_silent ... ok
test tasks::workflow_policy_lint::tests::workflow_just_invocation_is_a_cli_claim_when_justfile_resolves_it ... ok
test tasks::workflow_policy_lint::tests::workflow_policy_explicit_root_overrides_unavailable_default ... ok
test tasks::workflow_policy_lint::tests::workflow_policy_fixture_has_no_repository_authority ... ok
test tasks::workflow_policy_lint::tests::workflow_policy_required_lane_input_preserves_advisory_and_isolation_rules ... ok
test tasks::workflow_policy_lint::tests::workflow_policy_unavailable_subject_replaces_stale_success ... ok
test tasks::workflow_policy_lint::tests::workflow_with_cyclic_just_recipe_reports_typed_finding ... ok
test tasks::workflow_policy_lint::tests::workflow_with_undefined_just_recipe_reports_typed_finding ... ok
test tasks::workflow_policy_lint::tests::wrapped_invocations_are_cli_claims ... ok
test tasks::workflow_policy_lint::tests::xtask_bin_invocation_is_not_a_cli_claim ... ok
test tasks::workflow_policy_lint::tests::xtask_cli_is_detected_through_tabs_and_bare_invocation ... ok
test tasks::workflow_policy_lint::tests::xtask_cli_partial_wiring_reports_only_the_missing_file ... ok
test tasks::workflow_policy_lint::tests::xtask_cli_paths_complete_wiring_passes ... ok
test tasks::workflow_policy_lint::tests::xtask_cli_paths_missing_wiring_is_reported ... ok
test tasks::workflow_policy_lint::tests::xtask_cli_wiring_excluded_by_negation_is_reported ... ok
test tasks::workflow_policy_lint::tests::xtask_cli_wiring_glob_must_actually_reach_the_file ... ok
test tasks::workflow_policy_lint::tests::xtask_cli_wiring_may_be_covered_by_a_glob ... ok
test tasks::workflow_policy_lint::tests::xtask_cli_wiring_obligation_is_per_trigger ... ok
test tasks::workflow_policy_lint::tests::xtask_cli_without_paths_filter_is_not_reported ... ok
test tasks::workflow_policy_lint::tests::xtask_test_invocation_is_not_a_cli_claim ... ok
test tasks::workflow_policy_lint::tests::shipped_workflows_enumerate_xtask_cli_wiring ... ok

test result: ok. 117 passed; 0 failed; 0 ignored; 0 measured; 4610 filtered out; finished in 0.07s

