cargo-admitted resources: {"worktree": "/workspace/perl-helper-current-main", "scope": {"hostname": "e6b3f4152dd5", "platform": "linux", "working_directory": "/workspace/perl-helper-current-main", "worktree": "/workspace/perl-helper-current-main", "operation": "clippy", "cargo_argv_sha256": "a64b837b9f4f75963f185babcaa429a811d52db7d3c3f305f7241bebc6731f37", "resources": {"target": "/workspace/perl-helper-current-proof/devplane/e6b3f4152dd5-linux-b65dcb543d0ae605/worktrees/61d81e4ef2af58e921a1387fd1456fc4cfbeb6ffba1e47c6eb2cbfd7a2574bec/target", "build": "/workspace/perl-helper-current-proof/devplane/e6b3f4152dd5-linux-b65dcb543d0ae605/worktrees/61d81e4ef2af58e921a1387fd1456fc4cfbeb6ffba1e47c6eb2cbfd7a2574bec/build", "cargo_home": "/workspace/.cloud-tools/cargo", "temp": "/workspace/perl-helper-current-proof/devplane/e6b3f4152dd5-linux-b65dcb543d0ae605/tmp"}, "jobs": 2, "build_environment_sha256": "91262c49dc4b1c1ef62676f5ae88dc18776fd970ed4a22a72afa9fa5f8984df7", "clippy_setup": {"toolchain": {"pin": "1.95.0", "host": "x86_64-unknown-linux-gnu", "root": "/workspace/.cloud-tools/rustup/toolchains/1.95.0-x86_64-unknown-linux-gnu", "subjects": {"cargo": {"path": "/workspace/.cloud-tools/rustup/toolchains/1.95.0-x86_64-unknown-linux-gnu/bin/cargo", "file_identity": [27, 9223372036855990353, 42185192, 1791598026210381703, 1791598026210381703], "sha256": "841072d1d92f9e841d9ba5b0814182a0adf064acf4527cd120967b7bc49dcb66"}, "rustc": {"path": "/workspace/.cloud-tools/rustup/toolchains/1.95.0-x86_64-unknown-linux-gnu/bin/rustc", "file_identity": [27, 9223372036855990374, 644784, 1791598031622568940, 1791598031622568940], "sha256": "bff349e72704ff70bc08a234a3847338e797065bbedde5e556808bc87b7bf7c6"}, "rustdoc": {"path": "/workspace/.cloud-tools/rustup/toolchains/1.95.0-x86_64-unknown-linux-gnu/bin/rustdoc", "file_identity": [27, 9223372036855990377, 13303096, 1791598031622568940, 1791598031622568940], "sha256": "e5144902aed6cf94280eae3ad7708da5bdd3819b5281728af432d0e70231439c"}, "cargo-clippy": {"path": "/workspace/.cloud-tools/rustup/toolchains/1.95.0-x86_64-unknown-linux-gnu/bin/cargo-clippy", "file_identity": [27, 9223372036855990356, 1263912, 1791598024930337418, 1791598024930337418], "sha256": "b71b1263063707608daa1e9b231ad9d87507c11d6aa178ede2b01d8372d5effb"}, "clippy-driver": {"path": "/workspace/.cloud-tools/rustup/toolchains/1.95.0-x86_64-unknown-linux-gnu/bin/clippy-driver", "file_identity": [27, 9223372036855990362, 20339280, 1791598024926337280, 1791598024926337280], "sha256": "81bd985ee50d78e9d8c5810f6ca836614d1bf95e0e8142f1ec5f42eb250ed729"}, "runtime-0": {"path": "/workspace/.cloud-tools/rustup/toolchains/1.95.0-x86_64-unknown-linux-gnu/lib/libLLVM-22-rust-1.95.0-stable.so", "file_identity": [27, 9223372036855990393, 42, 1791598033806644591, 1791598033806644591], "sha256": "044a388f61f18a07583a1126fa91c1288ecb0745f41a8369ec4a6b2acb9b51d3"}, "runtime-1": {"path": "/workspace/.cloud-tools/rustup/toolchains/1.95.0-x86_64-unknown-linux-gnu/lib/libLLVM.so.22.1-rust-1.95.0-stable", "file_identity": [27, 9223372036855990396, 199603328, 1791598033786643897, 1791598033786643897], "sha256": "f6a654c837c51bc2fc00f83d58318607b6f30fec364a00f09b6172129e591fb5"}, "runtime-2": {"path": "/workspace/.cloud-tools/rustup/toolchains/1.95.0-x86_64-unknown-linux-gnu/lib/librustc_driver-6108105cd7e839cf.so", "file_identity": [27, 9223372036855990399, 153621360, 1791598035634707964, 1791598035634707964], "sha256": "ae69468875215df490fde685ec1f1b969743482ba7e0251f4074a222606a5484"}}, "pin_subject": {"path": "/workspace/perl-helper-current-main/rust-toolchain.toml", "file_identity": [27, 1322885, 208, 1791644861604621045, 1791644861604621045], "sha256": "b1700c7278dac6172b28141c317a54a4dc2309c163644c0f3f48567541f00eaa"}}, "configuration": [{"path": "/workspace/perl-helper-current-main/.cargo/config.toml", "file_identity": [27, 1311285, 623, 1791644860958483355, 1791644860958483355], "sha256": "cc3d8bb15199fae945c24e509180bec2b2af75bd5d8f187be49156274a5c16df"}, {"path": "/workspace/perl-helper-current-main/clippy.toml", "file_identity": [27, 1313665, 558, 1791644861100429410, 1791644861100429410], "sha256": "3732aff14b6eeee0ba4756bdaf50197fe0d161bb7e89545332e1d3a7ff34208d"}], "renderer": {"path": "/workspace/perl-helper-current-main/scripts/cargo_admitted.py", "file_identity": [27, 1322986, 49103, 1791644861608321820, 1791644861608321820], "sha256": "840f179f1326cc32f0b112c2b2b2c597aca08b28b97f4ee1cbf1d1dd6b780f4a"}}}, "resources": {"target": "/workspace/perl-helper-current-proof/devplane/e6b3f4152dd5-linux-b65dcb543d0ae605/worktrees/61d81e4ef2af58e921a1387fd1456fc4cfbeb6ffba1e47c6eb2cbfd7a2574bec/target", "build": "/workspace/perl-helper-current-proof/devplane/e6b3f4152dd5-linux-b65dcb543d0ae605/worktrees/61d81e4ef2af58e921a1387fd1456fc4cfbeb6ffba1e47c6eb2cbfd7a2574bec/build", "cargo_home": "/workspace/.cloud-tools/cargo", "temp": "/workspace/perl-helper-current-proof/devplane/e6b3f4152dd5-linux-b65dcb543d0ae605/tmp"}, "lease": "/workspace/perl-helper-current-proof/devplane/e6b3f4152dd5-linux-b65dcb543d0ae605/cargo-active", "pid": 23559, "admission": {"policy": "budget-file", "reserve_bytes": 8589934592, "expected_total_growth_bytes": 2147483648, "evidence_reference": "/workspace/perl-helper-current-proof/fixture-test-budget-basis.txt", "basis_verified": false, "budget_sha256": "bd1f317eae3be982be1a1c3bf3b29b14669f276b9fcfeb380b12384495843aa3", "required_free_bytes": 10737418240, "destinations": [{"path": "/workspace/perl-helper-current-proof/devplane/e6b3f4152dd5-linux-b65dcb543d0ae605", "observed_ancestor": "/workspace/perl-helper-current-proof/devplane/e6b3f4152dd5-linux-b65dcb543d0ae605", "free_bytes": 24164007936, "required_free_bytes": 10737418240, "headroom_bytes": 13426589696}, {"path": "/workspace/perl-helper-current-proof/devplane/e6b3f4152dd5-linux-b65dcb543d0ae605/worktrees/61d81e4ef2af58e921a1387fd1456fc4cfbeb6ffba1e47c6eb2cbfd7a2574bec/target", "observed_ancestor": "/workspace/perl-helper-current-proof/devplane/e6b3f4152dd5-linux-b65dcb543d0ae605/worktrees/61d81e4ef2af58e921a1387fd1456fc4cfbeb6ffba1e47c6eb2cbfd7a2574bec/target", "free_bytes": 24164007936, "required_free_bytes": 10737418240, "headroom_bytes": 13426589696}, {"path": "/workspace/perl-helper-current-proof/devplane/e6b3f4152dd5-linux-b65dcb543d0ae605/worktrees/61d81e4ef2af58e921a1387fd1456fc4cfbeb6ffba1e47c6eb2cbfd7a2574bec/build", "observed_ancestor": "/workspace/perl-helper-current-proof/devplane/e6b3f4152dd5-linux-b65dcb543d0ae605/worktrees/61d81e4ef2af58e921a1387fd1456fc4cfbeb6ffba1e47c6eb2cbfd7a2574bec/build", "free_bytes": 24164007936, "required_free_bytes": 10737418240, "headroom_bytes": 13426589696}, {"path": "/workspace/.cloud-tools/cargo", "observed_ancestor": "/workspace/.cloud-tools/cargo", "free_bytes": 24164007936, "required_free_bytes": 10737418240, "headroom_bytes": 13426589696}, {"path": "/workspace/perl-helper-current-proof/devplane/e6b3f4152dd5-linux-b65dcb543d0ae605/tmp", "observed_ancestor": "/workspace/perl-helper-current-proof/devplane/e6b3f4152dd5-linux-b65dcb543d0ae605/tmp", "free_bytes": 24164007936, "required_free_bytes": 10737418240, "headroom_bytes": 13426589696}]}, "disposition": "retained with reason: reusable bounded slot", "lease_identity": [27, 1704303], "lease_marker": "/workspace/perl-helper-current-proof/devplane/e6b3f4152dd5-linux-b65dcb543d0ae605/cargo-active/owner-48b715426912404fb52734e86ffeefc8", "marker_identity": [27, 1704304]}
cargo-admitted Clippy tree: {"owner_pid": 23559, "subreaper": true, "prior_children": "none", "single_native_thread": true, "lease": "/workspace/perl-helper-current-proof/devplane/e6b3f4152dd5-linux-b65dcb543d0ae605/cargo-active"}
cargo-admitted Clippy setup: {"cargo": "cargo 1.95.0 (f2d3ce0bd 2026-03-21)", "rustc": "rustc 1.95.0 (59807616e 2026-04-14)\nbinary: rustc\ncommit-hash: 59807616e1fa2540724bfbac14d7976d7e4a3860\ncommit-date: 2026-04-14\nhost: x86_64-unknown-linux-gnu\nrelease: 1.95.0\nLLVM version: 22.1.2", "cargo-clippy": "clippy 0.1.95 (59807616e1 2026-04-14)", "clippy-driver": "clippy 0.1.95 (59807616e1 2026-04-14)"}
cargo-admitted Clippy launch: {"pid": 23584, "process_group": 23584, "session_inherited": false, "lease": "/workspace/perl-helper-current-proof/devplane/e6b3f4152dd5-linux-b65dcb543d0ae605/cargo-active", "host": "e6b3f4152dd5", "terminality": "awaiting owner verification"}
   Compiling libc v0.2.189
    Checking once_cell v1.21.4
    Checking cfg-if v1.0.4
    Checking memchr v2.8.3
   Compiling proc-macro2 v1.0.107
   Compiling serde_core v1.0.229
    Checking tracing-core v0.1.36
    Checking errno v0.3.14
    Checking lazy_static v1.5.0
   Compiling signal-hook v0.3.18
   Compiling quote v1.0.45
   Compiling unicode-ident v1.0.24
    Checking sharded-slab v0.1.7
    Checking signal-hook-registry v1.4.8
    Checking thread_local v1.1.9
   Compiling autocfg v1.5.0
    Checking utf8parse v0.2.2
   Compiling object v0.37.3
   Compiling owo-colors v4.3.0
    Checking pin-project-lite v0.2.17
    Checking tracing v0.1.44
    Checking anstyle-parse v1.0.0
   Compiling num-traits v0.2.19
    Checking tracing-subscriber v0.3.23
    Checking os_pipe v1.2.3
    Checking anstyle v1.0.14
   Compiling zmij v1.0.23
    Checking gimli v0.32.3
    Checking colorchoice v1.0.5
   Compiling color-spantrace v0.3.0
    Checking is_terminal_polyfill v1.70.2
    Checking anstyle-query v1.1.5
    Checking adler2 v2.0.1
   Compiling eyre v0.6.12
    Checking miniz_oxide v0.8.9
    Checking anstream v1.0.0
    Checking tracing-error v0.2.1
    Checking sigchld v0.2.4
   Compiling syn v3.0.5
    Checking addr2line v0.25.1
    Checking aho-corasick v1.1.4
    Checking strsim v0.11.1
    Checking clap_lex v1.1.0
    Checking indenter v0.3.4
   Compiling heck v0.5.0
    Checking rustc-demangle v0.1.27
   Compiling serde_json v1.0.151
    Checking regex-syntax v0.8.11
    Checking winnow v1.0.2
    Checking toml_parser v1.1.3+spec-1.1.0
    Checking backtrace v0.3.76
   Compiling clap_derive v4.6.4
    Checking regex-automata v0.4.16
    Checking clap_builder v4.6.6
    Checking shared_child v1.1.1
    Checking serde_spanned v1.1.1
    Checking toml_datetime v1.1.1+spec-1.1.0
   Compiling rustix v1.1.4
    Checking same-file v1.0.6
    Checking shared_thread v0.2.0
    Checking itoa v1.0.18
   Compiling getrandom v0.4.3
    Checking toml_writer v1.1.2+spec-1.1.0
    Checking iana-time-zone v0.1.65
    Checking chrono v0.4.45
    Checking toml v1.1.5+spec-1.1.0
    Checking duct v1.1.2
    Checking walkdir v2.5.0
    Checking clap v4.6.6
    Checking color-eyre v0.6.5
    Checking regex v1.13.1
    Checking bitflags v2.11.1
    Checking linux-raw-sys v0.12.1
    Checking fastrand v2.4.1
    Checking perl-ci-hygiene v0.17.0 (/workspace/perl-helper-current-main/crates/perl-ci-hygiene)
    Checking tempfile v3.27.0
    Checking perl-test-must v0.17.0 (/workspace/perl-helper-current-main/crates/perl-test-must)
    Finished `agent` profile [optimized + debuginfo] target(s) in 18.86s
cargo-admitted Clippy product: {"exit_code": 0, "lease": "/workspace/perl-helper-current-proof/devplane/e6b3f4152dd5-linux-b65dcb543d0ae605/cargo-active", "terminality": "awaiting owner verification", "lease_released": false}
cargo-admitted Clippy settlement: {"tree_settled": true, "proof": "kernel ECHILD (__WALL)", "cancelled": false, "termination_requested": false, "reaped_descendants": [], "owned_child_table_available": false, "errors": [], "pending_bound_pids": [], "reason": "all owned descendants reaped", "lease": "/workspace/perl-helper-current-proof/devplane/e6b3f4152dd5-linux-b65dcb543d0ae605/cargo-active", "lease_identity": [27, 1704303], "lease_marker": "/workspace/perl-helper-current-proof/devplane/e6b3f4152dd5-linux-b65dcb543d0ae605/cargo-active/owner-48b715426912404fb52734e86ffeefc8", "marker_identity": [27, 1704304], "lease_released": true}
