cargo-admitted resources: {"worktree": "/workspace/perl-helper-current-main", "scope": {"hostname": "e6b3f4152dd5", "platform": "linux", "working_directory": "/workspace/perl-helper-current-main", "worktree": "/workspace/perl-helper-current-main", "operation": "test", "cargo_argv_sha256": "f2b4012492a885174ae93d15ee2f87cd82136a64fd404228e5a59f8e145e3097", "resources": {"target": "/workspace/perl-helper-current-proof/devplane/e6b3f4152dd5-linux-b65dcb543d0ae605/worktrees/61d81e4ef2af58e921a1387fd1456fc4cfbeb6ffba1e47c6eb2cbfd7a2574bec/target", "build": "/workspace/perl-helper-current-proof/devplane/e6b3f4152dd5-linux-b65dcb543d0ae605/worktrees/61d81e4ef2af58e921a1387fd1456fc4cfbeb6ffba1e47c6eb2cbfd7a2574bec/build", "cargo_home": "/workspace/.cloud-tools/cargo", "temp": "/workspace/perl-helper-current-proof/devplane/e6b3f4152dd5-linux-b65dcb543d0ae605/tmp"}, "jobs": 2, "build_environment_sha256": "91262c49dc4b1c1ef62676f5ae88dc18776fd970ed4a22a72afa9fa5f8984df7"}, "resources": {"target": "/workspace/perl-helper-current-proof/devplane/e6b3f4152dd5-linux-b65dcb543d0ae605/worktrees/61d81e4ef2af58e921a1387fd1456fc4cfbeb6ffba1e47c6eb2cbfd7a2574bec/target", "build": "/workspace/perl-helper-current-proof/devplane/e6b3f4152dd5-linux-b65dcb543d0ae605/worktrees/61d81e4ef2af58e921a1387fd1456fc4cfbeb6ffba1e47c6eb2cbfd7a2574bec/build", "cargo_home": "/workspace/.cloud-tools/cargo", "temp": "/workspace/perl-helper-current-proof/devplane/e6b3f4152dd5-linux-b65dcb543d0ae605/tmp"}, "lease": "/workspace/perl-helper-current-proof/devplane/e6b3f4152dd5-linux-b65dcb543d0ae605/cargo-active", "pid": 21005, "admission": {"policy": "budget-file", "reserve_bytes": 8589934592, "expected_total_growth_bytes": 2147483648, "evidence_reference": "/workspace/perl-helper-current-proof/fixture-test-budget-basis.txt", "basis_verified": false, "budget_sha256": "6cee40fa202a5626c8a003ce15bb2c0cdaa6ec8b96f12121414500cdc3949d7e", "required_free_bytes": 10737418240, "destinations": [{"path": "/workspace/perl-helper-current-proof/devplane/e6b3f4152dd5-linux-b65dcb543d0ae605", "observed_ancestor": "/workspace/perl-helper-current-proof/devplane/e6b3f4152dd5-linux-b65dcb543d0ae605", "free_bytes": 24773111808, "required_free_bytes": 10737418240, "headroom_bytes": 14035693568}, {"path": "/workspace/perl-helper-current-proof/devplane/e6b3f4152dd5-linux-b65dcb543d0ae605/worktrees/61d81e4ef2af58e921a1387fd1456fc4cfbeb6ffba1e47c6eb2cbfd7a2574bec/target", "observed_ancestor": "/workspace/perl-helper-current-proof/devplane/e6b3f4152dd5-linux-b65dcb543d0ae605/worktrees/61d81e4ef2af58e921a1387fd1456fc4cfbeb6ffba1e47c6eb2cbfd7a2574bec/target", "free_bytes": 24773111808, "required_free_bytes": 10737418240, "headroom_bytes": 14035693568}, {"path": "/workspace/perl-helper-current-proof/devplane/e6b3f4152dd5-linux-b65dcb543d0ae605/worktrees/61d81e4ef2af58e921a1387fd1456fc4cfbeb6ffba1e47c6eb2cbfd7a2574bec/build", "observed_ancestor": "/workspace/perl-helper-current-proof/devplane/e6b3f4152dd5-linux-b65dcb543d0ae605/worktrees/61d81e4ef2af58e921a1387fd1456fc4cfbeb6ffba1e47c6eb2cbfd7a2574bec/build", "free_bytes": 24773111808, "required_free_bytes": 10737418240, "headroom_bytes": 14035693568}, {"path": "/workspace/.cloud-tools/cargo", "observed_ancestor": "/workspace/.cloud-tools/cargo", "free_bytes": 24773111808, "required_free_bytes": 10737418240, "headroom_bytes": 14035693568}, {"path": "/workspace/perl-helper-current-proof/devplane/e6b3f4152dd5-linux-b65dcb543d0ae605/tmp", "observed_ancestor": "/workspace/perl-helper-current-proof/devplane/e6b3f4152dd5-linux-b65dcb543d0ae605/tmp", "free_bytes": 24773111808, "required_free_bytes": 10737418240, "headroom_bytes": 14035693568}]}, "disposition": "retained with reason: reusable bounded slot", "lease_identity": [27, 1703948], "lease_marker": "/workspace/perl-helper-current-proof/devplane/e6b3f4152dd5-linux-b65dcb543d0ae605/cargo-active/owner-e2d26e81e7074b929a4a2e444dab083c", "marker_identity": [27, 1703949]}
cargo-admitted Cargo tree: {"owner_pid": 21005, "subreaper": true, "prior_children": "none", "single_native_thread": true, "lease": "/workspace/perl-helper-current-proof/devplane/e6b3f4152dd5-linux-b65dcb543d0ae605/cargo-active"}
cargo-admitted Cargo launch: {"pid": 21025, "process_group": 20960, "session_inherited": true, "lease": "/workspace/perl-helper-current-proof/devplane/e6b3f4152dd5-linux-b65dcb543d0ae605/cargo-active", "host": "e6b3f4152dd5", "terminality": "awaiting owner verification"}
   Compiling libc v0.2.189
   Compiling memchr v2.8.3
   Compiling serde_core v1.0.229
   Compiling errno v0.3.14
   Compiling signal-hook-registry v1.4.8
   Compiling num-traits v0.2.19
   Compiling tracing v0.1.44
   Compiling tracing-subscriber v0.3.23
   Compiling signal-hook v0.3.18
   Compiling os_pipe v1.2.3
   Compiling sigchld v0.2.4
   Compiling tracing-error v0.2.1
   Compiling object v0.37.3
   Compiling aho-corasick v1.1.4
   Compiling getrandom v0.4.3
   Compiling rustix v1.1.4
   Compiling serde_json v1.0.151
   Compiling backtrace v0.3.76
   Compiling regex-automata v0.4.16
   Compiling color-spantrace v0.3.0
   Compiling shared_child v1.1.1
   Compiling serde_spanned v1.1.1
   Compiling toml_datetime v1.1.1+spec-1.1.0
   Compiling linux-raw-sys v0.12.1
   Compiling chrono v0.4.45
   Compiling toml v1.1.5+spec-1.1.0
   Compiling duct v1.1.2
   Compiling syn v3.0.5
   Compiling regex v1.13.1
   Compiling color-eyre v0.6.5
   Compiling tempfile v3.27.0
   Compiling perl-ci-hygiene v0.17.0 (/workspace/perl-helper-current-main/crates/perl-ci-hygiene)
    Finished `test` profile [optimized + debuginfo] target(s) in 48.01s
     Running unittests src/main.rs (/workspace/perl-helper-current-proof/devplane/e6b3f4152dd5-linux-b65dcb543d0ae605/worktrees/61d81e4ef2af58e921a1387fd1456fc4cfbeb6ffba1e47c6eb2cbfd7a2574bec/build/debug/deps/perl_ci_hygiene-645ee15a732c9daa)
cargo-admitted Cargo product: {"exit_code": 0, "lease": "/workspace/perl-helper-current-proof/devplane/e6b3f4152dd5-linux-b65dcb543d0ae605/cargo-active", "terminality": "awaiting owner verification", "lease_released": false}
cargo-admitted Cargo settlement: {"tree_settled": true, "proof": "kernel ECHILD (__WALL)", "cancelled": false, "termination_requested": false, "reaped_descendants": [], "owned_child_table_available": false, "errors": [], "pending_bound_pids": [], "reason": "all owned descendants reaped", "lease": "/workspace/perl-helper-current-proof/devplane/e6b3f4152dd5-linux-b65dcb543d0ae605/cargo-active", "lease_identity": [27, 1703948], "lease_marker": "/workspace/perl-helper-current-proof/devplane/e6b3f4152dd5-linux-b65dcb543d0ae605/cargo-active/owner-e2d26e81e7074b929a4a2e444dab083c", "marker_identity": [27, 1703949], "lease_released": true}
