---
source: crates/tree-sitter-perl-rs/tests/snapshots.rs
expression: sexp
---
(source_file (statements (my_declaration (declarator my) (variable (variable (sigil $) (name x))) (initializer (number (value 3))))) (statements (statement_modifier_if (modifier if) (statement (expression_statement (expression (call (name print) (args (string_interpolated (value "\"odd\\n\"") (interpolated true))))))) (condition (binary_% (op %) (left (variable (sigil $) (name x))) (right (number (value 2))))))))
