---
source: crates/tree-sitter-perl-rs/tests/snapshots.rs
expression: sexp
---
(source_file (statements (sub (name foo) (body (block (statements (return (value (binary_+ (op +) (left (binary_[] (op []) (left (variable (sigil $) (name _))) (right (number (value 0))))) (right (number (value 1))))))))))))
