---
source: crates/tree-sitter-perl-rs/tests/snapshots.rs
expression: sexp
---
(source_file (statements (sub (name outer) (body (block (statements (if (condition (number (value 1))) (then_branch (block (statements (while (condition (number (value 1))) (body (block (statements (last (op last))))))))))))))))
