---
source: crates/perl-lsp-rs-core/tests/diag_snap.rs
assertion_line: 154
expression: snapshot
---
PL200 | Warning | (0, 0) | This file has no package declaration. Add 'package MyModule;' to declare the package namespace. | Add 'package MyModule;' at the top of the file
PL700 | Hint | (26, 40) | Module 'File::Spec' appears to be unused | Remove 'use File::Spec;' if it is not needed
