Owning fixture harness preserved: {"path": "/tmp/nested-owner-proof-8nz3ppav/slot/worktrees/candidate/temp/disallowed-fields-owning-70567", "sha256": "b4fa9357dddd4be79bd2bdb61d70ed47a3a91e2c3e733d63bbddce08d5dc3f74"}
{"reason": "compiler-message", "manifest_path": "/tmp/nested-owner-proof-x9vd6dyr/slot/worktrees/candidate/temp/disallowed-fields-17479/Cargo.toml", "target": {"src_path": "/tmp/nested-owner-proof-x9vd6dyr/slot/worktrees/candidate/temp/disallowed-fields-17479/src/lib.rs"}, "message": {"code": {"code": "clippy::disallowed_fields"}, "level": "error", "spans": [{"is_primary": true, "file_name": "src/lib.rs", "line_start": 4}]}}
{"reason": "build-finished", "success": false}
running 1 test
test tasks::check_lint_policy::tests::config::disallowed_fields::configured_field_is_rejected_by_clippy ... ok

test result: ok. 1 passed; 0 failed; 0 ignored; 0 measured; 99 filtered out; finished in 0.02s
running 1 test
test other ... ok

test result: ok. 1 passed; 0 failed; 0 ignored; 0 measured; 99 filtered out; finished in 0.02s
running 1 test
test tasks::check_lint_policy::tests::config::disallowed_fields::configured_field_is_rejected_by_clippy ... ok

test result: ok. 0 passed; 0 failed; 0 ignored; 0 measured; 99 filtered out; finished in 0.02s
running 1 test
test tasks::check_lint_policy::tests::config::disallowed_fields::configured_field_is_rejected_by_clippy ... ignored

test result: ok. 1 passed; 0 failed; 0 ignored; 0 measured; 99 filtered out; finished in 0.02s
running 0 tests
test tasks::check_lint_policy::tests::config::disallowed_fields::configured_field_is_rejected_by_clippy ... ok

test result: ok. 1 passed; 0 failed; 0 ignored; 0 measured; 99 filtered out; finished in 0.02s
{"prepared": "/tmp/nested-owner-proof-es7wmxyy/slot/worktrees/candidate/temp/jsonrpc-17479", "compiler_launched": false, "lock_generated": false}
Owning fixture harness preserved: {"path": "/tmp/nested-owner-proof-es7wmxyy/slot/worktrees/candidate/temp/jsonrpc-owning-70567", "sha256": "8f7cd3e7ca059c5438a49e07cc8f445ed3ba797065690d321326ef46a9d4da74"}
{"prepared": "/tmp/nested-owner-proof-v_4adrl9/slot/worktrees/candidate/temp/jsonrpc-17479", "compiler_launched": false, "lock_generated": false}
Locking reviewed packages
error[E0432]: unresolved import `perl_parser_core`
 --> src/lib.rs:7:13
{"prepared": "/tmp/nested-owner-proof-wh54ztxv/slot/worktrees/candidate/temp/jsonrpc-17479", "compiler_launched": false, "lock_generated": false}
{"prepared": "/tmp/nested-owner-proof-m0zpfhxu/slot/worktrees/candidate/temp/jsonrpc-17479", "compiler_launched": false, "lock_generated": false}
{"prepared": "/tmp/nested-owner-proof-clz_u3zd/slot/worktrees/candidate/temp/jsonrpc-17479", "compiler_launched": false, "lock_generated": false}
Locking reviewed packages
{"prepared": "/tmp/nested-owner-proof-nvlkpfdp/slot/worktrees/candidate/temp/jsonrpc-17479", "compiler_launched": false, "lock_generated": false}
Locking reviewed packages
{"prepared": "/tmp/nested-owner-proof-ab_raa8q/slot/worktrees/candidate/temp/jsonrpc-17479", "compiler_launched": false, "lock_generated": false}
Locking reviewed packages
{"prepared": "/tmp/nested-owner-proof-u31yi6cg/slot/worktrees/candidate/temp/jsonrpc-17479", "compiler_launched": false, "lock_generated": false}
{"prepared": "/tmp/nested-owner-proof-h9tmcvbs/slot/worktrees/candidate/temp/jsonrpc-17479", "compiler_launched": false, "lock_generated": false}
Locking reviewed packages
{"prepared": "/tmp/nested-owner-proof-n5l13nqt/slot/worktrees/candidate/temp/jsonrpc-17479", "compiler_launched": false, "lock_generated": false}
running 2 tests
test jsonrpc_model_is_dependency_closed_and_rejects_indirect_perl_taxonomy ... ok
test probe_lock_rejects_path_git_and_unreviewed_registry_sources ... ok
test result: ok. 2 passed; 0 failed; 0 ignored; 0 measured; 0 filtered out; finished in 0.01s
Locking reviewed packages
error[E0432]: unresolved import `perl_parser_core`
 --> src/lib.rs:7:13
running 2 tests
test jsonrpc_model_is_dependency_closed_and_rejects_indirect_perl_taxonomy ... ok
test probe_lock_rejects_path_git_and_unreviewed_registry_sources ... ok
test result: ok. 2 passed; 0 failed; 0 ignored; 0 measured; 0 filtered out; finished in 0.01s
{"prepared": "/tmp/nested-owner-proof-k3ayzjzw/slot/worktrees/candidate/temp/jsonrpc-17479", "compiler_launched": false, "lock_generated": false}
{"prepared": "/tmp/nested-owner-proof-hv_nrnmj/slot/worktrees/candidate/temp/jsonrpc-17479", "compiler_launched": false, "lock_generated": false}
Owning fixture harness preserved: {"path": "/tmp/nested-owner-proof-tuku6p1_/slot/worktrees/candidate/temp/lock-remaining-owning-70567", "sha256": "3f90725911778d18bbd9bc4924621a7f00113269d9bc41efc06bea88355ed7ff"}
running 5 tests
test tasks::check_lint_policy::tests::lock_partition::clippy_row_covers_parking_lot_guards_and_not_standard_library ... ok
test tasks::check_lint_policy::tests::lock_partition::discards_outside_the_governed_forms_are_covered_by_neither_row ... ok
test tasks::check_lint_policy::tests::lock_partition::explicit_drop_discards_are_covered_by_no_clippy_lint_at_any_level ... ok
test tasks::check_lint_policy::tests::lock_partition::let_underscore_must_use_owns_owned_and_mapped_guard_discards ... ok
test tasks::check_lint_policy::tests::lock_partition::rustc_row_covers_standard_library_guards_and_not_parking_lot ... ok

test result: ok. 5 passed; 0 failed; 0 ignored; 0 measured; 4787 filtered out; finished in 2.5s
running 5 tests
test tasks::check_lint_policy::tests::lock_partition::discards_outside_the_governed_forms_are_covered_by_neither_row ... ok
test tasks::check_lint_policy::tests::lock_partition::discards_outside_the_governed_forms_are_covered_by_neither_row ... ok
test tasks::check_lint_policy::tests::lock_partition::explicit_drop_discards_are_covered_by_no_clippy_lint_at_any_level ... ok
test tasks::check_lint_policy::tests::lock_partition::let_underscore_must_use_owns_owned_and_mapped_guard_discards ... ok
test tasks::check_lint_policy::tests::lock_partition::rustc_row_covers_standard_library_guards_and_not_parking_lot ... ok

test result: ok. 5 passed; 0 failed; 0 ignored; 0 measured; 4787 filtered out; finished in 2.5s
running 5 tests
test another_test ... ok
test tasks::check_lint_policy::tests::lock_partition::discards_outside_the_governed_forms_are_covered_by_neither_row ... ok
test tasks::check_lint_policy::tests::lock_partition::explicit_drop_discards_are_covered_by_no_clippy_lint_at_any_level ... ok
test tasks::check_lint_policy::tests::lock_partition::let_underscore_must_use_owns_owned_and_mapped_guard_discards ... ok
test tasks::check_lint_policy::tests::lock_partition::rustc_row_covers_standard_library_guards_and_not_parking_lot ... ok

test result: ok. 5 passed; 0 failed; 0 ignored; 0 measured; 4787 filtered out; finished in 2.5s
running 5 tests
test tasks::check_lint_policy::tests::lock_partition::clippy_row_covers_parking_lot_guards_and_not_standard_library ... ok
test tasks::check_lint_policy::tests::lock_partition::discards_outside_the_governed_forms_are_covered_by_neither_row ... ok
test tasks::check_lint_policy::tests::lock_partition::explicit_drop_discards_are_covered_by_no_clippy_lint_at_any_level ... ok
test tasks::check_lint_policy::tests::lock_partition::let_underscore_must_use_owns_owned_and_mapped_guard_discards ... ok
test tasks::check_lint_policy::tests::lock_partition::rustc_row_covers_standard_library_guards_and_not_parking_lot ... ok

test result: ok. 4 passed; 0 failed; 0 ignored; 0 measured; 4787 filtered out; finished in 2.5s
running 5 tests
test tasks::check_lint_policy::tests::lock_partition::clippy_row_covers_parking_lot_guards_and_not_standard_library ... ok
test tasks::check_lint_policy::tests::lock_partition::discards_outside_the_governed_forms_are_covered_by_neither_row ... ok
test tasks::check_lint_policy::tests::lock_partition::explicit_drop_discards_are_covered_by_no_clippy_lint_at_any_level ... ok
test tasks::check_lint_policy::tests::lock_partition::let_underscore_must_use_owns_owned_and_mapped_guard_discards ... ok
test tasks::check_lint_policy::tests::lock_partition::rustc_row_covers_standard_library_guards_and_not_parking_lot ... ok

test result: ok. 5 passed; 0 failed; 1 ignored; 0 measured; 4787 filtered out; finished in 2.5s
running 6 tests
test tasks::check_lint_policy::tests::lock_partition::clippy_row_covers_parking_lot_guards_and_not_standard_library ... ok
test tasks::check_lint_policy::tests::lock_partition::discards_outside_the_governed_forms_are_covered_by_neither_row ... ok
test tasks::check_lint_policy::tests::lock_partition::explicit_drop_discards_are_covered_by_no_clippy_lint_at_any_level ... ok
test tasks::check_lint_policy::tests::lock_partition::let_underscore_must_use_owns_owned_and_mapped_guard_discards ... ok
test tasks::check_lint_policy::tests::lock_partition::rustc_row_covers_standard_library_guards_and_not_parking_lot ... ok

test result: ok. 5 passed; 0 failed; 0 ignored; 0 measured; 4787 filtered out; finished in 2.5s
running 5 tests
test tasks::check_lint_policy::tests::lock_partition::clippy_row_covers_parking_lot_guards_and_not_standard_library ... ok
test tasks::check_lint_policy::tests::lock_partition::discards_outside_the_governed_forms_are_covered_by_neither_row ... ok
test tasks::check_lint_policy::tests::lock_partition::explicit_drop_discards_are_covered_by_no_clippy_lint_at_any_level ... ok
test tasks::check_lint_policy::tests::lock_partition::let_underscore_must_use_owns_owned_and_mapped_guard_discards ... ok
test tasks::check_lint_policy::tests::lock_partition::rustc_row_covers_standard_library_guards_and_not_parking_lot ... ok

test result: ok. 5 passed; 0 failed; 0 ignored; 0 measured; 4787 filtered out; finished in 2.5s
test extra ... ok
{"reason": "compiler-message", "manifest_path": "/tmp/nested-owner-proof-713bldcj/slot/worktrees/candidate/temp/lock-union-17479/Cargo.toml", "target": {"src_path": "/tmp/nested-owner-proof-713bldcj/slot/worktrees/candidate/temp/lock-union-17479/src/lib.rs"}, "message": {"code": {"code": "let_underscore_lock"}, "level": "warning", "spans": [{"is_primary": true, "file_name": "src/lib.rs", "line_start": 5, "text": [{"text": "    let _ = dropped_std_mutex.lock();"}]}]}}
{"reason": "compiler-message", "manifest_path": "/tmp/nested-owner-proof-713bldcj/slot/worktrees/candidate/temp/lock-union-17479/Cargo.toml", "target": {"src_path": "/tmp/nested-owner-proof-713bldcj/slot/worktrees/candidate/temp/lock-union-17479/src/lib.rs"}, "message": {"code": {"code": "let_underscore_lock"}, "level": "warning", "spans": [{"is_primary": true, "file_name": "src/lib.rs", "line_start": 6, "text": [{"text": "    let _ = dropped_std_rwlock.read();"}]}]}}
{"reason": "compiler-message", "manifest_path": "/tmp/nested-owner-proof-713bldcj/slot/worktrees/candidate/temp/lock-union-17479/Cargo.toml", "target": {"src_path": "/tmp/nested-owner-proof-713bldcj/slot/worktrees/candidate/temp/lock-union-17479/src/lib.rs"}, "message": {"code": {"code": "clippy::let_underscore_lock"}, "level": "warning", "spans": [{"is_primary": true, "file_name": "src/lib.rs", "line_start": 10, "text": [{"text": "    let _ = dropped_pl_mutex.lock();"}]}]}}
{"reason": "compiler-message", "manifest_path": "/tmp/nested-owner-proof-713bldcj/slot/worktrees/candidate/temp/lock-union-17479/Cargo.toml", "target": {"src_path": "/tmp/nested-owner-proof-713bldcj/slot/worktrees/candidate/temp/lock-union-17479/src/lib.rs"}, "message": {"code": {"code": "clippy::let_underscore_lock"}, "level": "warning", "spans": [{"is_primary": true, "file_name": "src/lib.rs", "line_start": 11, "text": [{"text": "    let _ = dropped_pl_rwlock.write();"}]}]}}
{"reason": "build-finished", "success": true}
{"reason": "compiler-message", "manifest_path": "/tmp/nested-owner-proof-713bldcj/slot/worktrees/candidate/temp/lock-union-17479/Cargo.toml", "target": {"src_path": "/tmp/nested-owner-proof-713bldcj/slot/worktrees/candidate/temp/lock-union-17479/src/lib.rs"}, "message": {"code": {"code": "let_underscore_lock"}, "level": "warning", "spans": [{"is_primary": true, "file_name": "src/lib.rs", "line_start": 5, "text": [{"text": "    let _ = dropped_std_mutex.lock();"}]}]}}
{"reason": "compiler-message", "manifest_path": "/tmp/nested-owner-proof-713bldcj/slot/worktrees/candidate/temp/lock-union-17479/Cargo.toml", "target": {"src_path": "/tmp/nested-owner-proof-713bldcj/slot/worktrees/candidate/temp/lock-union-17479/src/lib.rs"}, "message": {"code": {"code": "let_underscore_lock"}, "level": "warning", "spans": [{"is_primary": true, "file_name": "src/lib.rs", "line_start": 6, "text": [{"text": "    let _ = dropped_std_rwlock.read();"}]}]}}
{"reason": "build-finished", "success": true}
{"reason": "compiler-message", "manifest_path": "/tmp/nested-owner-proof-713bldcj/slot/worktrees/candidate/temp/lock-union-17479/Cargo.toml", "target": {"src_path": "/tmp/nested-owner-proof-713bldcj/slot/worktrees/candidate/temp/lock-union-17479/src/lib.rs"}, "message": {"code": {"code": "clippy::let_underscore_lock"}, "level": "warning", "spans": [{"is_primary": true, "file_name": "src/lib.rs", "line_start": 10, "text": [{"text": "    let _ = dropped_pl_mutex.lock();"}]}]}}
{"reason": "compiler-message", "manifest_path": "/tmp/nested-owner-proof-713bldcj/slot/worktrees/candidate/temp/lock-union-17479/Cargo.toml", "target": {"src_path": "/tmp/nested-owner-proof-713bldcj/slot/worktrees/candidate/temp/lock-union-17479/src/lib.rs"}, "message": {"code": {"code": "clippy::let_underscore_lock"}, "level": "warning", "spans": [{"is_primary": true, "file_name": "src/lib.rs", "line_start": 11, "text": [{"text": "    let _ = dropped_pl_rwlock.write();"}]}]}}
{"reason": "build-finished", "success": true}
{"reason": "compiler-message", "manifest_path": "/tmp/nested-owner-proof-713bldcj/slot/worktrees/candidate/temp/lock-union-17479/Cargo.toml", "target": {"src_path": "/tmp/nested-owner-proof-713bldcj/slot/worktrees/candidate/temp/lock-union-17479/src/lib.rs"}, "message": {"code": {"code": "clippy::let_underscore_must_use"}, "level": "warning", "spans": [{"is_primary": true, "file_name": "src/lib.rs", "line_start": 15, "text": [{"text": "    let _ = dropped_arc_mutex.lock_arc();"}]}]}}
{"reason": "compiler-message", "manifest_path": "/tmp/nested-owner-proof-713bldcj/slot/worktrees/candidate/temp/lock-union-17479/Cargo.toml", "target": {"src_path": "/tmp/nested-owner-proof-713bldcj/slot/worktrees/candidate/temp/lock-union-17479/src/lib.rs"}, "message": {"code": {"code": "clippy::let_underscore_must_use"}, "level": "warning", "spans": [{"is_primary": true, "file_name": "src/lib.rs", "line_start": 16, "text": [{"text": "    let _ = dropped_arc_rwlock.write_arc();"}]}]}}
{"reason": "compiler-message", "manifest_path": "/tmp/nested-owner-proof-713bldcj/slot/worktrees/candidate/temp/lock-union-17479/Cargo.toml", "target": {"src_path": "/tmp/nested-owner-proof-713bldcj/slot/worktrees/candidate/temp/lock-union-17479/src/lib.rs"}, "message": {"code": {"code": "clippy::let_underscore_must_use"}, "level": "warning", "spans": [{"is_primary": true, "file_name": "src/lib.rs", "line_start": 26, "text": [{"text": "    let _ = PlMutexGuard::map(dropped_mapped_pl_guard, |value| &mut value.0);"}]}]}}
{"reason": "build-finished", "success": true}
{"reason": "compiler-message", "manifest_path": "/tmp/nested-owner-proof-713bldcj/slot/worktrees/candidate/temp/lock-union-17479/Cargo.toml", "target": {"src_path": "/tmp/nested-owner-proof-713bldcj/slot/worktrees/candidate/temp/lock-union-17479/src/lib.rs"}, "message": {"code": {"code": "let_underscore_lock"}, "level": "warning", "spans": [{"is_primary": true, "file_name": "src/lib.rs", "line_start": 5, "text": [{"text": "    let _ = dropped_std_mutex.lock();"}]}]}}
{"reason": "compiler-message", "manifest_path": "/tmp/nested-owner-proof-713bldcj/slot/worktrees/candidate/temp/lock-union-17479/Cargo.toml", "target": {"src_path": "/tmp/nested-owner-proof-713bldcj/slot/worktrees/candidate/temp/lock-union-17479/src/lib.rs"}, "message": {"code": {"code": "let_underscore_lock"}, "level": "warning", "spans": [{"is_primary": true, "file_name": "src/lib.rs", "line_start": 6, "text": [{"text": "    let _ = dropped_std_rwlock.read();"}]}]}}
{"reason": "compiler-message", "manifest_path": "/tmp/nested-owner-proof-713bldcj/slot/worktrees/candidate/temp/lock-union-17479/Cargo.toml", "target": {"src_path": "/tmp/nested-owner-proof-713bldcj/slot/worktrees/candidate/temp/lock-union-17479/src/lib.rs"}, "message": {"code": {"code": "clippy::let_underscore_lock"}, "level": "warning", "spans": [{"is_primary": true, "file_name": "src/lib.rs", "line_start": 10, "text": [{"text": "    let _ = dropped_pl_mutex.lock();"}]}]}}
{"reason": "compiler-message", "manifest_path": "/tmp/nested-owner-proof-713bldcj/slot/worktrees/candidate/temp/lock-union-17479/Cargo.toml", "target": {"src_path": "/tmp/nested-owner-proof-713bldcj/slot/worktrees/candidate/temp/lock-union-17479/src/lib.rs"}, "message": {"code": {"code": "clippy::let_underscore_lock"}, "level": "warning", "spans": [{"is_primary": true, "file_name": "src/lib.rs", "line_start": 11, "text": [{"text": "    let _ = dropped_pl_rwlock.write();"}]}]}}
{"reason": "compiler-message", "manifest_path": "/tmp/nested-owner-proof-713bldcj/slot/worktrees/candidate/temp/lock-union-17479/Cargo.toml", "target": {"src_path": "/tmp/nested-owner-proof-713bldcj/slot/worktrees/candidate/temp/lock-union-17479/src/lib.rs"}, "message": {"code": {"code": "clippy::let_underscore_must_use"}, "level": "warning", "spans": [{"is_primary": true, "file_name": "src/lib.rs", "line_start": 15, "text": [{"text": "    let _ = dropped_arc_mutex.lock_arc();"}]}]}}
{"reason": "compiler-message", "manifest_path": "/tmp/nested-owner-proof-713bldcj/slot/worktrees/candidate/temp/lock-union-17479/Cargo.toml", "target": {"src_path": "/tmp/nested-owner-proof-713bldcj/slot/worktrees/candidate/temp/lock-union-17479/src/lib.rs"}, "message": {"code": {"code": "clippy::let_underscore_must_use"}, "level": "warning", "spans": [{"is_primary": true, "file_name": "src/lib.rs", "line_start": 16, "text": [{"text": "    let _ = dropped_arc_rwlock.write_arc();"}]}]}}
{"reason": "compiler-message", "manifest_path": "/tmp/nested-owner-proof-713bldcj/slot/worktrees/candidate/temp/lock-union-17479/Cargo.toml", "target": {"src_path": "/tmp/nested-owner-proof-713bldcj/slot/worktrees/candidate/temp/lock-union-17479/src/lib.rs"}, "message": {"code": {"code": "clippy::let_underscore_must_use"}, "level": "warning", "spans": [{"is_primary": true, "file_name": "src/lib.rs", "line_start": 26, "text": [{"text": "    let _ = PlMutexGuard::map(dropped_mapped_pl_guard, |value| &mut value.0);"}]}]}}
{"reason": "build-finished", "success": true}
{"reason": "compiler-message", "manifest_path": "/tmp/nested-owner-proof-zxmchr30/slot/worktrees/candidate/temp/lock-union-17479/Cargo.toml", "target": {"src_path": "/tmp/nested-owner-proof-zxmchr30/slot/worktrees/candidate/temp/lock-union-17479/src/lib.rs"}, "message": {"level": "warning", "code": {"code": "let_underscore_lock"}, "spans": [{"is_primary": true, "file_name": "src/lib.rs", "line_start": 5, "text": [{"text": "    let _ = dropped_std_mutex.lock();"}]}]}}
{"reason": "compiler-message", "manifest_path": "/tmp/nested-owner-proof-zxmchr30/slot/worktrees/candidate/temp/lock-union-17479/Cargo.toml", "target": {"src_path": "/tmp/nested-owner-proof-zxmchr30/slot/worktrees/candidate/temp/lock-union-17479/src/lib.rs"}, "message": {"level": "warning", "code": {"code": "let_underscore_lock"}, "spans": [{"is_primary": true, "file_name": "src/lib.rs", "line_start": 6, "text": [{"text": "    let _ = dropped_std_rwlock.read();"}]}]}}
{"reason": "compiler-message", "manifest_path": "/tmp/nested-owner-proof-zxmchr30/slot/worktrees/candidate/temp/lock-union-17479/Cargo.toml", "target": {"src_path": "/tmp/nested-owner-proof-zxmchr30/slot/worktrees/candidate/temp/lock-union-17479/src/lib.rs"}, "message": {"level": "warning", "code": {"code": "clippy::let_underscore_lock"}, "spans": [{"is_primary": true, "file_name": "src/lib.rs", "line_start": 10, "text": [{"text": "    let _ = dropped_pl_mutex.lock();"}]}]}}
{"reason": "compiler-message", "manifest_path": "/tmp/nested-owner-proof-zxmchr30/slot/worktrees/candidate/temp/lock-union-17479/Cargo.toml", "target": {"src_path": "/tmp/nested-owner-proof-zxmchr30/slot/worktrees/candidate/temp/lock-union-17479/src/lib.rs"}, "message": {"level": "warning", "code": {"code": "clippy::let_underscore_lock"}, "spans": [{"is_primary": true, "file_name": "src/lib.rs", "line_start": 11, "text": [{"text": "    let _ = dropped_pl_rwlock.write();"}]}]}}
{"reason": "build-finished", "success": true}
running 1 test
test tasks::check_lint_policy::tests::lock_partition::the_two_rows_jointly_cover_every_borrowed_guard_discard ... ok

test result: ok. 1 passed; 0 failed; 0 ignored; 0 measured; 4791 filtered out; finished in 0.93s
running 1 test
test another_test ... ok

test result: ok. 1 passed; 0 failed; 0 ignored; 0 measured; 4791 filtered out; finished in 0.93s
running 1 test
test tasks::check_lint_policy::tests::lock_partition::the_two_rows_jointly_cover_every_borrowed_guard_discard ... ok

test result: ok. 0 passed; 0 failed; 0 ignored; 0 measured; 4791 filtered out; finished in 0.93s
running 1 test
test tasks::check_lint_policy::tests::lock_partition::the_two_rows_jointly_cover_every_borrowed_guard_discard ... ok

test result: ok. 1 passed; 0 failed; 1 ignored; 0 measured; 4791 filtered out; finished in 0.93s
cargo-admitted nested: DENY: --nested-row accepts one bound row identifier, no raw arguments
cargo-admitted nested: DENY: --nested-row accepts one bound row identifier, no raw arguments
cargo-admitted resources: {"worktree": "/tmp/nested-owner-proof-84znxfya/repo", "scope": {"hostname": "bf4c09722087", "platform": "linux", "working_directory": "/tmp/nested-owner-proof-84znxfya/repo", "worktree": "/tmp/nested-owner-proof-84znxfya/repo", "operation": "build", "cargo_argv_sha256": "5056403b733cff22251dd2d960f558a858133eae86ec1b90c04e989759fb12d1", "resources": {"target": "/tmp/nested-owner-proof-84znxfya/slot/worktrees/candidate/target", "build": "/tmp/nested-owner-proof-84znxfya/slot/worktrees/candidate/build", "cargo_home": "/tmp/nested-owner-proof-84znxfya/slot/worktrees/candidate/cargo_home", "temp": "/tmp/nested-owner-proof-84znxfya/slot/worktrees/candidate/temp"}, "jobs": 1, "build_environment_sha256": "2bbd40cb6a99688772df941fd2852c443917ccbba6d3a97706964314383cf947", "nested_plan_sha256": "3d16f739ec0a44bb6208ac3feed8724625a5a23ab124581b67120faeeeb0959d"}, "resources": {"target": "/tmp/nested-owner-proof-84znxfya/slot/worktrees/candidate/target", "build": "/tmp/nested-owner-proof-84znxfya/slot/worktrees/candidate/build", "cargo_home": "/tmp/nested-owner-proof-84znxfya/slot/worktrees/candidate/cargo_home", "temp": "/tmp/nested-owner-proof-84znxfya/slot/worktrees/candidate/temp"}, "lease": "/tmp/nested-owner-proof-84znxfya/slot/cargo-active", "pid": 70567, "admission": {"policy": "fixture"}, "disposition": "retained with reason: reusable bounded slot", "lease_identity": [33, 219798], "lease_marker": "/tmp/nested-owner-proof-84znxfya/slot/cargo-active/owner-4daf957958af42449bd1d83a54157556", "marker_identity": [33, 219799], "owner_process": {"pid": 70567, "parent": 70564, "start": "4322316"}, "nested_snapshot": {"path": "/tmp/nested-owner-proof-84znxfya/slot/nested-plan-owner-4daf957958af42449bd1d83a54157556.json", "file_identity": [33, 219800, 4261, 1791650133717264181, 1791650133717264181], "sha256": "f09286b6078c3b5a831b71cddc939c18131274c8796c9ba100ef5dc53a1751a5"}}
cargo-admitted Cargo tree: {"owner_pid": 70567, "subreaper": true, "prior_children": "none", "single_native_thread": true, "lease": "/tmp/nested-owner-proof-84znxfya/slot/cargo-active"}
cargo-admitted Cargo product: {"exit_code": 101, "lease": "/tmp/nested-owner-proof-84znxfya/slot/cargo-active", "terminality": "awaiting owner verification", "lease_released": false}
cargo-admitted Cargo settlement: {"tree_settled": true, "cancelled": false, "lease": "/tmp/nested-owner-proof-84znxfya/slot/cargo-active", "lease_identity": [33, 219798], "lease_marker": "/tmp/nested-owner-proof-84znxfya/slot/cargo-active/owner-4daf957958af42449bd1d83a54157556", "marker_identity": [33, 219799], "lease_released": true}
cargo-admitted preflight: {"verdict": "PASS", "scope": {"hostname": "bf4c09722087", "platform": "linux", "working_directory": "/tmp/nested-owner-proof-lyyvlbp6/repo", "worktree": "/tmp/nested-owner-proof-lyyvlbp6/repo", "operation": "build", "cargo_argv_sha256": "5056403b733cff22251dd2d960f558a858133eae86ec1b90c04e989759fb12d1", "resources": {"target": "/tmp/nested-owner-proof-lyyvlbp6/slot/worktrees/candidate/target", "build": "/tmp/nested-owner-proof-lyyvlbp6/slot/worktrees/candidate/build", "cargo_home": "/tmp/nested-owner-proof-lyyvlbp6/slot/worktrees/candidate/cargo_home", "temp": "/tmp/nested-owner-proof-lyyvlbp6/slot/worktrees/candidate/temp"}, "jobs": 1, "build_environment_sha256": "2bbd40cb6a99688772df941fd2852c443917ccbba6d3a97706964314383cf947", "nested_plan_sha256": "ebbf51b97b678dc779fdb3e0fa98c5e461b1a5c57b080276ceb062e17a1109c2"}, "admission": {"policy": "fixture"}, "lease": "/tmp/nested-owner-proof-lyyvlbp6/slot/cargo-active", "lease_acquired": false, "limitation": "read-only snapshot; not a reservation or a verified growth measurement"}
cargo-admitted preflight: {"verdict": "PASS", "scope": {"hostname": "bf4c09722087", "platform": "linux", "working_directory": "/tmp/nested-owner-proof-lyyvlbp6/repo", "worktree": "/tmp/nested-owner-proof-lyyvlbp6/repo", "operation": "build", "cargo_argv_sha256": "5056403b733cff22251dd2d960f558a858133eae86ec1b90c04e989759fb12d1", "resources": {"target": "/tmp/nested-owner-proof-lyyvlbp6/slot/worktrees/candidate/target", "build": "/tmp/nested-owner-proof-lyyvlbp6/slot/worktrees/candidate/build", "cargo_home": "/tmp/nested-owner-proof-lyyvlbp6/slot/worktrees/candidate/cargo_home", "temp": "/tmp/nested-owner-proof-lyyvlbp6/slot/worktrees/candidate/temp"}, "jobs": 1, "build_environment_sha256": "2bbd40cb6a99688772df941fd2852c443917ccbba6d3a97706964314383cf947", "nested_plan_sha256": "5432dda080ce004e70da7ef8cbd32e4e198cce880652430908155a8b8207e6a5"}, "admission": {"policy": "fixture"}, "lease": "/tmp/nested-owner-proof-lyyvlbp6/slot/cargo-active", "lease_acquired": false, "limitation": "read-only snapshot; not a reservation or a verified growth measurement"}
cargo-admitted: DENY: unknown nested row
cargo-admitted: DENY: nested callers must use bound leaf rendering, not reacquire a parent lease
running 14 tests
test cfg_attr_allow_fixture_is_detected ... ok
test cfg_attr_without_collapsible_if_does_not_occupy ... ok
test clippy_all_targets_has_no_collapsible_if_hits ... ok
test comment_and_string_literals_do_not_occupy ... ok
test crate_level_allow_fixture_is_detected ... ok
test expect_attr_fixture_is_detected ... ok
test item_allow_fixture_is_detected ... ok
test lib_rs_crate_allow_list_does_not_name_collapsible_if ... ok
test nested_cfg_attr_allow_fixture_is_detected ... ok
test occupancy_requires_allow_attr_not_scanner_literals ... ok
test perl_parser_sources_do_not_allow_collapsible_if ... ok
test successful_clippy_without_hits_is_clean ... ok
test unsuccessful_clippy_with_hits_still_reports_occupancy ... ok
test unsuccessful_clippy_without_hits_is_instrument_failure ... ok
test result: ok. 14 passed; 0 failed; 0 ignored; 0 measured; 0 filtered out; finished in 0.01s
running 0 tests
test cfg_attr_allow_fixture_is_detected ... ok
test cfg_attr_without_collapsible_if_does_not_occupy ... ok
test clippy_all_targets_has_no_collapsible_if_hits ... ok
test comment_and_string_literals_do_not_occupy ... ok
test crate_level_allow_fixture_is_detected ... ok
test expect_attr_fixture_is_detected ... ok
test item_allow_fixture_is_detected ... ok
test lib_rs_crate_allow_list_does_not_name_collapsible_if ... ok
test nested_cfg_attr_allow_fixture_is_detected ... ok
test occupancy_requires_allow_attr_not_scanner_literals ... ok
test perl_parser_sources_do_not_allow_collapsible_if ... ok
test successful_clippy_without_hits_is_clean ... ok
test unsuccessful_clippy_with_hits_still_reports_occupancy ... ok
test unsuccessful_clippy_without_hits_is_instrument_failure ... ok
test result: ok. 14 passed; 0 failed; 0 ignored; 0 measured; 0 filtered out; finished in 0.01s
running 14 tests
test cfg_attr_allow_fixture_is_detected ... ok
test cfg_attr_without_collapsible_if_does_not_occupy ... ok
test clippy_all_targets_has_no_collapsible_if_hits ... ok
test comment_and_string_literals_do_not_occupy ... ok
test crate_level_allow_fixture_is_detected ... ok
test expect_attr_fixture_is_detected ... ok
test item_allow_fixture_is_detected ... ok
test lib_rs_crate_allow_list_does_not_name_collapsible_if ... ok
test nested_cfg_attr_allow_fixture_is_detected ... ok
test occupancy_requires_allow_attr_not_scanner_literals ... ok
test perl_parser_sources_do_not_allow_collapsible_if ... ok
test successful_clippy_without_hits_is_clean ... ok
test unsuccessful_clippy_with_hits_still_reports_occupancy ... ok
test unsuccessful_clippy_without_hits_is_instrument_failure ... ok
test result: ok. 14 passed; 0 failed; 0 ignored; 0 measured; 0 filtered out; finished in 0.01s
cargo-admitted resources: {"worktree": "/tmp/cargo-admitted-proof-6k4t7pmc", "scope": {"hostname": "bf4c09722087", "platform": "linux", "working_directory": "/workspace/perl-lsp-17479-nested", "worktree": "/tmp/cargo-admitted-proof-6k4t7pmc", "operation": "test", "cargo_argv_sha256": "ecfd160805b1b0481fd0793c745be3b45d2054582de1c4df5d9b8fa4d78e7fbc", "resources": {"target": "/tmp/cargo-admitted-proof-6k4t7pmc/terminated--9/target", "build": "/tmp/cargo-admitted-proof-6k4t7pmc/terminated--9/build", "cargo_home": "/tmp/cargo-admitted-proof-6k4t7pmc/terminated--9/cargo_home", "temp": "/tmp/cargo-admitted-proof-6k4t7pmc/terminated--9/temp"}, "jobs": 2, "build_environment_sha256": "44136fa355b3678a1146ad16f7e8649e94fb4fc21fe77e8310c060f61caaff8a"}, "resources": {"target": "/tmp/cargo-admitted-proof-6k4t7pmc/terminated--9/target", "build": "/tmp/cargo-admitted-proof-6k4t7pmc/terminated--9/build", "cargo_home": "/tmp/cargo-admitted-proof-6k4t7pmc/terminated--9/cargo_home", "temp": "/tmp/cargo-admitted-proof-6k4t7pmc/terminated--9/temp"}, "lease": "/tmp/cargo-admitted-proof-6k4t7pmc/terminated--9/cargo-active", "pid": 70567, "admission": {"policy": "percent", "reserve_bytes": 1073741.824, "max_used_pct": 100.0, "required_free_bytes": 1073741.824, "destinations": [{"path": "/tmp/cargo-admitted-proof-6k4t7pmc/terminated--9", "observed_ancestor": "/tmp/cargo-admitted-proof-6k4t7pmc/terminated--9", "free_bytes": 8776151040, "required_free_bytes": 1073741.824, "headroom_bytes": 8775077298.176}, {"path": "/tmp/cargo-admitted-proof-6k4t7pmc/terminated--9/target", "observed_ancestor": "/tmp/cargo-admitted-proof-6k4t7pmc/terminated--9", "free_bytes": 8776151040, "required_free_bytes": 1073741.824, "headroom_bytes": 8775077298.176}, {"path": "/tmp/cargo-admitted-proof-6k4t7pmc/terminated--9/build", "observed_ancestor": "/tmp/cargo-admitted-proof-6k4t7pmc/terminated--9", "free_bytes": 8776151040, "required_free_bytes": 1073741.824, "headroom_bytes": 8775077298.176}, {"path": "/tmp/cargo-admitted-proof-6k4t7pmc/terminated--9/cargo_home", "observed_ancestor": "/tmp/cargo-admitted-proof-6k4t7pmc/terminated--9", "free_bytes": 8776151040, "required_free_bytes": 1073741.824, "headroom_bytes": 8775077298.176}, {"path": "/tmp/cargo-admitted-proof-6k4t7pmc/terminated--9/temp", "observed_ancestor": "/tmp/cargo-admitted-proof-6k4t7pmc/terminated--9", "free_bytes": 8776151040, "required_free_bytes": 1073741.824, "headroom_bytes": 8775077298.176}]}, "disposition": "retained with reason: reusable bounded slot", "lease_identity": [33, 221081], "lease_marker": "/tmp/cargo-admitted-proof-6k4t7pmc/terminated--9/cargo-active/owner-c50db58abb6a4a7495b0f84750906aeb", "marker_identity": [33, 221082]}
cargo-admitted Cargo tree: {"owner_pid": 70567, "subreaper": true, "prior_children": "none", "single_native_thread": true, "lease": "/tmp/cargo-admitted-proof-6k4t7pmc/terminated--9/cargo-active"}
cargo-admitted Cargo product: {"exit_code": -9, "lease": "/tmp/cargo-admitted-proof-6k4t7pmc/terminated--9/cargo-active", "terminality": "awaiting owner verification", "lease_released": false}
cargo-admitted: lease retained; root must verify all consumers before release
cargo-admitted Cargo settlement: {"tree_settled": false, "cancelled": false, "lease": "/tmp/cargo-admitted-proof-6k4t7pmc/terminated--9/cargo-active", "lease_identity": [33, 221081], "lease_marker": "/tmp/cargo-admitted-proof-6k4t7pmc/terminated--9/cargo-active/owner-c50db58abb6a4a7495b0f84750906aeb", "marker_identity": [33, 221082], "lease_released": false}
cargo-admitted: DENY: slot is active or awaits owner verification: /tmp/cargo-admitted-proof-6k4t7pmc/terminated--9/cargo-active
cargo-admitted resources: {"worktree": "/tmp/cargo-admitted-proof-6k4t7pmc", "scope": {"hostname": "bf4c09722087", "platform": "linux", "working_directory": "/workspace/perl-lsp-17479-nested", "worktree": "/tmp/cargo-admitted-proof-6k4t7pmc", "operation": "test", "cargo_argv_sha256": "ecfd160805b1b0481fd0793c745be3b45d2054582de1c4df5d9b8fa4d78e7fbc", "resources": {"target": "/tmp/cargo-admitted-proof-6k4t7pmc/terminated-3221225786/target", "build": "/tmp/cargo-admitted-proof-6k4t7pmc/terminated-3221225786/build", "cargo_home": "/tmp/cargo-admitted-proof-6k4t7pmc/terminated-3221225786/cargo_home", "temp": "/tmp/cargo-admitted-proof-6k4t7pmc/terminated-3221225786/temp"}, "jobs": 2, "build_environment_sha256": "44136fa355b3678a1146ad16f7e8649e94fb4fc21fe77e8310c060f61caaff8a"}, "resources": {"target": "/tmp/cargo-admitted-proof-6k4t7pmc/terminated-3221225786/target", "build": "/tmp/cargo-admitted-proof-6k4t7pmc/terminated-3221225786/build", "cargo_home": "/tmp/cargo-admitted-proof-6k4t7pmc/terminated-3221225786/cargo_home", "temp": "/tmp/cargo-admitted-proof-6k4t7pmc/terminated-3221225786/temp"}, "lease": "/tmp/cargo-admitted-proof-6k4t7pmc/terminated-3221225786/cargo-active", "pid": 70567, "admission": {"policy": "percent", "reserve_bytes": 1073741.824, "max_used_pct": 100.0, "required_free_bytes": 1073741.824, "destinations": [{"path": "/tmp/cargo-admitted-proof-6k4t7pmc/terminated-3221225786", "observed_ancestor": "/tmp/cargo-admitted-proof-6k4t7pmc/terminated-3221225786", "free_bytes": 8776146944, "required_free_bytes": 1073741.824, "headroom_bytes": 8775073202.176}, {"path": "/tmp/cargo-admitted-proof-6k4t7pmc/terminated-3221225786/target", "observed_ancestor": "/tmp/cargo-admitted-proof-6k4t7pmc/terminated-3221225786", "free_bytes": 8776146944, "required_free_bytes": 1073741.824, "headroom_bytes": 8775073202.176}, {"path": "/tmp/cargo-admitted-proof-6k4t7pmc/terminated-3221225786/build", "observed_ancestor": "/tmp/cargo-admitted-proof-6k4t7pmc/terminated-3221225786", "free_bytes": 8776146944, "required_free_bytes": 1073741.824, "headroom_bytes": 8775073202.176}, {"path": "/tmp/cargo-admitted-proof-6k4t7pmc/terminated-3221225786/cargo_home", "observed_ancestor": "/tmp/cargo-admitted-proof-6k4t7pmc/terminated-3221225786", "free_bytes": 8776146944, "required_free_bytes": 1073741.824, "headroom_bytes": 8775073202.176}, {"path": "/tmp/cargo-admitted-proof-6k4t7pmc/terminated-3221225786/temp", "observed_ancestor": "/tmp/cargo-admitted-proof-6k4t7pmc/terminated-3221225786", "free_bytes": 8776146944, "required_free_bytes": 1073741.824, "headroom_bytes": 8775073202.176}]}, "disposition": "retained with reason: reusable bounded slot", "lease_identity": [33, 221088], "lease_marker": "/tmp/cargo-admitted-proof-6k4t7pmc/terminated-3221225786/cargo-active/owner-277400c52b9549aca28eead332c9d050", "marker_identity": [33, 221089]}
cargo-admitted Cargo tree: {"owner_pid": 70567, "subreaper": true, "prior_children": "none", "single_native_thread": true, "lease": "/tmp/cargo-admitted-proof-6k4t7pmc/terminated-3221225786/cargo-active"}
cargo-admitted Cargo product: {"exit_code": 3221225786, "lease": "/tmp/cargo-admitted-proof-6k4t7pmc/terminated-3221225786/cargo-active", "terminality": "awaiting owner verification", "lease_released": false}
cargo-admitted: lease retained; root must verify all consumers before release
cargo-admitted Cargo settlement: {"tree_settled": false, "cancelled": false, "lease": "/tmp/cargo-admitted-proof-6k4t7pmc/terminated-3221225786/cargo-active", "lease_identity": [33, 221088], "lease_marker": "/tmp/cargo-admitted-proof-6k4t7pmc/terminated-3221225786/cargo-active/owner-277400c52b9549aca28eead332c9d050", "marker_identity": [33, 221089], "lease_released": false}
cargo-admitted: DENY: slot is active or awaits owner verification: /tmp/cargo-admitted-proof-6k4t7pmc/terminated-3221225786/cargo-active
cargo-admitted resources: {"worktree": "/tmp/cargo-admitted-proof-6k4t7pmc", "scope": {"hostname": "bf4c09722087", "platform": "linux", "working_directory": "/workspace/perl-lsp-17479-nested", "worktree": "/tmp/cargo-admitted-proof-6k4t7pmc", "operation": "test", "cargo_argv_sha256": "ecfd160805b1b0481fd0793c745be3b45d2054582de1c4df5d9b8fa4d78e7fbc", "resources": {"target": "/tmp/cargo-admitted-proof-6k4t7pmc/terminated-9/target", "build": "/tmp/cargo-admitted-proof-6k4t7pmc/terminated-9/build", "cargo_home": "/tmp/cargo-admitted-proof-6k4t7pmc/terminated-9/cargo_home", "temp": "/tmp/cargo-admitted-proof-6k4t7pmc/terminated-9/temp"}, "jobs": 2, "build_environment_sha256": "44136fa355b3678a1146ad16f7e8649e94fb4fc21fe77e8310c060f61caaff8a"}, "resources": {"target": "/tmp/cargo-admitted-proof-6k4t7pmc/terminated-9/target", "build": "/tmp/cargo-admitted-proof-6k4t7pmc/terminated-9/build", "cargo_home": "/tmp/cargo-admitted-proof-6k4t7pmc/terminated-9/cargo_home", "temp": "/tmp/cargo-admitted-proof-6k4t7pmc/terminated-9/temp"}, "lease": "/tmp/cargo-admitted-proof-6k4t7pmc/terminated-9/cargo-active", "pid": 70567, "admission": {"policy": "percent", "reserve_bytes": 1073741.824, "max_used_pct": 100.0, "required_free_bytes": 1073741.824, "destinations": [{"path": "/tmp/cargo-admitted-proof-6k4t7pmc/terminated-9", "observed_ancestor": "/tmp/cargo-admitted-proof-6k4t7pmc/terminated-9", "free_bytes": 8776146944, "required_free_bytes": 1073741.824, "headroom_bytes": 8775073202.176}, {"path": "/tmp/cargo-admitted-proof-6k4t7pmc/terminated-9/target", "observed_ancestor": "/tmp/cargo-admitted-proof-6k4t7pmc/terminated-9", "free_bytes": 8776146944, "required_free_bytes": 1073741.824, "headroom_bytes": 8775073202.176}, {"path": "/tmp/cargo-admitted-proof-6k4t7pmc/terminated-9/build", "observed_ancestor": "/tmp/cargo-admitted-proof-6k4t7pmc/terminated-9", "free_bytes": 8776146944, "required_free_bytes": 1073741.824, "headroom_bytes": 8775073202.176}, {"path": "/tmp/cargo-admitted-proof-6k4t7pmc/terminated-9/cargo_home", "observed_ancestor": "/tmp/cargo-admitted-proof-6k4t7pmc/terminated-9", "free_bytes": 8776146944, "required_free_bytes": 1073741.824, "headroom_bytes": 8775073202.176}, {"path": "/tmp/cargo-admitted-proof-6k4t7pmc/terminated-9/temp", "observed_ancestor": "/tmp/cargo-admitted-proof-6k4t7pmc/terminated-9", "free_bytes": 8776146944, "required_free_bytes": 1073741.824, "headroom_bytes": 8775073202.176}]}, "disposition": "retained with reason: reusable bounded slot", "lease_identity": [33, 221095], "lease_marker": "/tmp/cargo-admitted-proof-6k4t7pmc/terminated-9/cargo-active/owner-96a4a59db5dd476d98c726f096064e7d", "marker_identity": [33, 221096]}
cargo-admitted Cargo tree: {"owner_pid": 70567, "subreaper": true, "prior_children": "none", "single_native_thread": true, "lease": "/tmp/cargo-admitted-proof-6k4t7pmc/terminated-9/cargo-active"}
cargo-admitted Cargo product: {"exit_code": 9, "lease": "/tmp/cargo-admitted-proof-6k4t7pmc/terminated-9/cargo-active", "terminality": "awaiting owner verification", "lease_released": false}
cargo-admitted: lease retained; root must verify all consumers before release
cargo-admitted Cargo settlement: {"tree_settled": false, "cancelled": false, "lease": "/tmp/cargo-admitted-proof-6k4t7pmc/terminated-9/cargo-active", "lease_identity": [33, 221095], "lease_marker": "/tmp/cargo-admitted-proof-6k4t7pmc/terminated-9/cargo-active/owner-96a4a59db5dd476d98c726f096064e7d", "marker_identity": [33, 221096], "lease_released": false}
cargo-admitted: DENY: slot is active or awaits owner verification: /tmp/cargo-admitted-proof-6k4t7pmc/terminated-9/cargo-active
cargo-admitted: DENY: insufficient disk headroom at /tmp/cargo-admitted-proof-4n4fd67y/0/slot free_bytes=64424509439 required_free_bytes=64424509440.0 shortfall_bytes=1.0 used_pct=98.53515625002274
cargo-admitted: DENY: insufficient disk headroom at /tmp/cargo-admitted-proof-4n4fd67y/1/new free_bytes=64424509439 required_free_bytes=64424509440.0 shortfall_bytes=1.0 used_pct=98.53515625002274
cargo-admitted: DENY: insufficient disk headroom at /tmp/cargo-admitted-proof-4n4fd67y/2/new free_bytes=64424509439 required_free_bytes=64424509440.0 shortfall_bytes=1.0 used_pct=98.53515625002274
cargo-admitted: DENY: insufficient disk headroom at /tmp/cargo-admitted-proof-4n4fd67y/3/new free_bytes=64424509439 required_free_bytes=64424509440.0 shortfall_bytes=1.0 used_pct=98.53515625002274
cargo-admitted: DENY: insufficient disk headroom at /tmp/cargo-admitted-proof-4n4fd67y/4/new free_bytes=64424509439 required_free_bytes=64424509440.0 shortfall_bytes=1.0 used_pct=98.53515625002274
cargo-admitted: DENY: invalid capacity policy inputs; byte-budget requires reserve >=40 GiB, positive finite total growth and an evidence reference
cargo-admitted: DENY: invalid capacity policy inputs; byte-budget requires reserve >=40 GiB, positive finite total growth and an evidence reference
cargo-admitted: DENY: invalid capacity policy inputs; byte-budget requires reserve >=40 GiB, positive finite total growth and an evidence reference
cargo-admitted: DENY: invalid capacity policy inputs; byte-budget requires reserve >=40 GiB, positive finite total growth and an evidence reference
cargo-admitted: DENY: invalid capacity policy inputs; byte-budget requires reserve >=40 GiB, positive finite total growth and an evidence reference
cargo-admitted: DENY: invalid capacity policy inputs; byte-budget requires reserve >=40 GiB, positive finite total growth and an evidence reference
cargo-admitted: DENY: invalid capacity policy inputs; byte-budget requires reserve >=40 GiB, positive finite total growth and an evidence reference
cargo-admitted: DENY: invalid capacity policy inputs; byte-budget requires reserve >=40 GiB, positive finite total growth and an evidence reference
cargo-admitted: DENY: invalid capacity policy inputs; byte-budget requires reserve >=40 GiB, positive finite total growth and an evidence reference
cargo-admitted: DENY: invalid capacity policy inputs; byte-budget requires reserve >=40 GiB, positive finite total growth and an evidence reference
cargo-admitted: DENY: invalid capacity policy inputs; byte-budget requires reserve >=40 GiB, positive finite total growth and an evidence reference
cargo-admitted: DENY: invalid capacity policy inputs; byte-budget requires reserve >=40 GiB, positive finite total growth and an evidence reference
cargo-admitted: DENY: invalid capacity policy inputs; byte-budget requires reserve >=40 GiB, positive finite total growth and an evidence reference
cargo-admitted: DENY: invalid capacity policy inputs; byte-budget requires reserve >=40 GiB, positive finite total growth and an evidence reference
cargo-admitted: DENY: unknown CARGO_STORAGE_POLICY
cargo-admitted: DENY: invalid capacity policy inputs; byte-budget requires reserve >=40 GiB, positive finite total growth and an evidence reference
cargo-admitted: DENY: invalid capacity policy inputs; byte-budget requires reserve >=40 GiB, positive finite total growth and an evidence reference
cargo-admitted resources: {"worktree": "/tmp/cargo-admitted-proof-lwjretrq", "scope": {"hostname": "bf4c09722087", "platform": "linux", "working_directory": "/workspace/perl-lsp-17479-nested", "worktree": "/tmp/cargo-admitted-proof-lwjretrq", "operation": "build", "cargo_argv_sha256": "4ebb81b90bcec2aa2691b63b66a47cd34479425f8574312ce71c047aa5e9e8e4", "resources": {"target": "/tmp/cargo-admitted-proof-lwjretrq/slot/target", "build": "/tmp/cargo-admitted-proof-lwjretrq/slot/build", "cargo_home": "/tmp/cargo-admitted-proof-lwjretrq/home", "temp": "/tmp/cargo-admitted-proof-lwjretrq/temp"}, "jobs": 2, "build_environment_sha256": "44136fa355b3678a1146ad16f7e8649e94fb4fc21fe77e8310c060f61caaff8a"}, "resources": {"target": "/tmp/cargo-admitted-proof-lwjretrq/slot/target", "build": "/tmp/cargo-admitted-proof-lwjretrq/slot/build", "cargo_home": "/tmp/cargo-admitted-proof-lwjretrq/home", "temp": "/tmp/cargo-admitted-proof-lwjretrq/temp"}, "lease": "/tmp/cargo-admitted-proof-lwjretrq/slot/cargo-active", "pid": 70567, "admission": {"policy": "percent", "reserve_bytes": 1073741.824, "max_used_pct": 100.0, "required_free_bytes": 1073741.824, "destinations": [{"path": "/tmp/cargo-admitted-proof-lwjretrq/slot", "observed_ancestor": "/tmp/cargo-admitted-proof-lwjretrq/slot", "free_bytes": 8776138752, "required_free_bytes": 1073741.824, "headroom_bytes": 8775065010.176}, {"path": "/tmp/cargo-admitted-proof-lwjretrq/slot/target", "observed_ancestor": "/tmp/cargo-admitted-proof-lwjretrq/slot", "free_bytes": 8776138752, "required_free_bytes": 1073741.824, "headroom_bytes": 8775065010.176}, {"path": "/tmp/cargo-admitted-proof-lwjretrq/slot/build", "observed_ancestor": "/tmp/cargo-admitted-proof-lwjretrq/slot", "free_bytes": 8776138752, "required_free_bytes": 1073741.824, "headroom_bytes": 8775065010.176}, {"path": "/tmp/cargo-admitted-proof-lwjretrq/home", "observed_ancestor": "/tmp/cargo-admitted-proof-lwjretrq", "free_bytes": 8776138752, "required_free_bytes": 1073741.824, "headroom_bytes": 8775065010.176}, {"path": "/tmp/cargo-admitted-proof-lwjretrq/temp", "observed_ancestor": "/tmp/cargo-admitted-proof-lwjretrq", "free_bytes": 8776138752, "required_free_bytes": 1073741.824, "headroom_bytes": 8775065010.176}]}, "disposition": "retained with reason: reusable bounded slot", "lease_identity": [33, 221120], "lease_marker": "/tmp/cargo-admitted-proof-lwjretrq/slot/cargo-active/owner-f3114143af1947a6a66b554bee55229d", "marker_identity": [33, 221121]}
cargo-admitted Cargo tree: {"owner_pid": 70567, "subreaper": true, "prior_children": "none", "single_native_thread": true, "lease": "/tmp/cargo-admitted-proof-lwjretrq/slot/cargo-active"}
cargo-admitted: lease retained; root must verify all consumers before release
cargo-admitted Cargo settlement: {"tree_settled": false, "cancelled": false, "lease": "/tmp/cargo-admitted-proof-lwjretrq/slot/cargo-active", "lease_identity": [33, 221120], "lease_marker": "/tmp/cargo-admitted-proof-lwjretrq/slot/cargo-active/owner-f3114143af1947a6a66b554bee55229d", "marker_identity": [33, 221121], "lease_released": false}
cargo-admitted: DENY: spawn failed
cargo-admitted: DENY: slot is active or awaits owner verification: /tmp/cargo-admitted-proof-lwjretrq/slot/cargo-active
cargo-admitted resources: {"worktree": "/tmp/cargo-admitted-proof-wxbxu383", "scope": {"hostname": "bf4c09722087", "platform": "linux", "working_directory": "/workspace/perl-lsp-17479-nested", "worktree": "/tmp/cargo-admitted-proof-wxbxu383", "operation": "run", "cargo_argv_sha256": "0a7e2894f07557aec4faa10f21d287c0cae2c224ecf1028c083501ef0f8b207d", "resources": {"target": "/tmp/cargo-admitted-proof-wxbxu383/slot/target", "build": "/tmp/cargo-admitted-proof-wxbxu383/slot/build", "cargo_home": "/tmp/cargo-admitted-proof-wxbxu383/home", "temp": "/tmp/cargo-admitted-proof-wxbxu383/temp"}, "jobs": 2, "build_environment_sha256": "44136fa355b3678a1146ad16f7e8649e94fb4fc21fe77e8310c060f61caaff8a"}, "resources": {"target": "/tmp/cargo-admitted-proof-wxbxu383/slot/target", "build": "/tmp/cargo-admitted-proof-wxbxu383/slot/build", "cargo_home": "/tmp/cargo-admitted-proof-wxbxu383/home", "temp": "/tmp/cargo-admitted-proof-wxbxu383/temp"}, "lease": "/tmp/cargo-admitted-proof-wxbxu383/slot/cargo-active", "pid": 70567, "admission": {"policy": "percent", "reserve_bytes": 1073741.824, "max_used_pct": 100.0, "required_free_bytes": 1073741.824, "destinations": [{"path": "/tmp/cargo-admitted-proof-wxbxu383/slot", "observed_ancestor": "/tmp/cargo-admitted-proof-wxbxu383/slot", "free_bytes": 8776134656, "required_free_bytes": 1073741.824, "headroom_bytes": 8775060914.176}, {"path": "/tmp/cargo-admitted-proof-wxbxu383/slot/target", "observed_ancestor": "/tmp/cargo-admitted-proof-wxbxu383/slot", "free_bytes": 8776134656, "required_free_bytes": 1073741.824, "headroom_bytes": 8775060914.176}, {"path": "/tmp/cargo-admitted-proof-wxbxu383/slot/build", "observed_ancestor": "/tmp/cargo-admitted-proof-wxbxu383/slot", "free_bytes": 8776134656, "required_free_bytes": 1073741.824, "headroom_bytes": 8775060914.176}, {"path": "/tmp/cargo-admitted-proof-wxbxu383/home", "observed_ancestor": "/tmp/cargo-admitted-proof-wxbxu383", "free_bytes": 8776134656, "required_free_bytes": 1073741.824, "headroom_bytes": 8775060914.176}, {"path": "/tmp/cargo-admitted-proof-wxbxu383/temp", "observed_ancestor": "/tmp/cargo-admitted-proof-wxbxu383", "free_bytes": 8776134656, "required_free_bytes": 1073741.824, "headroom_bytes": 8775060914.176}]}, "disposition": "retained with reason: reusable bounded slot", "lease_identity": [33, 221128], "lease_marker": "/tmp/cargo-admitted-proof-wxbxu383/slot/cargo-active/owner-902ecb15f1644a2985023e760eac2d1d", "marker_identity": [33, 221129]}
cargo-admitted Cargo tree: {"owner_pid": 70567, "subreaper": true, "prior_children": "none", "single_native_thread": true, "lease": "/tmp/cargo-admitted-proof-wxbxu383/slot/cargo-active"}
cargo-admitted: lease retained; root must verify all consumers before release
cargo-admitted Cargo settlement: {"tree_settled": false, "cancelled": true, "lease": "/tmp/cargo-admitted-proof-wxbxu383/slot/cargo-active", "lease_identity": [33, 221128], "lease_marker": "/tmp/cargo-admitted-proof-wxbxu383/slot/cargo-active/owner-902ecb15f1644a2985023e760eac2d1d", "marker_identity": [33, 221129], "lease_released": false}
cargo-admitted: DENY: slot is active or awaits owner verification: /tmp/cargo-admitted-proof-wxbxu383/slot/cargo-active
cargo-admitted resources: {"worktree": "/tmp/cargo-admitted-proof-q26muh76", "scope": {"hostname": "bf4c09722087", "platform": "linux", "working_directory": "/workspace/perl-lsp-17479-nested", "worktree": "/tmp/cargo-admitted-proof-q26muh76", "operation": "build", "cargo_argv_sha256": "4ebb81b90bcec2aa2691b63b66a47cd34479425f8574312ce71c047aa5e9e8e4", "resources": {"target": "/tmp/cargo-admitted-proof-q26muh76/slot/target", "build": "/tmp/cargo-admitted-proof-q26muh76/slot/build", "cargo_home": "/tmp/cargo-admitted-proof-q26muh76/home", "temp": "/tmp/cargo-admitted-proof-q26muh76/temp"}, "jobs": 2, "build_environment_sha256": "44136fa355b3678a1146ad16f7e8649e94fb4fc21fe77e8310c060f61caaff8a"}, "resources": {"target": "/tmp/cargo-admitted-proof-q26muh76/slot/target", "build": "/tmp/cargo-admitted-proof-q26muh76/slot/build", "cargo_home": "/tmp/cargo-admitted-proof-q26muh76/home", "temp": "/tmp/cargo-admitted-proof-q26muh76/temp"}, "lease": "/tmp/cargo-admitted-proof-q26muh76/slot/cargo-active", "pid": 70567, "admission": {"policy": "percent", "reserve_bytes": 1073741.824, "max_used_pct": 100.0, "required_free_bytes": 1073741.824, "destinations": [{"path": "/tmp/cargo-admitted-proof-q26muh76/slot", "observed_ancestor": "/tmp/cargo-admitted-proof-q26muh76/slot", "free_bytes": 8776130560, "required_free_bytes": 1073741.824, "headroom_bytes": 8775056818.176}, {"path": "/tmp/cargo-admitted-proof-q26muh76/slot/target", "observed_ancestor": "/tmp/cargo-admitted-proof-q26muh76/slot", "free_bytes": 8776130560, "required_free_bytes": 1073741.824, "headroom_bytes": 8775056818.176}, {"path": "/tmp/cargo-admitted-proof-q26muh76/slot/build", "observed_ancestor": "/tmp/cargo-admitted-proof-q26muh76/slot", "free_bytes": 8776130560, "required_free_bytes": 1073741.824, "headroom_bytes": 8775056818.176}, {"path": "/tmp/cargo-admitted-proof-q26muh76/home", "observed_ancestor": "/tmp/cargo-admitted-proof-q26muh76", "free_bytes": 8776130560, "required_free_bytes": 1073741.824, "headroom_bytes": 8775056818.176}, {"path": "/tmp/cargo-admitted-proof-q26muh76/temp", "observed_ancestor": "/tmp/cargo-admitted-proof-q26muh76", "free_bytes": 8776130560, "required_free_bytes": 1073741.824, "headroom_bytes": 8775056818.176}]}, "disposition": "retained with reason: reusable bounded slot", "lease_identity": [33, 221136], "lease_marker": "/tmp/cargo-admitted-proof-q26muh76/slot/cargo-active/owner-bcb1c0655bdf4cb984649e60b9dbdb43", "marker_identity": [33, 221137]}
cargo-admitted Cargo tree: {"owner_pid": 70567, "subreaper": true, "prior_children": "none", "single_native_thread": true, "lease": "/tmp/cargo-admitted-proof-q26muh76/slot/cargo-active"}
cargo-admitted Cargo product: {"exit_code": 101, "lease": "/tmp/cargo-admitted-proof-q26muh76/slot/cargo-active", "terminality": "awaiting owner verification", "lease_released": false}
cargo-admitted Cargo settlement: {"tree_settled": true, "cancelled": false, "lease": "/tmp/cargo-admitted-proof-q26muh76/slot/cargo-active", "lease_identity": [33, 221136], "lease_marker": "/tmp/cargo-admitted-proof-q26muh76/slot/cargo-active/owner-bcb1c0655bdf4cb984649e60b9dbdb43", "marker_identity": [33, 221137], "lease_released": true}
cargo-admitted: DENY: joined short options/values are unsupported; spell them separately: -vj8
cargo-admitted: DENY: joined short options/values are unsupported; spell them separately: -qj8
cargo-admitted: DENY: joined short options/values are unsupported; spell them separately: -vj
cargo-admitted: DENY: joined short options/values are unsupported; spell them separately: -j8
cargo-admitted: DENY: joined short options/values are unsupported; spell them separately: -vZunstable-options
cargo-admitted: DENY: joined short options/values are unsupported; spell them separately: -vZ
cargo-admitted: DENY: joined short options/values are unsupported; spell them separately: -vC/tmp
cargo-admitted: DENY: joined short options/values are unsupported; spell them separately: -vC
cargo-admitted: DENY: joined short options/values are unsupported; spell them separately: -pfoo
cargo-admitted: DENY: joined short options/values are unsupported; spell them separately: -Ffoo
cargo-admitted: DENY: slot is active or awaits owner verification: /tmp/cargo-admitted-proof-cn742_a0/plane/bf4c09722087-linux-d761fcfc9ed0eb47/cargo-active
cargo-admitted: DENY: insufficient disk headroom at /tmp/cargo-admitted-proof-kls_hcjz/0/slot free_bytes=0 required_free_bytes=1073741.824 shortfall_bytes=1073741.824 used_pct=100.0
cargo-admitted: DENY: insufficient disk headroom at /tmp/cargo-admitted-proof-kls_hcjz/1/new free_bytes=0 required_free_bytes=1073741.824 shortfall_bytes=1073741.824 used_pct=100.0
cargo-admitted: DENY: insufficient disk headroom at /tmp/cargo-admitted-proof-kls_hcjz/2/new free_bytes=0 required_free_bytes=1073741.824 shortfall_bytes=1073741.824 used_pct=100.0
cargo-admitted: DENY: insufficient disk headroom at /tmp/cargo-admitted-proof-kls_hcjz/3/new free_bytes=0 required_free_bytes=1073741.824 shortfall_bytes=1073741.824 used_pct=100.0
cargo-admitted: DENY: insufficient disk headroom at /tmp/cargo-admitted-proof-kls_hcjz/4/new free_bytes=0 required_free_bytes=1073741.824 shortfall_bytes=1073741.824 used_pct=100.0
cargo-admitted: DENY: expected build/check/test/run/bench/doc; aliases, +toolchain, clean and external commands are unsupported
cargo-admitted: DENY: expected build/check/test/run/bench/doc; aliases, +toolchain, clean and external commands are unsupported
cargo-admitted: DENY: expected build/check/test/run/bench/doc; aliases, +toolchain, clean and external commands are unsupported
cargo-admitted: DENY: expected build/check/test/run/bench/doc; aliases, +toolchain, clean and external commands are unsupported
cargo-admitted: DENY: expected build/check/test/run/bench/doc; aliases, +toolchain, clean and external commands are unsupported
cargo-admitted: DENY: Clippy requires -p PACKAGE --all-targets --profile agent --locked -- -D warnings
cargo-admitted: DENY: configuration/path/job override is unsupported: --out-dir=x
cargo-admitted: DENY: configuration/path/job override is unsupported: --artifact-dir=x
cargo-admitted: DENY: configuration/path/job override is unsupported: --build-dir=x
cargo-admitted: DENY: configuration/path/job override is unsupported: --manifest-path=x
cargo-admitted: DENY: configuration/path/job override is unsupported: --target-dir=x
cargo-admitted: DENY: configuration/path/job override is unsupported: --config=x
cargo-admitted: DENY: joined short options/values are unsupported; spell them separately: -j8
cargo-admitted: DENY: joined short options/values are unsupported; spell them separately: -Zfoo
cargo-admitted resources: {"worktree": "/tmp/cargo-admitted-proof-cz6hgmxf", "scope": {"hostname": "bf4c09722087", "platform": "linux", "working_directory": "/workspace/perl-lsp-17479-nested", "worktree": "/tmp/cargo-admitted-proof-cz6hgmxf", "operation": "run", "cargo_argv_sha256": "c23c070f79eab72b679003dd240709d065b6820a0e16514a0d792d8ca849b95a", "resources": {"target": "/tmp/cargo-admitted-proof-cz6hgmxf/slot/target", "build": "/tmp/cargo-admitted-proof-cz6hgmxf/slot/build", "cargo_home": "/tmp/cargo-admitted-proof-cz6hgmxf/home", "temp": "/tmp/cargo-admitted-proof-cz6hgmxf/temp"}, "jobs": 2, "build_environment_sha256": "44136fa355b3678a1146ad16f7e8649e94fb4fc21fe77e8310c060f61caaff8a"}, "resources": {"target": "/tmp/cargo-admitted-proof-cz6hgmxf/slot/target", "build": "/tmp/cargo-admitted-proof-cz6hgmxf/slot/build", "cargo_home": "/tmp/cargo-admitted-proof-cz6hgmxf/home", "temp": "/tmp/cargo-admitted-proof-cz6hgmxf/temp"}, "lease": "/tmp/cargo-admitted-proof-cz6hgmxf/slot/cargo-active", "pid": 70567, "admission": {"policy": "percent", "reserve_bytes": 1073741.824, "max_used_pct": 100.0, "required_free_bytes": 1073741.824, "destinations": [{"path": "/tmp/cargo-admitted-proof-cz6hgmxf/slot", "observed_ancestor": "/tmp/cargo-admitted-proof-cz6hgmxf/slot", "free_bytes": 8776126464, "required_free_bytes": 1073741.824, "headroom_bytes": 8775052722.176}, {"path": "/tmp/cargo-admitted-proof-cz6hgmxf/slot/target", "observed_ancestor": "/tmp/cargo-admitted-proof-cz6hgmxf/slot", "free_bytes": 8776126464, "required_free_bytes": 1073741.824, "headroom_bytes": 8775052722.176}, {"path": "/tmp/cargo-admitted-proof-cz6hgmxf/slot/build", "observed_ancestor": "/tmp/cargo-admitted-proof-cz6hgmxf/slot", "free_bytes": 8776126464, "required_free_bytes": 1073741.824, "headroom_bytes": 8775052722.176}, {"path": "/tmp/cargo-admitted-proof-cz6hgmxf/home", "observed_ancestor": "/tmp/cargo-admitted-proof-cz6hgmxf", "free_bytes": 8776126464, "required_free_bytes": 1073741.824, "headroom_bytes": 8775052722.176}, {"path": "/tmp/cargo-admitted-proof-cz6hgmxf/temp", "observed_ancestor": "/tmp/cargo-admitted-proof-cz6hgmxf", "free_bytes": 8776126464, "required_free_bytes": 1073741.824, "headroom_bytes": 8775052722.176}]}, "disposition": "retained with reason: reusable bounded slot", "lease_identity": [33, 221165], "lease_marker": "/tmp/cargo-admitted-proof-cz6hgmxf/slot/cargo-active/owner-93eb42299f554dd689d9a217040dcfe4", "marker_identity": [33, 221166]}
cargo-admitted Cargo tree: {"owner_pid": 70567, "subreaper": true, "prior_children": "none", "single_native_thread": true, "lease": "/tmp/cargo-admitted-proof-cz6hgmxf/slot/cargo-active"}
cargo-admitted Cargo product: {"exit_code": 0, "lease": "/tmp/cargo-admitted-proof-cz6hgmxf/slot/cargo-active", "terminality": "awaiting owner verification", "lease_released": false}
cargo-admitted Cargo settlement: {"tree_settled": true, "cancelled": false, "lease": "/tmp/cargo-admitted-proof-cz6hgmxf/slot/cargo-active", "lease_identity": [33, 221165], "lease_marker": "/tmp/cargo-admitted-proof-cz6hgmxf/slot/cargo-active/owner-93eb42299f554dd689d9a217040dcfe4", "marker_identity": [33, 221166], "lease_released": true}
cargo-admitted: DENY: GIT_DIR repository-location override is unsupported; unset it and invoke from the intended worktree
cargo-admitted: DENY: GIT_DIR repository-location override is unsupported; unset it and invoke from the intended worktree
cargo-admitted: DENY: GIT_DIR repository-location override is unsupported; unset it and invoke from the intended worktree
cargo-admitted: DENY: GIT_WORK_TREE repository-location override is unsupported; unset it and invoke from the intended worktree
cargo-admitted: DENY: GIT_WORK_TREE repository-location override is unsupported; unset it and invoke from the intended worktree
cargo-admitted: DENY: GIT_COMMON_DIR repository-location override is unsupported; unset it and invoke from the intended worktree
cargo-admitted: DENY: GIT_COMMON_DIR repository-location override is unsupported; unset it and invoke from the intended worktree
cargo-admitted resources: {"worktree": "/tmp/cargo-admitted-proof-g8jzx8uo", "scope": {"hostname": "bf4c09722087", "platform": "linux", "working_directory": "/workspace/perl-lsp-17479-nested", "worktree": "/tmp/cargo-admitted-proof-g8jzx8uo", "operation": "test", "cargo_argv_sha256": "184d73a84f8370d01b4520550fc0e1eeb6ffaf34d83b6dc96cfa2011b09dd90c", "resources": {"target": "/tmp/cargo-admitted-proof-g8jzx8uo/slot/target", "build": "/tmp/cargo-admitted-proof-g8jzx8uo/slot/build", "cargo_home": "/tmp/cargo-admitted-proof-g8jzx8uo/home", "temp": "/tmp/cargo-admitted-proof-g8jzx8uo/temp"}, "jobs": 2, "build_environment_sha256": "44136fa355b3678a1146ad16f7e8649e94fb4fc21fe77e8310c060f61caaff8a"}, "resources": {"target": "/tmp/cargo-admitted-proof-g8jzx8uo/slot/target", "build": "/tmp/cargo-admitted-proof-g8jzx8uo/slot/build", "cargo_home": "/tmp/cargo-admitted-proof-g8jzx8uo/home", "temp": "/tmp/cargo-admitted-proof-g8jzx8uo/temp"}, "lease": "/tmp/cargo-admitted-proof-g8jzx8uo/slot/cargo-active", "pid": 70567, "admission": {"policy": "percent", "reserve_bytes": 1073741.824, "max_used_pct": 100.0, "required_free_bytes": 1073741.824, "destinations": [{"path": "/tmp/cargo-admitted-proof-g8jzx8uo/slot", "observed_ancestor": "/tmp/cargo-admitted-proof-g8jzx8uo/slot", "free_bytes": 8776122368, "required_free_bytes": 1073741.824, "headroom_bytes": 8775048626.176}, {"path": "/tmp/cargo-admitted-proof-g8jzx8uo/slot/target", "observed_ancestor": "/tmp/cargo-admitted-proof-g8jzx8uo/slot", "free_bytes": 8776122368, "required_free_bytes": 1073741.824, "headroom_bytes": 8775048626.176}, {"path": "/tmp/cargo-admitted-proof-g8jzx8uo/slot/build", "observed_ancestor": "/tmp/cargo-admitted-proof-g8jzx8uo/slot", "free_bytes": 8776122368, "required_free_bytes": 1073741.824, "headroom_bytes": 8775048626.176}, {"path": "/tmp/cargo-admitted-proof-g8jzx8uo/home", "observed_ancestor": "/tmp/cargo-admitted-proof-g8jzx8uo", "free_bytes": 8776122368, "required_free_bytes": 1073741.824, "headroom_bytes": 8775048626.176}, {"path": "/tmp/cargo-admitted-proof-g8jzx8uo/temp", "observed_ancestor": "/tmp/cargo-admitted-proof-g8jzx8uo", "free_bytes": 8776122368, "required_free_bytes": 1073741.824, "headroom_bytes": 8775048626.176}]}, "disposition": "retained with reason: reusable bounded slot", "lease_identity": [33, 221517], "lease_marker": "/tmp/cargo-admitted-proof-g8jzx8uo/slot/cargo-active/owner-8b2c568d27d74260894085fef36cbf9c", "marker_identity": [33, 221518]}
cargo-admitted Cargo tree: {"owner_pid": 70567, "subreaper": true, "prior_children": "none", "single_native_thread": true, "lease": "/tmp/cargo-admitted-proof-g8jzx8uo/slot/cargo-active"}
cargo-admitted Cargo product: {"exit_code": 0, "lease": "/tmp/cargo-admitted-proof-g8jzx8uo/slot/cargo-active", "terminality": "awaiting owner verification", "lease_released": false}
cargo-admitted Cargo settlement: {"tree_settled": true, "cancelled": false, "lease": "/tmp/cargo-admitted-proof-g8jzx8uo/slot/cargo-active", "lease_identity": [33, 221517], "lease_marker": "/tmp/cargo-admitted-proof-g8jzx8uo/slot/cargo-active/owner-8b2c568d27d74260894085fef36cbf9c", "marker_identity": [33, 221518], "lease_released": true}
cargo-admitted resources: {"worktree": "/tmp/cargo-admitted-proof-iuvb0kgj", "scope": {"hostname": "bf4c09722087", "platform": "linux", "working_directory": "/workspace/perl-lsp-17479-nested", "worktree": "/tmp/cargo-admitted-proof-iuvb0kgj", "operation": "test", "cargo_argv_sha256": "e81042e2a1b3dc0fbe65a691e6602b233ac9bc6b7b037347463a90b0188c6e7b", "resources": {"target": "/tmp/cargo-admitted-proof-iuvb0kgj/slot/target", "build": "/tmp/cargo-admitted-proof-iuvb0kgj/slot/build", "cargo_home": "/tmp/cargo-admitted-proof-iuvb0kgj/home", "temp": "/tmp/cargo-admitted-proof-iuvb0kgj/temp"}, "jobs": 2, "build_environment_sha256": "e284a2d91cf8188df562f2b93192f5d86e5c250d66d0775239e8512bc6710474"}, "resources": {"target": "/tmp/cargo-admitted-proof-iuvb0kgj/slot/target", "build": "/tmp/cargo-admitted-proof-iuvb0kgj/slot/build", "cargo_home": "/tmp/cargo-admitted-proof-iuvb0kgj/home", "temp": "/tmp/cargo-admitted-proof-iuvb0kgj/temp"}, "lease": "/tmp/cargo-admitted-proof-iuvb0kgj/slot/cargo-active", "pid": 70567, "admission": {"policy": "percent", "reserve_bytes": 1073741.824, "max_used_pct": 100.0, "required_free_bytes": 1073741.824, "destinations": [{"path": "/tmp/cargo-admitted-proof-iuvb0kgj/slot", "observed_ancestor": "/tmp/cargo-admitted-proof-iuvb0kgj/slot", "free_bytes": 8776118272, "required_free_bytes": 1073741.824, "headroom_bytes": 8775044530.176}, {"path": "/tmp/cargo-admitted-proof-iuvb0kgj/slot/target", "observed_ancestor": "/tmp/cargo-admitted-proof-iuvb0kgj/slot", "free_bytes": 8776118272, "required_free_bytes": 1073741.824, "headroom_bytes": 8775044530.176}, {"path": "/tmp/cargo-admitted-proof-iuvb0kgj/slot/build", "observed_ancestor": "/tmp/cargo-admitted-proof-iuvb0kgj/slot", "free_bytes": 8776118272, "required_free_bytes": 1073741.824, "headroom_bytes": 8775044530.176}, {"path": "/tmp/cargo-admitted-proof-iuvb0kgj/home", "observed_ancestor": "/tmp/cargo-admitted-proof-iuvb0kgj", "free_bytes": 8776118272, "required_free_bytes": 1073741.824, "headroom_bytes": 8775044530.176}, {"path": "/tmp/cargo-admitted-proof-iuvb0kgj/temp", "observed_ancestor": "/tmp/cargo-admitted-proof-iuvb0kgj", "free_bytes": 8776118272, "required_free_bytes": 1073741.824, "headroom_bytes": 8775044530.176}]}, "disposition": "retained with reason: reusable bounded slot", "lease_identity": [33, 221525], "lease_marker": "/tmp/cargo-admitted-proof-iuvb0kgj/slot/cargo-active/owner-1ec700ebfefa4901a331555160ad09b7", "marker_identity": [33, 221526]}
cargo-admitted Cargo tree: {"owner_pid": 70567, "subreaper": true, "prior_children": "none", "single_native_thread": true, "lease": "/tmp/cargo-admitted-proof-iuvb0kgj/slot/cargo-active"}
cargo-admitted: DENY: slot is active or awaits owner verification: /tmp/cargo-admitted-proof-iuvb0kgj/slot/cargo-active
cargo-admitted Cargo product: {"exit_code": 0, "lease": "/tmp/cargo-admitted-proof-iuvb0kgj/slot/cargo-active", "terminality": "awaiting owner verification", "lease_released": false}
cargo-admitted Cargo settlement: {"tree_settled": true, "cancelled": false, "lease": "/tmp/cargo-admitted-proof-iuvb0kgj/slot/cargo-active", "lease_identity": [33, 221525], "lease_marker": "/tmp/cargo-admitted-proof-iuvb0kgj/slot/cargo-active/owner-1ec700ebfefa4901a331555160ad09b7", "marker_identity": [33, 221526], "lease_released": true}
cargo-admitted resources: {"worktree": "/tmp/cargo-admitted-proof-iuvb0kgj", "scope": {"hostname": "bf4c09722087", "platform": "linux", "working_directory": "/workspace/perl-lsp-17479-nested", "worktree": "/tmp/cargo-admitted-proof-iuvb0kgj", "operation": "test", "cargo_argv_sha256": "e81042e2a1b3dc0fbe65a691e6602b233ac9bc6b7b037347463a90b0188c6e7b", "resources": {"target": "/tmp/cargo-admitted-proof-iuvb0kgj/slot/target", "build": "/tmp/cargo-admitted-proof-iuvb0kgj/slot/build", "cargo_home": "/tmp/cargo-admitted-proof-iuvb0kgj/home", "temp": "/tmp/cargo-admitted-proof-iuvb0kgj/temp"}, "jobs": 2, "build_environment_sha256": "e284a2d91cf8188df562f2b93192f5d86e5c250d66d0775239e8512bc6710474"}, "resources": {"target": "/tmp/cargo-admitted-proof-iuvb0kgj/slot/target", "build": "/tmp/cargo-admitted-proof-iuvb0kgj/slot/build", "cargo_home": "/tmp/cargo-admitted-proof-iuvb0kgj/home", "temp": "/tmp/cargo-admitted-proof-iuvb0kgj/temp"}, "lease": "/tmp/cargo-admitted-proof-iuvb0kgj/slot/cargo-active", "pid": 70567, "admission": {"policy": "percent", "reserve_bytes": 1073741.824, "max_used_pct": 100.0, "required_free_bytes": 1073741.824, "destinations": [{"path": "/tmp/cargo-admitted-proof-iuvb0kgj/slot", "observed_ancestor": "/tmp/cargo-admitted-proof-iuvb0kgj/slot", "free_bytes": 8776114176, "required_free_bytes": 1073741.824, "headroom_bytes": 8775040434.176}, {"path": "/tmp/cargo-admitted-proof-iuvb0kgj/slot/target", "observed_ancestor": "/tmp/cargo-admitted-proof-iuvb0kgj/slot/target", "free_bytes": 8776114176, "required_free_bytes": 1073741.824, "headroom_bytes": 8775040434.176}, {"path": "/tmp/cargo-admitted-proof-iuvb0kgj/slot/build", "observed_ancestor": "/tmp/cargo-admitted-proof-iuvb0kgj/slot/build", "free_bytes": 8776114176, "required_free_bytes": 1073741.824, "headroom_bytes": 8775040434.176}, {"path": "/tmp/cargo-admitted-proof-iuvb0kgj/home", "observed_ancestor": "/tmp/cargo-admitted-proof-iuvb0kgj/home", "free_bytes": 8776114176, "required_free_bytes": 1073741.824, "headroom_bytes": 8775040434.176}, {"path": "/tmp/cargo-admitted-proof-iuvb0kgj/temp", "observed_ancestor": "/tmp/cargo-admitted-proof-iuvb0kgj/temp", "free_bytes": 8776114176, "required_free_bytes": 1073741.824, "headroom_bytes": 8775040434.176}]}, "disposition": "retained with reason: reusable bounded slot", "lease_identity": [33, 221531], "lease_marker": "/tmp/cargo-admitted-proof-iuvb0kgj/slot/cargo-active/owner-d2187b1288d6454bb782e971d288611e", "marker_identity": [33, 221532]}
cargo-admitted Cargo tree: {"owner_pid": 70567, "subreaper": true, "prior_children": "none", "single_native_thread": true, "lease": "/tmp/cargo-admitted-proof-iuvb0kgj/slot/cargo-active"}
cargo-admitted: DENY: slot is active or awaits owner verification: /tmp/cargo-admitted-proof-iuvb0kgj/slot/cargo-active
cargo-admitted Cargo product: {"exit_code": 0, "lease": "/tmp/cargo-admitted-proof-iuvb0kgj/slot/cargo-active", "terminality": "awaiting owner verification", "lease_released": false}
cargo-admitted Cargo settlement: {"tree_settled": true, "cancelled": false, "lease": "/tmp/cargo-admitted-proof-iuvb0kgj/slot/cargo-active", "lease_identity": [33, 221531], "lease_marker": "/tmp/cargo-admitted-proof-iuvb0kgj/slot/cargo-active/owner-d2187b1288d6454bb782e971d288611e", "marker_identity": [33, 221532], "lease_released": true}
cargo-admitted: DENY: Cargo template braces are unsupported in resource paths
cargo-admitted: DENY: Cargo template braces are unsupported in resource paths
cargo-admitted: DENY: Cargo template braces are unsupported in resource paths
cargo-admitted: DENY: Cargo template braces are unsupported in resource paths
----------------------------------------------------------------------
Ran 226 tests in 81.593s

OK (skipped=1)
