Owning fixture harness preserved: {"path": "/tmp/nested-owner-proof-rcubs6sh/slot/worktrees/candidate/temp/disallowed-fields-owning-73262", "sha256": "b4fa9357dddd4be79bd2bdb61d70ed47a3a91e2c3e733d63bbddce08d5dc3f74"}
{"reason": "compiler-message", "manifest_path": "/tmp/nested-owner-proof-d20cbf_9/slot/worktrees/candidate/temp/disallowed-fields-17479/Cargo.toml", "target": {"src_path": "/tmp/nested-owner-proof-d20cbf_9/slot/worktrees/candidate/temp/disallowed-fields-17479/src/lib.rs"}, "message": {"code": {"code": "clippy::disallowed_fields"}, "level": "error", "spans": [{"is_primary": true, "file_name": "src/lib.rs", "line_start": 4}]}}
{"reason": "build-finished", "success": false}
running 1 test
test tasks::check_lint_policy::tests::config::disallowed_fields::configured_field_is_rejected_by_clippy ... ok

test result: ok. 1 passed; 0 failed; 0 ignored; 0 measured; 99 filtered out; finished in 0.02s
running 1 test
test other ... ok

test result: ok. 1 passed; 0 failed; 0 ignored; 0 measured; 99 filtered out; finished in 0.02s
running 1 test
test tasks::check_lint_policy::tests::config::disallowed_fields::configured_field_is_rejected_by_clippy ... ok

test result: ok. 0 passed; 0 failed; 0 ignored; 0 measured; 99 filtered out; finished in 0.02s
running 1 test
test tasks::check_lint_policy::tests::config::disallowed_fields::configured_field_is_rejected_by_clippy ... ignored

test result: ok. 1 passed; 0 failed; 0 ignored; 0 measured; 99 filtered out; finished in 0.02s
running 0 tests
test tasks::check_lint_policy::tests::config::disallowed_fields::configured_field_is_rejected_by_clippy ... ok

test result: ok. 1 passed; 0 failed; 0 ignored; 0 measured; 99 filtered out; finished in 0.02s
{"prepared": "/tmp/nested-owner-proof-8rvevl76/slot/worktrees/candidate/temp/jsonrpc-17479", "compiler_launched": false, "lock_generated": false}
Owning fixture harness preserved: {"path": "/tmp/nested-owner-proof-8rvevl76/slot/worktrees/candidate/temp/jsonrpc-owning-73262", "sha256": "8f7cd3e7ca059c5438a49e07cc8f445ed3ba797065690d321326ef46a9d4da74"}
{"prepared": "/tmp/nested-owner-proof-wwezrahk/slot/worktrees/candidate/temp/jsonrpc-17479", "compiler_launched": false, "lock_generated": false}
Locking reviewed packages
error[E0432]: unresolved import `perl_parser_core`
 --> src/lib.rs:7:13
{"prepared": "/tmp/nested-owner-proof-havmf1bm/slot/worktrees/candidate/temp/jsonrpc-17479", "compiler_launched": false, "lock_generated": false}
{"prepared": "/tmp/nested-owner-proof-68mhvghv/slot/worktrees/candidate/temp/jsonrpc-17479", "compiler_launched": false, "lock_generated": false}
{"prepared": "/tmp/nested-owner-proof-60bptgdh/slot/worktrees/candidate/temp/jsonrpc-17479", "compiler_launched": false, "lock_generated": false}
Locking reviewed packages
{"prepared": "/tmp/nested-owner-proof-nbm5zsun/slot/worktrees/candidate/temp/jsonrpc-17479", "compiler_launched": false, "lock_generated": false}
Locking reviewed packages
{"prepared": "/tmp/nested-owner-proof-259_820m/slot/worktrees/candidate/temp/jsonrpc-17479", "compiler_launched": false, "lock_generated": false}
Locking reviewed packages
{"prepared": "/tmp/nested-owner-proof-ypezk3ly/slot/worktrees/candidate/temp/jsonrpc-17479", "compiler_launched": false, "lock_generated": false}
{"prepared": "/tmp/nested-owner-proof-dv_l8o6z/slot/worktrees/candidate/temp/jsonrpc-17479", "compiler_launched": false, "lock_generated": false}
Locking reviewed packages
{"prepared": "/tmp/nested-owner-proof-obu2z3zu/slot/worktrees/candidate/temp/jsonrpc-17479", "compiler_launched": false, "lock_generated": false}
running 2 tests
test jsonrpc_model_is_dependency_closed_and_rejects_indirect_perl_taxonomy ... ok
test probe_lock_rejects_path_git_and_unreviewed_registry_sources ... ok
test result: ok. 2 passed; 0 failed; 0 ignored; 0 measured; 0 filtered out; finished in 0.01s
Locking reviewed packages
error[E0432]: unresolved import `perl_parser_core`
 --> src/lib.rs:7:13
running 2 tests
test jsonrpc_model_is_dependency_closed_and_rejects_indirect_perl_taxonomy ... ok
test probe_lock_rejects_path_git_and_unreviewed_registry_sources ... ok
test result: ok. 2 passed; 0 failed; 0 ignored; 0 measured; 0 filtered out; finished in 0.01s
{"prepared": "/tmp/nested-owner-proof-wz1et4nz/slot/worktrees/candidate/temp/jsonrpc-17479", "compiler_launched": false, "lock_generated": false}
{"prepared": "/tmp/nested-owner-proof-z43a73ko/slot/worktrees/candidate/temp/jsonrpc-17479", "compiler_launched": false, "lock_generated": false}
Owning fixture harness preserved: {"path": "/tmp/nested-owner-proof-xjyf7_n4/slot/worktrees/candidate/temp/lock-remaining-owning-73262", "sha256": "3f90725911778d18bbd9bc4924621a7f00113269d9bc41efc06bea88355ed7ff"}
running 5 tests
test tasks::check_lint_policy::tests::lock_partition::clippy_row_covers_parking_lot_guards_and_not_standard_library ... ok
test tasks::check_lint_policy::tests::lock_partition::discards_outside_the_governed_forms_are_covered_by_neither_row ... ok
test tasks::check_lint_policy::tests::lock_partition::explicit_drop_discards_are_covered_by_no_clippy_lint_at_any_level ... ok
test tasks::check_lint_policy::tests::lock_partition::let_underscore_must_use_owns_owned_and_mapped_guard_discards ... ok
test tasks::check_lint_policy::tests::lock_partition::rustc_row_covers_standard_library_guards_and_not_parking_lot ... ok

test result: ok. 5 passed; 0 failed; 0 ignored; 0 measured; 4787 filtered out; finished in 2.5s
running 5 tests
test tasks::check_lint_policy::tests::lock_partition::discards_outside_the_governed_forms_are_covered_by_neither_row ... ok
test tasks::check_lint_policy::tests::lock_partition::discards_outside_the_governed_forms_are_covered_by_neither_row ... ok
test tasks::check_lint_policy::tests::lock_partition::explicit_drop_discards_are_covered_by_no_clippy_lint_at_any_level ... ok
test tasks::check_lint_policy::tests::lock_partition::let_underscore_must_use_owns_owned_and_mapped_guard_discards ... ok
test tasks::check_lint_policy::tests::lock_partition::rustc_row_covers_standard_library_guards_and_not_parking_lot ... ok

test result: ok. 5 passed; 0 failed; 0 ignored; 0 measured; 4787 filtered out; finished in 2.5s
running 5 tests
test another_test ... ok
test tasks::check_lint_policy::tests::lock_partition::discards_outside_the_governed_forms_are_covered_by_neither_row ... ok
test tasks::check_lint_policy::tests::lock_partition::explicit_drop_discards_are_covered_by_no_clippy_lint_at_any_level ... ok
test tasks::check_lint_policy::tests::lock_partition::let_underscore_must_use_owns_owned_and_mapped_guard_discards ... ok
test tasks::check_lint_policy::tests::lock_partition::rustc_row_covers_standard_library_guards_and_not_parking_lot ... ok

test result: ok. 5 passed; 0 failed; 0 ignored; 0 measured; 4787 filtered out; finished in 2.5s
running 5 tests
test tasks::check_lint_policy::tests::lock_partition::clippy_row_covers_parking_lot_guards_and_not_standard_library ... ok
test tasks::check_lint_policy::tests::lock_partition::discards_outside_the_governed_forms_are_covered_by_neither_row ... ok
test tasks::check_lint_policy::tests::lock_partition::explicit_drop_discards_are_covered_by_no_clippy_lint_at_any_level ... ok
test tasks::check_lint_policy::tests::lock_partition::let_underscore_must_use_owns_owned_and_mapped_guard_discards ... ok
test tasks::check_lint_policy::tests::lock_partition::rustc_row_covers_standard_library_guards_and_not_parking_lot ... ok

test result: ok. 4 passed; 0 failed; 0 ignored; 0 measured; 4787 filtered out; finished in 2.5s
running 5 tests
test tasks::check_lint_policy::tests::lock_partition::clippy_row_covers_parking_lot_guards_and_not_standard_library ... ok
test tasks::check_lint_policy::tests::lock_partition::discards_outside_the_governed_forms_are_covered_by_neither_row ... ok
test tasks::check_lint_policy::tests::lock_partition::explicit_drop_discards_are_covered_by_no_clippy_lint_at_any_level ... ok
test tasks::check_lint_policy::tests::lock_partition::let_underscore_must_use_owns_owned_and_mapped_guard_discards ... ok
test tasks::check_lint_policy::tests::lock_partition::rustc_row_covers_standard_library_guards_and_not_parking_lot ... ok

test result: ok. 5 passed; 0 failed; 1 ignored; 0 measured; 4787 filtered out; finished in 2.5s
running 6 tests
test tasks::check_lint_policy::tests::lock_partition::clippy_row_covers_parking_lot_guards_and_not_standard_library ... ok
test tasks::check_lint_policy::tests::lock_partition::discards_outside_the_governed_forms_are_covered_by_neither_row ... ok
test tasks::check_lint_policy::tests::lock_partition::explicit_drop_discards_are_covered_by_no_clippy_lint_at_any_level ... ok
test tasks::check_lint_policy::tests::lock_partition::let_underscore_must_use_owns_owned_and_mapped_guard_discards ... ok
test tasks::check_lint_policy::tests::lock_partition::rustc_row_covers_standard_library_guards_and_not_parking_lot ... ok

test result: ok. 5 passed; 0 failed; 0 ignored; 0 measured; 4787 filtered out; finished in 2.5s
running 5 tests
test tasks::check_lint_policy::tests::lock_partition::clippy_row_covers_parking_lot_guards_and_not_standard_library ... ok
test tasks::check_lint_policy::tests::lock_partition::discards_outside_the_governed_forms_are_covered_by_neither_row ... ok
test tasks::check_lint_policy::tests::lock_partition::explicit_drop_discards_are_covered_by_no_clippy_lint_at_any_level ... ok
test tasks::check_lint_policy::tests::lock_partition::let_underscore_must_use_owns_owned_and_mapped_guard_discards ... ok
test tasks::check_lint_policy::tests::lock_partition::rustc_row_covers_standard_library_guards_and_not_parking_lot ... ok

test result: ok. 5 passed; 0 failed; 0 ignored; 0 measured; 4787 filtered out; finished in 2.5s
test extra ... ok
{"reason": "compiler-message", "manifest_path": "/tmp/nested-owner-proof-frr430fg/slot/worktrees/candidate/temp/lock-union-17479/Cargo.toml", "target": {"src_path": "/tmp/nested-owner-proof-frr430fg/slot/worktrees/candidate/temp/lock-union-17479/src/lib.rs"}, "message": {"code": {"code": "let_underscore_lock"}, "level": "warning", "spans": [{"is_primary": true, "file_name": "src/lib.rs", "line_start": 5, "text": [{"text": "    let _ = dropped_std_mutex.lock();"}]}]}}
{"reason": "compiler-message", "manifest_path": "/tmp/nested-owner-proof-frr430fg/slot/worktrees/candidate/temp/lock-union-17479/Cargo.toml", "target": {"src_path": "/tmp/nested-owner-proof-frr430fg/slot/worktrees/candidate/temp/lock-union-17479/src/lib.rs"}, "message": {"code": {"code": "let_underscore_lock"}, "level": "warning", "spans": [{"is_primary": true, "file_name": "src/lib.rs", "line_start": 6, "text": [{"text": "    let _ = dropped_std_rwlock.read();"}]}]}}
{"reason": "compiler-message", "manifest_path": "/tmp/nested-owner-proof-frr430fg/slot/worktrees/candidate/temp/lock-union-17479/Cargo.toml", "target": {"src_path": "/tmp/nested-owner-proof-frr430fg/slot/worktrees/candidate/temp/lock-union-17479/src/lib.rs"}, "message": {"code": {"code": "clippy::let_underscore_lock"}, "level": "warning", "spans": [{"is_primary": true, "file_name": "src/lib.rs", "line_start": 10, "text": [{"text": "    let _ = dropped_pl_mutex.lock();"}]}]}}
{"reason": "compiler-message", "manifest_path": "/tmp/nested-owner-proof-frr430fg/slot/worktrees/candidate/temp/lock-union-17479/Cargo.toml", "target": {"src_path": "/tmp/nested-owner-proof-frr430fg/slot/worktrees/candidate/temp/lock-union-17479/src/lib.rs"}, "message": {"code": {"code": "clippy::let_underscore_lock"}, "level": "warning", "spans": [{"is_primary": true, "file_name": "src/lib.rs", "line_start": 11, "text": [{"text": "    let _ = dropped_pl_rwlock.write();"}]}]}}
{"reason": "build-finished", "success": true}
{"reason": "compiler-message", "manifest_path": "/tmp/nested-owner-proof-frr430fg/slot/worktrees/candidate/temp/lock-union-17479/Cargo.toml", "target": {"src_path": "/tmp/nested-owner-proof-frr430fg/slot/worktrees/candidate/temp/lock-union-17479/src/lib.rs"}, "message": {"code": {"code": "let_underscore_lock"}, "level": "warning", "spans": [{"is_primary": true, "file_name": "src/lib.rs", "line_start": 5, "text": [{"text": "    let _ = dropped_std_mutex.lock();"}]}]}}
{"reason": "compiler-message", "manifest_path": "/tmp/nested-owner-proof-frr430fg/slot/worktrees/candidate/temp/lock-union-17479/Cargo.toml", "target": {"src_path": "/tmp/nested-owner-proof-frr430fg/slot/worktrees/candidate/temp/lock-union-17479/src/lib.rs"}, "message": {"code": {"code": "let_underscore_lock"}, "level": "warning", "spans": [{"is_primary": true, "file_name": "src/lib.rs", "line_start": 6, "text": [{"text": "    let _ = dropped_std_rwlock.read();"}]}]}}
{"reason": "build-finished", "success": true}
{"reason": "compiler-message", "manifest_path": "/tmp/nested-owner-proof-frr430fg/slot/worktrees/candidate/temp/lock-union-17479/Cargo.toml", "target": {"src_path": "/tmp/nested-owner-proof-frr430fg/slot/worktrees/candidate/temp/lock-union-17479/src/lib.rs"}, "message": {"code": {"code": "clippy::let_underscore_lock"}, "level": "warning", "spans": [{"is_primary": true, "file_name": "src/lib.rs", "line_start": 10, "text": [{"text": "    let _ = dropped_pl_mutex.lock();"}]}]}}
{"reason": "compiler-message", "manifest_path": "/tmp/nested-owner-proof-frr430fg/slot/worktrees/candidate/temp/lock-union-17479/Cargo.toml", "target": {"src_path": "/tmp/nested-owner-proof-frr430fg/slot/worktrees/candidate/temp/lock-union-17479/src/lib.rs"}, "message": {"code": {"code": "clippy::let_underscore_lock"}, "level": "warning", "spans": [{"is_primary": true, "file_name": "src/lib.rs", "line_start": 11, "text": [{"text": "    let _ = dropped_pl_rwlock.write();"}]}]}}
{"reason": "build-finished", "success": true}
{"reason": "compiler-message", "manifest_path": "/tmp/nested-owner-proof-frr430fg/slot/worktrees/candidate/temp/lock-union-17479/Cargo.toml", "target": {"src_path": "/tmp/nested-owner-proof-frr430fg/slot/worktrees/candidate/temp/lock-union-17479/src/lib.rs"}, "message": {"code": {"code": "clippy::let_underscore_must_use"}, "level": "warning", "spans": [{"is_primary": true, "file_name": "src/lib.rs", "line_start": 15, "text": [{"text": "    let _ = dropped_arc_mutex.lock_arc();"}]}]}}
{"reason": "compiler-message", "manifest_path": "/tmp/nested-owner-proof-frr430fg/slot/worktrees/candidate/temp/lock-union-17479/Cargo.toml", "target": {"src_path": "/tmp/nested-owner-proof-frr430fg/slot/worktrees/candidate/temp/lock-union-17479/src/lib.rs"}, "message": {"code": {"code": "clippy::let_underscore_must_use"}, "level": "warning", "spans": [{"is_primary": true, "file_name": "src/lib.rs", "line_start": 16, "text": [{"text": "    let _ = dropped_arc_rwlock.write_arc();"}]}]}}
{"reason": "compiler-message", "manifest_path": "/tmp/nested-owner-proof-frr430fg/slot/worktrees/candidate/temp/lock-union-17479/Cargo.toml", "target": {"src_path": "/tmp/nested-owner-proof-frr430fg/slot/worktrees/candidate/temp/lock-union-17479/src/lib.rs"}, "message": {"code": {"code": "clippy::let_underscore_must_use"}, "level": "warning", "spans": [{"is_primary": true, "file_name": "src/lib.rs", "line_start": 26, "text": [{"text": "    let _ = PlMutexGuard::map(dropped_mapped_pl_guard, |value| &mut value.0);"}]}]}}
{"reason": "build-finished", "success": true}
{"reason": "compiler-message", "manifest_path": "/tmp/nested-owner-proof-frr430fg/slot/worktrees/candidate/temp/lock-union-17479/Cargo.toml", "target": {"src_path": "/tmp/nested-owner-proof-frr430fg/slot/worktrees/candidate/temp/lock-union-17479/src/lib.rs"}, "message": {"code": {"code": "let_underscore_lock"}, "level": "warning", "spans": [{"is_primary": true, "file_name": "src/lib.rs", "line_start": 5, "text": [{"text": "    let _ = dropped_std_mutex.lock();"}]}]}}
{"reason": "compiler-message", "manifest_path": "/tmp/nested-owner-proof-frr430fg/slot/worktrees/candidate/temp/lock-union-17479/Cargo.toml", "target": {"src_path": "/tmp/nested-owner-proof-frr430fg/slot/worktrees/candidate/temp/lock-union-17479/src/lib.rs"}, "message": {"code": {"code": "let_underscore_lock"}, "level": "warning", "spans": [{"is_primary": true, "file_name": "src/lib.rs", "line_start": 6, "text": [{"text": "    let _ = dropped_std_rwlock.read();"}]}]}}
{"reason": "compiler-message", "manifest_path": "/tmp/nested-owner-proof-frr430fg/slot/worktrees/candidate/temp/lock-union-17479/Cargo.toml", "target": {"src_path": "/tmp/nested-owner-proof-frr430fg/slot/worktrees/candidate/temp/lock-union-17479/src/lib.rs"}, "message": {"code": {"code": "clippy::let_underscore_lock"}, "level": "warning", "spans": [{"is_primary": true, "file_name": "src/lib.rs", "line_start": 10, "text": [{"text": "    let _ = dropped_pl_mutex.lock();"}]}]}}
{"reason": "compiler-message", "manifest_path": "/tmp/nested-owner-proof-frr430fg/slot/worktrees/candidate/temp/lock-union-17479/Cargo.toml", "target": {"src_path": "/tmp/nested-owner-proof-frr430fg/slot/worktrees/candidate/temp/lock-union-17479/src/lib.rs"}, "message": {"code": {"code": "clippy::let_underscore_lock"}, "level": "warning", "spans": [{"is_primary": true, "file_name": "src/lib.rs", "line_start": 11, "text": [{"text": "    let _ = dropped_pl_rwlock.write();"}]}]}}
{"reason": "compiler-message", "manifest_path": "/tmp/nested-owner-proof-frr430fg/slot/worktrees/candidate/temp/lock-union-17479/Cargo.toml", "target": {"src_path": "/tmp/nested-owner-proof-frr430fg/slot/worktrees/candidate/temp/lock-union-17479/src/lib.rs"}, "message": {"code": {"code": "clippy::let_underscore_must_use"}, "level": "warning", "spans": [{"is_primary": true, "file_name": "src/lib.rs", "line_start": 15, "text": [{"text": "    let _ = dropped_arc_mutex.lock_arc();"}]}]}}
{"reason": "compiler-message", "manifest_path": "/tmp/nested-owner-proof-frr430fg/slot/worktrees/candidate/temp/lock-union-17479/Cargo.toml", "target": {"src_path": "/tmp/nested-owner-proof-frr430fg/slot/worktrees/candidate/temp/lock-union-17479/src/lib.rs"}, "message": {"code": {"code": "clippy::let_underscore_must_use"}, "level": "warning", "spans": [{"is_primary": true, "file_name": "src/lib.rs", "line_start": 16, "text": [{"text": "    let _ = dropped_arc_rwlock.write_arc();"}]}]}}
{"reason": "compiler-message", "manifest_path": "/tmp/nested-owner-proof-frr430fg/slot/worktrees/candidate/temp/lock-union-17479/Cargo.toml", "target": {"src_path": "/tmp/nested-owner-proof-frr430fg/slot/worktrees/candidate/temp/lock-union-17479/src/lib.rs"}, "message": {"code": {"code": "clippy::let_underscore_must_use"}, "level": "warning", "spans": [{"is_primary": true, "file_name": "src/lib.rs", "line_start": 26, "text": [{"text": "    let _ = PlMutexGuard::map(dropped_mapped_pl_guard, |value| &mut value.0);"}]}]}}
{"reason": "build-finished", "success": true}
{"reason": "compiler-message", "manifest_path": "/tmp/nested-owner-proof-aktpvg4b/slot/worktrees/candidate/temp/lock-union-17479/Cargo.toml", "target": {"src_path": "/tmp/nested-owner-proof-aktpvg4b/slot/worktrees/candidate/temp/lock-union-17479/src/lib.rs"}, "message": {"level": "warning", "code": {"code": "let_underscore_lock"}, "spans": [{"is_primary": true, "file_name": "src/lib.rs", "line_start": 5, "text": [{"text": "    let _ = dropped_std_mutex.lock();"}]}]}}
{"reason": "compiler-message", "manifest_path": "/tmp/nested-owner-proof-aktpvg4b/slot/worktrees/candidate/temp/lock-union-17479/Cargo.toml", "target": {"src_path": "/tmp/nested-owner-proof-aktpvg4b/slot/worktrees/candidate/temp/lock-union-17479/src/lib.rs"}, "message": {"level": "warning", "code": {"code": "let_underscore_lock"}, "spans": [{"is_primary": true, "file_name": "src/lib.rs", "line_start": 6, "text": [{"text": "    let _ = dropped_std_rwlock.read();"}]}]}}
{"reason": "compiler-message", "manifest_path": "/tmp/nested-owner-proof-aktpvg4b/slot/worktrees/candidate/temp/lock-union-17479/Cargo.toml", "target": {"src_path": "/tmp/nested-owner-proof-aktpvg4b/slot/worktrees/candidate/temp/lock-union-17479/src/lib.rs"}, "message": {"level": "warning", "code": {"code": "clippy::let_underscore_lock"}, "spans": [{"is_primary": true, "file_name": "src/lib.rs", "line_start": 10, "text": [{"text": "    let _ = dropped_pl_mutex.lock();"}]}]}}
{"reason": "compiler-message", "manifest_path": "/tmp/nested-owner-proof-aktpvg4b/slot/worktrees/candidate/temp/lock-union-17479/Cargo.toml", "target": {"src_path": "/tmp/nested-owner-proof-aktpvg4b/slot/worktrees/candidate/temp/lock-union-17479/src/lib.rs"}, "message": {"level": "warning", "code": {"code": "clippy::let_underscore_lock"}, "spans": [{"is_primary": true, "file_name": "src/lib.rs", "line_start": 11, "text": [{"text": "    let _ = dropped_pl_rwlock.write();"}]}]}}
{"reason": "build-finished", "success": true}
running 1 test
test tasks::check_lint_policy::tests::lock_partition::the_two_rows_jointly_cover_every_borrowed_guard_discard ... ok

test result: ok. 1 passed; 0 failed; 0 ignored; 0 measured; 4791 filtered out; finished in 0.93s
running 1 test
test another_test ... ok

test result: ok. 1 passed; 0 failed; 0 ignored; 0 measured; 4791 filtered out; finished in 0.93s
running 1 test
test tasks::check_lint_policy::tests::lock_partition::the_two_rows_jointly_cover_every_borrowed_guard_discard ... ok

test result: ok. 0 passed; 0 failed; 0 ignored; 0 measured; 4791 filtered out; finished in 0.93s
running 1 test
test tasks::check_lint_policy::tests::lock_partition::the_two_rows_jointly_cover_every_borrowed_guard_discard ... ok

test result: ok. 1 passed; 0 failed; 1 ignored; 0 measured; 4791 filtered out; finished in 0.93s
cargo-admitted nested: DENY: --nested-row accepts one bound row identifier, no raw arguments
cargo-admitted nested: DENY: --nested-row accepts one bound row identifier, no raw arguments
cargo-admitted resources: {"worktree": "/tmp/nested-owner-proof-586jmtha/repo", "scope": {"hostname": "bf4c09722087", "platform": "linux", "working_directory": "/tmp/nested-owner-proof-586jmtha/repo", "worktree": "/tmp/nested-owner-proof-586jmtha/repo", "operation": "build", "cargo_argv_sha256": "5056403b733cff22251dd2d960f558a858133eae86ec1b90c04e989759fb12d1", "resources": {"target": "/tmp/nested-owner-proof-586jmtha/slot/worktrees/candidate/target", "build": "/tmp/nested-owner-proof-586jmtha/slot/worktrees/candidate/build", "cargo_home": "/tmp/nested-owner-proof-586jmtha/slot/worktrees/candidate/cargo_home", "temp": "/tmp/nested-owner-proof-586jmtha/slot/worktrees/candidate/temp"}, "jobs": 1, "build_environment_sha256": "2bbd40cb6a99688772df941fd2852c443917ccbba6d3a97706964314383cf947", "nested_plan_sha256": "0ea6e71391cd0c5a1da96b84e0935bc91592f6dffcc84b95f3572245954dbff8"}, "resources": {"target": "/tmp/nested-owner-proof-586jmtha/slot/worktrees/candidate/target", "build": "/tmp/nested-owner-proof-586jmtha/slot/worktrees/candidate/build", "cargo_home": "/tmp/nested-owner-proof-586jmtha/slot/worktrees/candidate/cargo_home", "temp": "/tmp/nested-owner-proof-586jmtha/slot/worktrees/candidate/temp"}, "lease": "/tmp/nested-owner-proof-586jmtha/slot/cargo-active", "pid": 73262, "admission": {"policy": "fixture"}, "disposition": "retained with reason: reusable bounded slot", "lease_identity": [33, 278720], "lease_marker": "/tmp/nested-owner-proof-586jmtha/slot/cargo-active/owner-2f6b49302b5145c89fd390e4035e3e12", "marker_identity": [33, 278721], "owner_process": {"pid": 73262, "parent": 73259, "start": "4500637"}, "nested_snapshot": {"path": "/tmp/nested-owner-proof-586jmtha/slot/nested-plan-owner-2f6b49302b5145c89fd390e4035e3e12.json", "file_identity": [33, 278722, 4261, 1791651938052181286, 1791651938052181286], "sha256": "e52c68c6a8857d9c418888cc1e75ab257bd318f1b5851ba3ba23261c08de43ce"}}
cargo-admitted Cargo tree: {"owner_pid": 73262, "subreaper": true, "prior_children": "none", "single_native_thread": true, "lease": "/tmp/nested-owner-proof-586jmtha/slot/cargo-active"}
cargo-admitted Cargo product: {"exit_code": 101, "lease": "/tmp/nested-owner-proof-586jmtha/slot/cargo-active", "terminality": "awaiting owner verification", "lease_released": false}
cargo-admitted Cargo settlement: {"tree_settled": true, "cancelled": false, "lease": "/tmp/nested-owner-proof-586jmtha/slot/cargo-active", "lease_identity": [33, 278720], "lease_marker": "/tmp/nested-owner-proof-586jmtha/slot/cargo-active/owner-2f6b49302b5145c89fd390e4035e3e12", "marker_identity": [33, 278721], "lease_released": true}
cargo-admitted preflight: {"verdict": "PASS", "scope": {"hostname": "bf4c09722087", "platform": "linux", "working_directory": "/tmp/nested-owner-proof-wbl3njix/repo", "worktree": "/tmp/nested-owner-proof-wbl3njix/repo", "operation": "build", "cargo_argv_sha256": "5056403b733cff22251dd2d960f558a858133eae86ec1b90c04e989759fb12d1", "resources": {"target": "/tmp/nested-owner-proof-wbl3njix/slot/worktrees/candidate/target", "build": "/tmp/nested-owner-proof-wbl3njix/slot/worktrees/candidate/build", "cargo_home": "/tmp/nested-owner-proof-wbl3njix/slot/worktrees/candidate/cargo_home", "temp": "/tmp/nested-owner-proof-wbl3njix/slot/worktrees/candidate/temp"}, "jobs": 1, "build_environment_sha256": "2bbd40cb6a99688772df941fd2852c443917ccbba6d3a97706964314383cf947", "nested_plan_sha256": "b0eec26447c7f7ceed27277c4f856b4d6c07baac430d97a3ede97a8b2dcefb25"}, "admission": {"policy": "fixture"}, "lease": "/tmp/nested-owner-proof-wbl3njix/slot/cargo-active", "lease_acquired": false, "limitation": "read-only snapshot; not a reservation or a verified growth measurement"}
cargo-admitted preflight: {"verdict": "PASS", "scope": {"hostname": "bf4c09722087", "platform": "linux", "working_directory": "/tmp/nested-owner-proof-wbl3njix/repo", "worktree": "/tmp/nested-owner-proof-wbl3njix/repo", "operation": "build", "cargo_argv_sha256": "5056403b733cff22251dd2d960f558a858133eae86ec1b90c04e989759fb12d1", "resources": {"target": "/tmp/nested-owner-proof-wbl3njix/slot/worktrees/candidate/target", "build": "/tmp/nested-owner-proof-wbl3njix/slot/worktrees/candidate/build", "cargo_home": "/tmp/nested-owner-proof-wbl3njix/slot/worktrees/candidate/cargo_home", "temp": "/tmp/nested-owner-proof-wbl3njix/slot/worktrees/candidate/temp"}, "jobs": 1, "build_environment_sha256": "2bbd40cb6a99688772df941fd2852c443917ccbba6d3a97706964314383cf947", "nested_plan_sha256": "54a05ae8f32fb0b7c09147b0ce82ebbf0394e5fb5bca0b2ab5c696cc17bdea54"}, "admission": {"policy": "fixture"}, "lease": "/tmp/nested-owner-proof-wbl3njix/slot/cargo-active", "lease_acquired": false, "limitation": "read-only snapshot; not a reservation or a verified growth measurement"}
cargo-admitted: DENY: unknown nested row
cargo-admitted: DENY: nested callers must use bound leaf rendering, not reacquire a parent lease
running 14 tests
test cfg_attr_allow_fixture_is_detected ... ok
test cfg_attr_without_collapsible_if_does_not_occupy ... ok
test clippy_all_targets_has_no_collapsible_if_hits ... ok
test comment_and_string_literals_do_not_occupy ... ok
test crate_level_allow_fixture_is_detected ... ok
test expect_attr_fixture_is_detected ... ok
test item_allow_fixture_is_detected ... ok
test lib_rs_crate_allow_list_does_not_name_collapsible_if ... ok
test nested_cfg_attr_allow_fixture_is_detected ... ok
test occupancy_requires_allow_attr_not_scanner_literals ... ok
test perl_parser_sources_do_not_allow_collapsible_if ... ok
test successful_clippy_without_hits_is_clean ... ok
test unsuccessful_clippy_with_hits_still_reports_occupancy ... ok
test unsuccessful_clippy_without_hits_is_instrument_failure ... ok
test result: ok. 14 passed; 0 failed; 0 ignored; 0 measured; 0 filtered out; finished in 0.01s
running 0 tests
test cfg_attr_allow_fixture_is_detected ... ok
test cfg_attr_without_collapsible_if_does_not_occupy ... ok
test clippy_all_targets_has_no_collapsible_if_hits ... ok
test comment_and_string_literals_do_not_occupy ... ok
test crate_level_allow_fixture_is_detected ... ok
test expect_attr_fixture_is_detected ... ok
test item_allow_fixture_is_detected ... ok
test lib_rs_crate_allow_list_does_not_name_collapsible_if ... ok
test nested_cfg_attr_allow_fixture_is_detected ... ok
test occupancy_requires_allow_attr_not_scanner_literals ... ok
test perl_parser_sources_do_not_allow_collapsible_if ... ok
test successful_clippy_without_hits_is_clean ... ok
test unsuccessful_clippy_with_hits_still_reports_occupancy ... ok
test unsuccessful_clippy_without_hits_is_instrument_failure ... ok
test result: ok. 14 passed; 0 failed; 0 ignored; 0 measured; 0 filtered out; finished in 0.01s
running 14 tests
test cfg_attr_allow_fixture_is_detected ... ok
test cfg_attr_without_collapsible_if_does_not_occupy ... ok
test clippy_all_targets_has_no_collapsible_if_hits ... ok
test comment_and_string_literals_do_not_occupy ... ok
test crate_level_allow_fixture_is_detected ... ok
test expect_attr_fixture_is_detected ... ok
test item_allow_fixture_is_detected ... ok
test lib_rs_crate_allow_list_does_not_name_collapsible_if ... ok
test nested_cfg_attr_allow_fixture_is_detected ... ok
test occupancy_requires_allow_attr_not_scanner_literals ... ok
test perl_parser_sources_do_not_allow_collapsible_if ... ok
test successful_clippy_without_hits_is_clean ... ok
test unsuccessful_clippy_with_hits_still_reports_occupancy ... ok
test unsuccessful_clippy_without_hits_is_instrument_failure ... ok
test result: ok. 14 passed; 0 failed; 0 ignored; 0 measured; 0 filtered out; finished in 0.01s
cargo-admitted resources: {"worktree": "/tmp/cargo-admitted-proof-3nn20eqe", "scope": {"hostname": "bf4c09722087", "platform": "linux", "working_directory": "/workspace/perl-lsp-17479-nested", "worktree": "/tmp/cargo-admitted-proof-3nn20eqe", "operation": "test", "cargo_argv_sha256": "ecfd160805b1b0481fd0793c745be3b45d2054582de1c4df5d9b8fa4d78e7fbc", "resources": {"target": "/tmp/cargo-admitted-proof-3nn20eqe/terminated--9/target", "build": "/tmp/cargo-admitted-proof-3nn20eqe/terminated--9/build", "cargo_home": "/tmp/cargo-admitted-proof-3nn20eqe/terminated--9/cargo_home", "temp": "/tmp/cargo-admitted-proof-3nn20eqe/terminated--9/temp"}, "jobs": 2, "build_environment_sha256": "44136fa355b3678a1146ad16f7e8649e94fb4fc21fe77e8310c060f61caaff8a"}, "resources": {"target": "/tmp/cargo-admitted-proof-3nn20eqe/terminated--9/target", "build": "/tmp/cargo-admitted-proof-3nn20eqe/terminated--9/build", "cargo_home": "/tmp/cargo-admitted-proof-3nn20eqe/terminated--9/cargo_home", "temp": "/tmp/cargo-admitted-proof-3nn20eqe/terminated--9/temp"}, "lease": "/tmp/cargo-admitted-proof-3nn20eqe/terminated--9/cargo-active", "pid": 73262, "admission": {"policy": "percent", "reserve_bytes": 1073741.824, "max_used_pct": 100.0, "required_free_bytes": 1073741.824, "destinations": [{"path": "/tmp/cargo-admitted-proof-3nn20eqe/terminated--9", "observed_ancestor": "/tmp/cargo-admitted-proof-3nn20eqe/terminated--9", "free_bytes": 8773042176, "required_free_bytes": 1073741.824, "headroom_bytes": 8771968434.176}, {"path": "/tmp/cargo-admitted-proof-3nn20eqe/terminated--9/target", "observed_ancestor": "/tmp/cargo-admitted-proof-3nn20eqe/terminated--9", "free_bytes": 8773042176, "required_free_bytes": 1073741.824, "headroom_bytes": 8771968434.176}, {"path": "/tmp/cargo-admitted-proof-3nn20eqe/terminated--9/build", "observed_ancestor": "/tmp/cargo-admitted-proof-3nn20eqe/terminated--9", "free_bytes": 8773042176, "required_free_bytes": 1073741.824, "headroom_bytes": 8771968434.176}, {"path": "/tmp/cargo-admitted-proof-3nn20eqe/terminated--9/cargo_home", "observed_ancestor": "/tmp/cargo-admitted-proof-3nn20eqe/terminated--9", "free_bytes": 8773042176, "required_free_bytes": 1073741.824, "headroom_bytes": 8771968434.176}, {"path": "/tmp/cargo-admitted-proof-3nn20eqe/terminated--9/temp", "observed_ancestor": "/tmp/cargo-admitted-proof-3nn20eqe/terminated--9", "free_bytes": 8773042176, "required_free_bytes": 1073741.824, "headroom_bytes": 8771968434.176}]}, "disposition": "retained with reason: reusable bounded slot", "lease_identity": [33, 279995], "lease_marker": "/tmp/cargo-admitted-proof-3nn20eqe/terminated--9/cargo-active/owner-f410986bc38941e4a8c05c4d20d4a9ae", "marker_identity": [33, 279996]}
cargo-admitted Cargo tree: {"owner_pid": 73262, "subreaper": true, "prior_children": "none", "single_native_thread": true, "lease": "/tmp/cargo-admitted-proof-3nn20eqe/terminated--9/cargo-active"}
cargo-admitted Cargo product: {"exit_code": -9, "lease": "/tmp/cargo-admitted-proof-3nn20eqe/terminated--9/cargo-active", "terminality": "awaiting owner verification", "lease_released": false}
cargo-admitted: lease retained; root must verify all consumers before release
cargo-admitted Cargo settlement: {"tree_settled": false, "cancelled": false, "lease": "/tmp/cargo-admitted-proof-3nn20eqe/terminated--9/cargo-active", "lease_identity": [33, 279995], "lease_marker": "/tmp/cargo-admitted-proof-3nn20eqe/terminated--9/cargo-active/owner-f410986bc38941e4a8c05c4d20d4a9ae", "marker_identity": [33, 279996], "lease_released": false}
cargo-admitted: DENY: slot is active or awaits owner verification: /tmp/cargo-admitted-proof-3nn20eqe/terminated--9/cargo-active
cargo-admitted resources: {"worktree": "/tmp/cargo-admitted-proof-3nn20eqe", "scope": {"hostname": "bf4c09722087", "platform": "linux", "working_directory": "/workspace/perl-lsp-17479-nested", "worktree": "/tmp/cargo-admitted-proof-3nn20eqe", "operation": "test", "cargo_argv_sha256": "ecfd160805b1b0481fd0793c745be3b45d2054582de1c4df5d9b8fa4d78e7fbc", "resources": {"target": "/tmp/cargo-admitted-proof-3nn20eqe/terminated-3221225786/target", "build": "/tmp/cargo-admitted-proof-3nn20eqe/terminated-3221225786/build", "cargo_home": "/tmp/cargo-admitted-proof-3nn20eqe/terminated-3221225786/cargo_home", "temp": "/tmp/cargo-admitted-proof-3nn20eqe/terminated-3221225786/temp"}, "jobs": 2, "build_environment_sha256": "44136fa355b3678a1146ad16f7e8649e94fb4fc21fe77e8310c060f61caaff8a"}, "resources": {"target": "/tmp/cargo-admitted-proof-3nn20eqe/terminated-3221225786/target", "build": "/tmp/cargo-admitted-proof-3nn20eqe/terminated-3221225786/build", "cargo_home": "/tmp/cargo-admitted-proof-3nn20eqe/terminated-3221225786/cargo_home", "temp": "/tmp/cargo-admitted-proof-3nn20eqe/terminated-3221225786/temp"}, "lease": "/tmp/cargo-admitted-proof-3nn20eqe/terminated-3221225786/cargo-active", "pid": 73262, "admission": {"policy": "percent", "reserve_bytes": 1073741.824, "max_used_pct": 100.0, "required_free_bytes": 1073741.824, "destinations": [{"path": "/tmp/cargo-admitted-proof-3nn20eqe/terminated-3221225786", "observed_ancestor": "/tmp/cargo-admitted-proof-3nn20eqe/terminated-3221225786", "free_bytes": 8773038080, "required_free_bytes": 1073741.824, "headroom_bytes": 8771964338.176}, {"path": "/tmp/cargo-admitted-proof-3nn20eqe/terminated-3221225786/target", "observed_ancestor": "/tmp/cargo-admitted-proof-3nn20eqe/terminated-3221225786", "free_bytes": 8773038080, "required_free_bytes": 1073741.824, "headroom_bytes": 8771964338.176}, {"path": "/tmp/cargo-admitted-proof-3nn20eqe/terminated-3221225786/build", "observed_ancestor": "/tmp/cargo-admitted-proof-3nn20eqe/terminated-3221225786", "free_bytes": 8773038080, "required_free_bytes": 1073741.824, "headroom_bytes": 8771964338.176}, {"path": "/tmp/cargo-admitted-proof-3nn20eqe/terminated-3221225786/cargo_home", "observed_ancestor": "/tmp/cargo-admitted-proof-3nn20eqe/terminated-3221225786", "free_bytes": 8773038080, "required_free_bytes": 1073741.824, "headroom_bytes": 8771964338.176}, {"path": "/tmp/cargo-admitted-proof-3nn20eqe/terminated-3221225786/temp", "observed_ancestor": "/tmp/cargo-admitted-proof-3nn20eqe/terminated-3221225786", "free_bytes": 8773038080, "required_free_bytes": 1073741.824, "headroom_bytes": 8771964338.176}]}, "disposition": "retained with reason: reusable bounded slot", "lease_identity": [33, 280002], "lease_marker": "/tmp/cargo-admitted-proof-3nn20eqe/terminated-3221225786/cargo-active/owner-3f5a82e367f944e7aee372b4db6a6f5b", "marker_identity": [33, 280003]}
cargo-admitted Cargo tree: {"owner_pid": 73262, "subreaper": true, "prior_children": "none", "single_native_thread": true, "lease": "/tmp/cargo-admitted-proof-3nn20eqe/terminated-3221225786/cargo-active"}
cargo-admitted Cargo product: {"exit_code": 3221225786, "lease": "/tmp/cargo-admitted-proof-3nn20eqe/terminated-3221225786/cargo-active", "terminality": "awaiting owner verification", "lease_released": false}
cargo-admitted: lease retained; root must verify all consumers before release
cargo-admitted Cargo settlement: {"tree_settled": false, "cancelled": false, "lease": "/tmp/cargo-admitted-proof-3nn20eqe/terminated-3221225786/cargo-active", "lease_identity": [33, 280002], "lease_marker": "/tmp/cargo-admitted-proof-3nn20eqe/terminated-3221225786/cargo-active/owner-3f5a82e367f944e7aee372b4db6a6f5b", "marker_identity": [33, 280003], "lease_released": false}
cargo-admitted: DENY: slot is active or awaits owner verification: /tmp/cargo-admitted-proof-3nn20eqe/terminated-3221225786/cargo-active
cargo-admitted resources: {"worktree": "/tmp/cargo-admitted-proof-3nn20eqe", "scope": {"hostname": "bf4c09722087", "platform": "linux", "working_directory": "/workspace/perl-lsp-17479-nested", "worktree": "/tmp/cargo-admitted-proof-3nn20eqe", "operation": "test", "cargo_argv_sha256": "ecfd160805b1b0481fd0793c745be3b45d2054582de1c4df5d9b8fa4d78e7fbc", "resources": {"target": "/tmp/cargo-admitted-proof-3nn20eqe/terminated-9/target", "build": "/tmp/cargo-admitted-proof-3nn20eqe/terminated-9/build", "cargo_home": "/tmp/cargo-admitted-proof-3nn20eqe/terminated-9/cargo_home", "temp": "/tmp/cargo-admitted-proof-3nn20eqe/terminated-9/temp"}, "jobs": 2, "build_environment_sha256": "44136fa355b3678a1146ad16f7e8649e94fb4fc21fe77e8310c060f61caaff8a"}, "resources": {"target": "/tmp/cargo-admitted-proof-3nn20eqe/terminated-9/target", "build": "/tmp/cargo-admitted-proof-3nn20eqe/terminated-9/build", "cargo_home": "/tmp/cargo-admitted-proof-3nn20eqe/terminated-9/cargo_home", "temp": "/tmp/cargo-admitted-proof-3nn20eqe/terminated-9/temp"}, "lease": "/tmp/cargo-admitted-proof-3nn20eqe/terminated-9/cargo-active", "pid": 73262, "admission": {"policy": "percent", "reserve_bytes": 1073741.824, "max_used_pct": 100.0, "required_free_bytes": 1073741.824, "destinations": [{"path": "/tmp/cargo-admitted-proof-3nn20eqe/terminated-9", "observed_ancestor": "/tmp/cargo-admitted-proof-3nn20eqe/terminated-9", "free_bytes": 8773038080, "required_free_bytes": 1073741.824, "headroom_bytes": 8771964338.176}, {"path": "/tmp/cargo-admitted-proof-3nn20eqe/terminated-9/target", "observed_ancestor": "/tmp/cargo-admitted-proof-3nn20eqe/terminated-9", "free_bytes": 8773038080, "required_free_bytes": 1073741.824, "headroom_bytes": 8771964338.176}, {"path": "/tmp/cargo-admitted-proof-3nn20eqe/terminated-9/build", "observed_ancestor": "/tmp/cargo-admitted-proof-3nn20eqe/terminated-9", "free_bytes": 8773038080, "required_free_bytes": 1073741.824, "headroom_bytes": 8771964338.176}, {"path": "/tmp/cargo-admitted-proof-3nn20eqe/terminated-9/cargo_home", "observed_ancestor": "/tmp/cargo-admitted-proof-3nn20eqe/terminated-9", "free_bytes": 8773038080, "required_free_bytes": 1073741.824, "headroom_bytes": 8771964338.176}, {"path": "/tmp/cargo-admitted-proof-3nn20eqe/terminated-9/temp", "observed_ancestor": "/tmp/cargo-admitted-proof-3nn20eqe/terminated-9", "free_bytes": 8773038080, "required_free_bytes": 1073741.824, "headroom_bytes": 8771964338.176}]}, "disposition": "retained with reason: reusable bounded slot", "lease_identity": [33, 280009], "lease_marker": "/tmp/cargo-admitted-proof-3nn20eqe/terminated-9/cargo-active/owner-41fa54a291d8440b9e103720d65979d6", "marker_identity": [33, 280010]}
cargo-admitted Cargo tree: {"owner_pid": 73262, "subreaper": true, "prior_children": "none", "single_native_thread": true, "lease": "/tmp/cargo-admitted-proof-3nn20eqe/terminated-9/cargo-active"}
cargo-admitted Cargo product: {"exit_code": 9, "lease": "/tmp/cargo-admitted-proof-3nn20eqe/terminated-9/cargo-active", "terminality": "awaiting owner verification", "lease_released": false}
cargo-admitted: lease retained; root must verify all consumers before release
cargo-admitted Cargo settlement: {"tree_settled": false, "cancelled": false, "lease": "/tmp/cargo-admitted-proof-3nn20eqe/terminated-9/cargo-active", "lease_identity": [33, 280009], "lease_marker": "/tmp/cargo-admitted-proof-3nn20eqe/terminated-9/cargo-active/owner-41fa54a291d8440b9e103720d65979d6", "marker_identity": [33, 280010], "lease_released": false}
cargo-admitted: DENY: slot is active or awaits owner verification: /tmp/cargo-admitted-proof-3nn20eqe/terminated-9/cargo-active
cargo-admitted: DENY: insufficient disk headroom at /tmp/cargo-admitted-proof-59uecnm6/0/slot free_bytes=64424509439 required_free_bytes=64424509440.0 shortfall_bytes=1.0 used_pct=98.53515625002274
cargo-admitted: DENY: insufficient disk headroom at /tmp/cargo-admitted-proof-59uecnm6/1/new free_bytes=64424509439 required_free_bytes=64424509440.0 shortfall_bytes=1.0 used_pct=98.53515625002274
cargo-admitted: DENY: insufficient disk headroom at /tmp/cargo-admitted-proof-59uecnm6/2/new free_bytes=64424509439 required_free_bytes=64424509440.0 shortfall_bytes=1.0 used_pct=98.53515625002274
cargo-admitted: DENY: insufficient disk headroom at /tmp/cargo-admitted-proof-59uecnm6/3/new free_bytes=64424509439 required_free_bytes=64424509440.0 shortfall_bytes=1.0 used_pct=98.53515625002274
cargo-admitted: DENY: insufficient disk headroom at /tmp/cargo-admitted-proof-59uecnm6/4/new free_bytes=64424509439 required_free_bytes=64424509440.0 shortfall_bytes=1.0 used_pct=98.53515625002274
cargo-admitted: DENY: invalid capacity policy inputs; byte-budget requires reserve >=40 GiB, positive finite total growth and an evidence reference
cargo-admitted: DENY: invalid capacity policy inputs; byte-budget requires reserve >=40 GiB, positive finite total growth and an evidence reference
cargo-admitted: DENY: invalid capacity policy inputs; byte-budget requires reserve >=40 GiB, positive finite total growth and an evidence reference
cargo-admitted: DENY: invalid capacity policy inputs; byte-budget requires reserve >=40 GiB, positive finite total growth and an evidence reference
cargo-admitted: DENY: invalid capacity policy inputs; byte-budget requires reserve >=40 GiB, positive finite total growth and an evidence reference
cargo-admitted: DENY: invalid capacity policy inputs; byte-budget requires reserve >=40 GiB, positive finite total growth and an evidence reference
cargo-admitted: DENY: invalid capacity policy inputs; byte-budget requires reserve >=40 GiB, positive finite total growth and an evidence reference
cargo-admitted: DENY: invalid capacity policy inputs; byte-budget requires reserve >=40 GiB, positive finite total growth and an evidence reference
cargo-admitted: DENY: invalid capacity policy inputs; byte-budget requires reserve >=40 GiB, positive finite total growth and an evidence reference
cargo-admitted: DENY: invalid capacity policy inputs; byte-budget requires reserve >=40 GiB, positive finite total growth and an evidence reference
cargo-admitted: DENY: invalid capacity policy inputs; byte-budget requires reserve >=40 GiB, positive finite total growth and an evidence reference
cargo-admitted: DENY: invalid capacity policy inputs; byte-budget requires reserve >=40 GiB, positive finite total growth and an evidence reference
cargo-admitted: DENY: invalid capacity policy inputs; byte-budget requires reserve >=40 GiB, positive finite total growth and an evidence reference
cargo-admitted: DENY: invalid capacity policy inputs; byte-budget requires reserve >=40 GiB, positive finite total growth and an evidence reference
cargo-admitted: DENY: unknown CARGO_STORAGE_POLICY
cargo-admitted: DENY: invalid capacity policy inputs; byte-budget requires reserve >=40 GiB, positive finite total growth and an evidence reference
cargo-admitted: DENY: invalid capacity policy inputs; byte-budget requires reserve >=40 GiB, positive finite total growth and an evidence reference
cargo-admitted resources: {"worktree": "/tmp/cargo-admitted-proof-x35whtf2", "scope": {"hostname": "bf4c09722087", "platform": "linux", "working_directory": "/workspace/perl-lsp-17479-nested", "worktree": "/tmp/cargo-admitted-proof-x35whtf2", "operation": "build", "cargo_argv_sha256": "4ebb81b90bcec2aa2691b63b66a47cd34479425f8574312ce71c047aa5e9e8e4", "resources": {"target": "/tmp/cargo-admitted-proof-x35whtf2/slot/target", "build": "/tmp/cargo-admitted-proof-x35whtf2/slot/build", "cargo_home": "/tmp/cargo-admitted-proof-x35whtf2/home", "temp": "/tmp/cargo-admitted-proof-x35whtf2/temp"}, "jobs": 2, "build_environment_sha256": "44136fa355b3678a1146ad16f7e8649e94fb4fc21fe77e8310c060f61caaff8a"}, "resources": {"target": "/tmp/cargo-admitted-proof-x35whtf2/slot/target", "build": "/tmp/cargo-admitted-proof-x35whtf2/slot/build", "cargo_home": "/tmp/cargo-admitted-proof-x35whtf2/home", "temp": "/tmp/cargo-admitted-proof-x35whtf2/temp"}, "lease": "/tmp/cargo-admitted-proof-x35whtf2/slot/cargo-active", "pid": 73262, "admission": {"policy": "percent", "reserve_bytes": 1073741.824, "max_used_pct": 100.0, "required_free_bytes": 1073741.824, "destinations": [{"path": "/tmp/cargo-admitted-proof-x35whtf2/slot", "observed_ancestor": "/tmp/cargo-admitted-proof-x35whtf2/slot", "free_bytes": 8773029888, "required_free_bytes": 1073741.824, "headroom_bytes": 8771956146.176}, {"path": "/tmp/cargo-admitted-proof-x35whtf2/slot/target", "observed_ancestor": "/tmp/cargo-admitted-proof-x35whtf2/slot", "free_bytes": 8773029888, "required_free_bytes": 1073741.824, "headroom_bytes": 8771956146.176}, {"path": "/tmp/cargo-admitted-proof-x35whtf2/slot/build", "observed_ancestor": "/tmp/cargo-admitted-proof-x35whtf2/slot", "free_bytes": 8773029888, "required_free_bytes": 1073741.824, "headroom_bytes": 8771956146.176}, {"path": "/tmp/cargo-admitted-proof-x35whtf2/home", "observed_ancestor": "/tmp/cargo-admitted-proof-x35whtf2", "free_bytes": 8773029888, "required_free_bytes": 1073741.824, "headroom_bytes": 8771956146.176}, {"path": "/tmp/cargo-admitted-proof-x35whtf2/temp", "observed_ancestor": "/tmp/cargo-admitted-proof-x35whtf2", "free_bytes": 8773029888, "required_free_bytes": 1073741.824, "headroom_bytes": 8771956146.176}]}, "disposition": "retained with reason: reusable bounded slot", "lease_identity": [33, 280034], "lease_marker": "/tmp/cargo-admitted-proof-x35whtf2/slot/cargo-active/owner-9664f6ef0de54fef98a79d1889851714", "marker_identity": [33, 280035]}
cargo-admitted Cargo tree: {"owner_pid": 73262, "subreaper": true, "prior_children": "none", "single_native_thread": true, "lease": "/tmp/cargo-admitted-proof-x35whtf2/slot/cargo-active"}
cargo-admitted: lease retained; root must verify all consumers before release
cargo-admitted Cargo settlement: {"tree_settled": false, "cancelled": false, "lease": "/tmp/cargo-admitted-proof-x35whtf2/slot/cargo-active", "lease_identity": [33, 280034], "lease_marker": "/tmp/cargo-admitted-proof-x35whtf2/slot/cargo-active/owner-9664f6ef0de54fef98a79d1889851714", "marker_identity": [33, 280035], "lease_released": false}
cargo-admitted: DENY: spawn failed
cargo-admitted: DENY: slot is active or awaits owner verification: /tmp/cargo-admitted-proof-x35whtf2/slot/cargo-active
cargo-admitted resources: {"worktree": "/tmp/cargo-admitted-proof-_fd4gtzx", "scope": {"hostname": "bf4c09722087", "platform": "linux", "working_directory": "/workspace/perl-lsp-17479-nested", "worktree": "/tmp/cargo-admitted-proof-_fd4gtzx", "operation": "run", "cargo_argv_sha256": "0a7e2894f07557aec4faa10f21d287c0cae2c224ecf1028c083501ef0f8b207d", "resources": {"target": "/tmp/cargo-admitted-proof-_fd4gtzx/slot/target", "build": "/tmp/cargo-admitted-proof-_fd4gtzx/slot/build", "cargo_home": "/tmp/cargo-admitted-proof-_fd4gtzx/home", "temp": "/tmp/cargo-admitted-proof-_fd4gtzx/temp"}, "jobs": 2, "build_environment_sha256": "44136fa355b3678a1146ad16f7e8649e94fb4fc21fe77e8310c060f61caaff8a"}, "resources": {"target": "/tmp/cargo-admitted-proof-_fd4gtzx/slot/target", "build": "/tmp/cargo-admitted-proof-_fd4gtzx/slot/build", "cargo_home": "/tmp/cargo-admitted-proof-_fd4gtzx/home", "temp": "/tmp/cargo-admitted-proof-_fd4gtzx/temp"}, "lease": "/tmp/cargo-admitted-proof-_fd4gtzx/slot/cargo-active", "pid": 73262, "admission": {"policy": "percent", "reserve_bytes": 1073741.824, "max_used_pct": 100.0, "required_free_bytes": 1073741.824, "destinations": [{"path": "/tmp/cargo-admitted-proof-_fd4gtzx/slot", "observed_ancestor": "/tmp/cargo-admitted-proof-_fd4gtzx/slot", "free_bytes": 8773025792, "required_free_bytes": 1073741.824, "headroom_bytes": 8771952050.176}, {"path": "/tmp/cargo-admitted-proof-_fd4gtzx/slot/target", "observed_ancestor": "/tmp/cargo-admitted-proof-_fd4gtzx/slot", "free_bytes": 8773025792, "required_free_bytes": 1073741.824, "headroom_bytes": 8771952050.176}, {"path": "/tmp/cargo-admitted-proof-_fd4gtzx/slot/build", "observed_ancestor": "/tmp/cargo-admitted-proof-_fd4gtzx/slot", "free_bytes": 8773025792, "required_free_bytes": 1073741.824, "headroom_bytes": 8771952050.176}, {"path": "/tmp/cargo-admitted-proof-_fd4gtzx/home", "observed_ancestor": "/tmp/cargo-admitted-proof-_fd4gtzx", "free_bytes": 8773025792, "required_free_bytes": 1073741.824, "headroom_bytes": 8771952050.176}, {"path": "/tmp/cargo-admitted-proof-_fd4gtzx/temp", "observed_ancestor": "/tmp/cargo-admitted-proof-_fd4gtzx", "free_bytes": 8773025792, "required_free_bytes": 1073741.824, "headroom_bytes": 8771952050.176}]}, "disposition": "retained with reason: reusable bounded slot", "lease_identity": [33, 280042], "lease_marker": "/tmp/cargo-admitted-proof-_fd4gtzx/slot/cargo-active/owner-064ae48464d34f0abb9a3cbeb01d6e4d", "marker_identity": [33, 280043]}
cargo-admitted Cargo tree: {"owner_pid": 73262, "subreaper": true, "prior_children": "none", "single_native_thread": true, "lease": "/tmp/cargo-admitted-proof-_fd4gtzx/slot/cargo-active"}
cargo-admitted: lease retained; root must verify all consumers before release
cargo-admitted Cargo settlement: {"tree_settled": false, "cancelled": true, "lease": "/tmp/cargo-admitted-proof-_fd4gtzx/slot/cargo-active", "lease_identity": [33, 280042], "lease_marker": "/tmp/cargo-admitted-proof-_fd4gtzx/slot/cargo-active/owner-064ae48464d34f0abb9a3cbeb01d6e4d", "marker_identity": [33, 280043], "lease_released": false}
cargo-admitted: DENY: slot is active or awaits owner verification: /tmp/cargo-admitted-proof-_fd4gtzx/slot/cargo-active
cargo-admitted resources: {"worktree": "/tmp/cargo-admitted-proof-al_pe6cf", "scope": {"hostname": "bf4c09722087", "platform": "linux", "working_directory": "/workspace/perl-lsp-17479-nested", "worktree": "/tmp/cargo-admitted-proof-al_pe6cf", "operation": "build", "cargo_argv_sha256": "4ebb81b90bcec2aa2691b63b66a47cd34479425f8574312ce71c047aa5e9e8e4", "resources": {"target": "/tmp/cargo-admitted-proof-al_pe6cf/slot/target", "build": "/tmp/cargo-admitted-proof-al_pe6cf/slot/build", "cargo_home": "/tmp/cargo-admitted-proof-al_pe6cf/home", "temp": "/tmp/cargo-admitted-proof-al_pe6cf/temp"}, "jobs": 2, "build_environment_sha256": "44136fa355b3678a1146ad16f7e8649e94fb4fc21fe77e8310c060f61caaff8a"}, "resources": {"target": "/tmp/cargo-admitted-proof-al_pe6cf/slot/target", "build": "/tmp/cargo-admitted-proof-al_pe6cf/slot/build", "cargo_home": "/tmp/cargo-admitted-proof-al_pe6cf/home", "temp": "/tmp/cargo-admitted-proof-al_pe6cf/temp"}, "lease": "/tmp/cargo-admitted-proof-al_pe6cf/slot/cargo-active", "pid": 73262, "admission": {"policy": "percent", "reserve_bytes": 1073741.824, "max_used_pct": 100.0, "required_free_bytes": 1073741.824, "destinations": [{"path": "/tmp/cargo-admitted-proof-al_pe6cf/slot", "observed_ancestor": "/tmp/cargo-admitted-proof-al_pe6cf/slot", "free_bytes": 8773021696, "required_free_bytes": 1073741.824, "headroom_bytes": 8771947954.176}, {"path": "/tmp/cargo-admitted-proof-al_pe6cf/slot/target", "observed_ancestor": "/tmp/cargo-admitted-proof-al_pe6cf/slot", "free_bytes": 8773021696, "required_free_bytes": 1073741.824, "headroom_bytes": 8771947954.176}, {"path": "/tmp/cargo-admitted-proof-al_pe6cf/slot/build", "observed_ancestor": "/tmp/cargo-admitted-proof-al_pe6cf/slot", "free_bytes": 8773021696, "required_free_bytes": 1073741.824, "headroom_bytes": 8771947954.176}, {"path": "/tmp/cargo-admitted-proof-al_pe6cf/home", "observed_ancestor": "/tmp/cargo-admitted-proof-al_pe6cf", "free_bytes": 8773021696, "required_free_bytes": 1073741.824, "headroom_bytes": 8771947954.176}, {"path": "/tmp/cargo-admitted-proof-al_pe6cf/temp", "observed_ancestor": "/tmp/cargo-admitted-proof-al_pe6cf", "free_bytes": 8773021696, "required_free_bytes": 1073741.824, "headroom_bytes": 8771947954.176}]}, "disposition": "retained with reason: reusable bounded slot", "lease_identity": [33, 280050], "lease_marker": "/tmp/cargo-admitted-proof-al_pe6cf/slot/cargo-active/owner-9b883d7732534da3b59bb2c8800381fc", "marker_identity": [33, 280051]}
cargo-admitted Cargo tree: {"owner_pid": 73262, "subreaper": true, "prior_children": "none", "single_native_thread": true, "lease": "/tmp/cargo-admitted-proof-al_pe6cf/slot/cargo-active"}
cargo-admitted Cargo product: {"exit_code": 101, "lease": "/tmp/cargo-admitted-proof-al_pe6cf/slot/cargo-active", "terminality": "awaiting owner verification", "lease_released": false}
cargo-admitted Cargo settlement: {"tree_settled": true, "cancelled": false, "lease": "/tmp/cargo-admitted-proof-al_pe6cf/slot/cargo-active", "lease_identity": [33, 280050], "lease_marker": "/tmp/cargo-admitted-proof-al_pe6cf/slot/cargo-active/owner-9b883d7732534da3b59bb2c8800381fc", "marker_identity": [33, 280051], "lease_released": true}
cargo-admitted: DENY: joined short options/values are unsupported; spell them separately: -vj8
cargo-admitted: DENY: joined short options/values are unsupported; spell them separately: -qj8
cargo-admitted: DENY: joined short options/values are unsupported; spell them separately: -vj
cargo-admitted: DENY: joined short options/values are unsupported; spell them separately: -j8
cargo-admitted: DENY: joined short options/values are unsupported; spell them separately: -vZunstable-options
cargo-admitted: DENY: joined short options/values are unsupported; spell them separately: -vZ
cargo-admitted: DENY: joined short options/values are unsupported; spell them separately: -vC/tmp
cargo-admitted: DENY: joined short options/values are unsupported; spell them separately: -vC
cargo-admitted: DENY: joined short options/values are unsupported; spell them separately: -pfoo
cargo-admitted: DENY: joined short options/values are unsupported; spell them separately: -Ffoo
cargo-admitted: DENY: slot is active or awaits owner verification: /tmp/cargo-admitted-proof-8e7ccb11/plane/bf4c09722087-linux-3c3a2b0d105b47e0/cargo-active
cargo-admitted: DENY: insufficient disk headroom at /tmp/cargo-admitted-proof-ev7i34k3/0/slot free_bytes=0 required_free_bytes=1073741.824 shortfall_bytes=1073741.824 used_pct=100.0
cargo-admitted: DENY: insufficient disk headroom at /tmp/cargo-admitted-proof-ev7i34k3/1/new free_bytes=0 required_free_bytes=1073741.824 shortfall_bytes=1073741.824 used_pct=100.0
cargo-admitted: DENY: insufficient disk headroom at /tmp/cargo-admitted-proof-ev7i34k3/2/new free_bytes=0 required_free_bytes=1073741.824 shortfall_bytes=1073741.824 used_pct=100.0
cargo-admitted: DENY: insufficient disk headroom at /tmp/cargo-admitted-proof-ev7i34k3/3/new free_bytes=0 required_free_bytes=1073741.824 shortfall_bytes=1073741.824 used_pct=100.0
cargo-admitted: DENY: insufficient disk headroom at /tmp/cargo-admitted-proof-ev7i34k3/4/new free_bytes=0 required_free_bytes=1073741.824 shortfall_bytes=1073741.824 used_pct=100.0
cargo-admitted: DENY: expected build/check/test/run/bench/doc; aliases, +toolchain, clean and external commands are unsupported
cargo-admitted: DENY: expected build/check/test/run/bench/doc; aliases, +toolchain, clean and external commands are unsupported
cargo-admitted: DENY: expected build/check/test/run/bench/doc; aliases, +toolchain, clean and external commands are unsupported
cargo-admitted: DENY: expected build/check/test/run/bench/doc; aliases, +toolchain, clean and external commands are unsupported
cargo-admitted: DENY: expected build/check/test/run/bench/doc; aliases, +toolchain, clean and external commands are unsupported
cargo-admitted: DENY: Clippy requires -p PACKAGE --all-targets --profile agent --locked -- -D warnings
cargo-admitted: DENY: configuration/path/job override is unsupported: --out-dir=x
cargo-admitted: DENY: configuration/path/job override is unsupported: --artifact-dir=x
cargo-admitted: DENY: configuration/path/job override is unsupported: --build-dir=x
cargo-admitted: DENY: configuration/path/job override is unsupported: --manifest-path=x
cargo-admitted: DENY: configuration/path/job override is unsupported: --target-dir=x
cargo-admitted: DENY: configuration/path/job override is unsupported: --config=x
cargo-admitted: DENY: joined short options/values are unsupported; spell them separately: -j8
cargo-admitted: DENY: joined short options/values are unsupported; spell them separately: -Zfoo
cargo-admitted resources: {"worktree": "/tmp/cargo-admitted-proof-ohxk3rw4", "scope": {"hostname": "bf4c09722087", "platform": "linux", "working_directory": "/workspace/perl-lsp-17479-nested", "worktree": "/tmp/cargo-admitted-proof-ohxk3rw4", "operation": "run", "cargo_argv_sha256": "c23c070f79eab72b679003dd240709d065b6820a0e16514a0d792d8ca849b95a", "resources": {"target": "/tmp/cargo-admitted-proof-ohxk3rw4/slot/target", "build": "/tmp/cargo-admitted-proof-ohxk3rw4/slot/build", "cargo_home": "/tmp/cargo-admitted-proof-ohxk3rw4/home", "temp": "/tmp/cargo-admitted-proof-ohxk3rw4/temp"}, "jobs": 2, "build_environment_sha256": "44136fa355b3678a1146ad16f7e8649e94fb4fc21fe77e8310c060f61caaff8a"}, "resources": {"target": "/tmp/cargo-admitted-proof-ohxk3rw4/slot/target", "build": "/tmp/cargo-admitted-proof-ohxk3rw4/slot/build", "cargo_home": "/tmp/cargo-admitted-proof-ohxk3rw4/home", "temp": "/tmp/cargo-admitted-proof-ohxk3rw4/temp"}, "lease": "/tmp/cargo-admitted-proof-ohxk3rw4/slot/cargo-active", "pid": 73262, "admission": {"policy": "percent", "reserve_bytes": 1073741.824, "max_used_pct": 100.0, "required_free_bytes": 1073741.824, "destinations": [{"path": "/tmp/cargo-admitted-proof-ohxk3rw4/slot", "observed_ancestor": "/tmp/cargo-admitted-proof-ohxk3rw4/slot", "free_bytes": 8773017600, "required_free_bytes": 1073741.824, "headroom_bytes": 8771943858.176}, {"path": "/tmp/cargo-admitted-proof-ohxk3rw4/slot/target", "observed_ancestor": "/tmp/cargo-admitted-proof-ohxk3rw4/slot", "free_bytes": 8773017600, "required_free_bytes": 1073741.824, "headroom_bytes": 8771943858.176}, {"path": "/tmp/cargo-admitted-proof-ohxk3rw4/slot/build", "observed_ancestor": "/tmp/cargo-admitted-proof-ohxk3rw4/slot", "free_bytes": 8773017600, "required_free_bytes": 1073741.824, "headroom_bytes": 8771943858.176}, {"path": "/tmp/cargo-admitted-proof-ohxk3rw4/home", "observed_ancestor": "/tmp/cargo-admitted-proof-ohxk3rw4", "free_bytes": 8773017600, "required_free_bytes": 1073741.824, "headroom_bytes": 8771943858.176}, {"path": "/tmp/cargo-admitted-proof-ohxk3rw4/temp", "observed_ancestor": "/tmp/cargo-admitted-proof-ohxk3rw4", "free_bytes": 8773017600, "required_free_bytes": 1073741.824, "headroom_bytes": 8771943858.176}]}, "disposition": "retained with reason: reusable bounded slot", "lease_identity": [33, 280079], "lease_marker": "/tmp/cargo-admitted-proof-ohxk3rw4/slot/cargo-active/owner-730b7972d4de4baf821fb25d30c6315e", "marker_identity": [33, 280080]}
cargo-admitted Cargo tree: {"owner_pid": 73262, "subreaper": true, "prior_children": "none", "single_native_thread": true, "lease": "/tmp/cargo-admitted-proof-ohxk3rw4/slot/cargo-active"}
cargo-admitted Cargo product: {"exit_code": 0, "lease": "/tmp/cargo-admitted-proof-ohxk3rw4/slot/cargo-active", "terminality": "awaiting owner verification", "lease_released": false}
cargo-admitted Cargo settlement: {"tree_settled": true, "cancelled": false, "lease": "/tmp/cargo-admitted-proof-ohxk3rw4/slot/cargo-active", "lease_identity": [33, 280079], "lease_marker": "/tmp/cargo-admitted-proof-ohxk3rw4/slot/cargo-active/owner-730b7972d4de4baf821fb25d30c6315e", "marker_identity": [33, 280080], "lease_released": true}
cargo-admitted: DENY: GIT_DIR repository-location override is unsupported; unset it and invoke from the intended worktree
cargo-admitted: DENY: GIT_DIR repository-location override is unsupported; unset it and invoke from the intended worktree
cargo-admitted: DENY: GIT_DIR repository-location override is unsupported; unset it and invoke from the intended worktree
cargo-admitted: DENY: GIT_WORK_TREE repository-location override is unsupported; unset it and invoke from the intended worktree
cargo-admitted: DENY: GIT_WORK_TREE repository-location override is unsupported; unset it and invoke from the intended worktree
cargo-admitted: DENY: GIT_COMMON_DIR repository-location override is unsupported; unset it and invoke from the intended worktree
cargo-admitted: DENY: GIT_COMMON_DIR repository-location override is unsupported; unset it and invoke from the intended worktree
cargo-admitted resources: {"worktree": "/tmp/cargo-admitted-proof-r8868b3c", "scope": {"hostname": "bf4c09722087", "platform": "linux", "working_directory": "/workspace/perl-lsp-17479-nested", "worktree": "/tmp/cargo-admitted-proof-r8868b3c", "operation": "test", "cargo_argv_sha256": "184d73a84f8370d01b4520550fc0e1eeb6ffaf34d83b6dc96cfa2011b09dd90c", "resources": {"target": "/tmp/cargo-admitted-proof-r8868b3c/slot/target", "build": "/tmp/cargo-admitted-proof-r8868b3c/slot/build", "cargo_home": "/tmp/cargo-admitted-proof-r8868b3c/home", "temp": "/tmp/cargo-admitted-proof-r8868b3c/temp"}, "jobs": 2, "build_environment_sha256": "44136fa355b3678a1146ad16f7e8649e94fb4fc21fe77e8310c060f61caaff8a"}, "resources": {"target": "/tmp/cargo-admitted-proof-r8868b3c/slot/target", "build": "/tmp/cargo-admitted-proof-r8868b3c/slot/build", "cargo_home": "/tmp/cargo-admitted-proof-r8868b3c/home", "temp": "/tmp/cargo-admitted-proof-r8868b3c/temp"}, "lease": "/tmp/cargo-admitted-proof-r8868b3c/slot/cargo-active", "pid": 73262, "admission": {"policy": "percent", "reserve_bytes": 1073741.824, "max_used_pct": 100.0, "required_free_bytes": 1073741.824, "destinations": [{"path": "/tmp/cargo-admitted-proof-r8868b3c/slot", "observed_ancestor": "/tmp/cargo-admitted-proof-r8868b3c/slot", "free_bytes": 8773013504, "required_free_bytes": 1073741.824, "headroom_bytes": 8771939762.176}, {"path": "/tmp/cargo-admitted-proof-r8868b3c/slot/target", "observed_ancestor": "/tmp/cargo-admitted-proof-r8868b3c/slot", "free_bytes": 8773013504, "required_free_bytes": 1073741.824, "headroom_bytes": 8771939762.176}, {"path": "/tmp/cargo-admitted-proof-r8868b3c/slot/build", "observed_ancestor": "/tmp/cargo-admitted-proof-r8868b3c/slot", "free_bytes": 8773013504, "required_free_bytes": 1073741.824, "headroom_bytes": 8771939762.176}, {"path": "/tmp/cargo-admitted-proof-r8868b3c/home", "observed_ancestor": "/tmp/cargo-admitted-proof-r8868b3c", "free_bytes": 8773013504, "required_free_bytes": 1073741.824, "headroom_bytes": 8771939762.176}, {"path": "/tmp/cargo-admitted-proof-r8868b3c/temp", "observed_ancestor": "/tmp/cargo-admitted-proof-r8868b3c", "free_bytes": 8773013504, "required_free_bytes": 1073741.824, "headroom_bytes": 8771939762.176}]}, "disposition": "retained with reason: reusable bounded slot", "lease_identity": [33, 280431], "lease_marker": "/tmp/cargo-admitted-proof-r8868b3c/slot/cargo-active/owner-7a97cecba8974da08e243da2a1df42b7", "marker_identity": [33, 280432]}
cargo-admitted Cargo tree: {"owner_pid": 73262, "subreaper": true, "prior_children": "none", "single_native_thread": true, "lease": "/tmp/cargo-admitted-proof-r8868b3c/slot/cargo-active"}
cargo-admitted Cargo product: {"exit_code": 0, "lease": "/tmp/cargo-admitted-proof-r8868b3c/slot/cargo-active", "terminality": "awaiting owner verification", "lease_released": false}
cargo-admitted Cargo settlement: {"tree_settled": true, "cancelled": false, "lease": "/tmp/cargo-admitted-proof-r8868b3c/slot/cargo-active", "lease_identity": [33, 280431], "lease_marker": "/tmp/cargo-admitted-proof-r8868b3c/slot/cargo-active/owner-7a97cecba8974da08e243da2a1df42b7", "marker_identity": [33, 280432], "lease_released": true}
cargo-admitted resources: {"worktree": "/tmp/cargo-admitted-proof-57w403br", "scope": {"hostname": "bf4c09722087", "platform": "linux", "working_directory": "/workspace/perl-lsp-17479-nested", "worktree": "/tmp/cargo-admitted-proof-57w403br", "operation": "test", "cargo_argv_sha256": "e81042e2a1b3dc0fbe65a691e6602b233ac9bc6b7b037347463a90b0188c6e7b", "resources": {"target": "/tmp/cargo-admitted-proof-57w403br/slot/target", "build": "/tmp/cargo-admitted-proof-57w403br/slot/build", "cargo_home": "/tmp/cargo-admitted-proof-57w403br/home", "temp": "/tmp/cargo-admitted-proof-57w403br/temp"}, "jobs": 2, "build_environment_sha256": "e284a2d91cf8188df562f2b93192f5d86e5c250d66d0775239e8512bc6710474"}, "resources": {"target": "/tmp/cargo-admitted-proof-57w403br/slot/target", "build": "/tmp/cargo-admitted-proof-57w403br/slot/build", "cargo_home": "/tmp/cargo-admitted-proof-57w403br/home", "temp": "/tmp/cargo-admitted-proof-57w403br/temp"}, "lease": "/tmp/cargo-admitted-proof-57w403br/slot/cargo-active", "pid": 73262, "admission": {"policy": "percent", "reserve_bytes": 1073741.824, "max_used_pct": 100.0, "required_free_bytes": 1073741.824, "destinations": [{"path": "/tmp/cargo-admitted-proof-57w403br/slot", "observed_ancestor": "/tmp/cargo-admitted-proof-57w403br/slot", "free_bytes": 8773009408, "required_free_bytes": 1073741.824, "headroom_bytes": 8771935666.176}, {"path": "/tmp/cargo-admitted-proof-57w403br/slot/target", "observed_ancestor": "/tmp/cargo-admitted-proof-57w403br/slot", "free_bytes": 8773009408, "required_free_bytes": 1073741.824, "headroom_bytes": 8771935666.176}, {"path": "/tmp/cargo-admitted-proof-57w403br/slot/build", "observed_ancestor": "/tmp/cargo-admitted-proof-57w403br/slot", "free_bytes": 8773009408, "required_free_bytes": 1073741.824, "headroom_bytes": 8771935666.176}, {"path": "/tmp/cargo-admitted-proof-57w403br/home", "observed_ancestor": "/tmp/cargo-admitted-proof-57w403br", "free_bytes": 8773009408, "required_free_bytes": 1073741.824, "headroom_bytes": 8771935666.176}, {"path": "/tmp/cargo-admitted-proof-57w403br/temp", "observed_ancestor": "/tmp/cargo-admitted-proof-57w403br", "free_bytes": 8773009408, "required_free_bytes": 1073741.824, "headroom_bytes": 8771935666.176}]}, "disposition": "retained with reason: reusable bounded slot", "lease_identity": [33, 280439], "lease_marker": "/tmp/cargo-admitted-proof-57w403br/slot/cargo-active/owner-4765d88d80fc47c295c5de5ff09a2784", "marker_identity": [33, 280440]}
cargo-admitted Cargo tree: {"owner_pid": 73262, "subreaper": true, "prior_children": "none", "single_native_thread": true, "lease": "/tmp/cargo-admitted-proof-57w403br/slot/cargo-active"}
cargo-admitted: DENY: slot is active or awaits owner verification: /tmp/cargo-admitted-proof-57w403br/slot/cargo-active
cargo-admitted Cargo product: {"exit_code": 0, "lease": "/tmp/cargo-admitted-proof-57w403br/slot/cargo-active", "terminality": "awaiting owner verification", "lease_released": false}
cargo-admitted Cargo settlement: {"tree_settled": true, "cancelled": false, "lease": "/tmp/cargo-admitted-proof-57w403br/slot/cargo-active", "lease_identity": [33, 280439], "lease_marker": "/tmp/cargo-admitted-proof-57w403br/slot/cargo-active/owner-4765d88d80fc47c295c5de5ff09a2784", "marker_identity": [33, 280440], "lease_released": true}
cargo-admitted resources: {"worktree": "/tmp/cargo-admitted-proof-57w403br", "scope": {"hostname": "bf4c09722087", "platform": "linux", "working_directory": "/workspace/perl-lsp-17479-nested", "worktree": "/tmp/cargo-admitted-proof-57w403br", "operation": "test", "cargo_argv_sha256": "e81042e2a1b3dc0fbe65a691e6602b233ac9bc6b7b037347463a90b0188c6e7b", "resources": {"target": "/tmp/cargo-admitted-proof-57w403br/slot/target", "build": "/tmp/cargo-admitted-proof-57w403br/slot/build", "cargo_home": "/tmp/cargo-admitted-proof-57w403br/home", "temp": "/tmp/cargo-admitted-proof-57w403br/temp"}, "jobs": 2, "build_environment_sha256": "e284a2d91cf8188df562f2b93192f5d86e5c250d66d0775239e8512bc6710474"}, "resources": {"target": "/tmp/cargo-admitted-proof-57w403br/slot/target", "build": "/tmp/cargo-admitted-proof-57w403br/slot/build", "cargo_home": "/tmp/cargo-admitted-proof-57w403br/home", "temp": "/tmp/cargo-admitted-proof-57w403br/temp"}, "lease": "/tmp/cargo-admitted-proof-57w403br/slot/cargo-active", "pid": 73262, "admission": {"policy": "percent", "reserve_bytes": 1073741.824, "max_used_pct": 100.0, "required_free_bytes": 1073741.824, "destinations": [{"path": "/tmp/cargo-admitted-proof-57w403br/slot", "observed_ancestor": "/tmp/cargo-admitted-proof-57w403br/slot", "free_bytes": 8773005312, "required_free_bytes": 1073741.824, "headroom_bytes": 8771931570.176}, {"path": "/tmp/cargo-admitted-proof-57w403br/slot/target", "observed_ancestor": "/tmp/cargo-admitted-proof-57w403br/slot/target", "free_bytes": 8773005312, "required_free_bytes": 1073741.824, "headroom_bytes": 8771931570.176}, {"path": "/tmp/cargo-admitted-proof-57w403br/slot/build", "observed_ancestor": "/tmp/cargo-admitted-proof-57w403br/slot/build", "free_bytes": 8773005312, "required_free_bytes": 1073741.824, "headroom_bytes": 8771931570.176}, {"path": "/tmp/cargo-admitted-proof-57w403br/home", "observed_ancestor": "/tmp/cargo-admitted-proof-57w403br/home", "free_bytes": 8773005312, "required_free_bytes": 1073741.824, "headroom_bytes": 8771931570.176}, {"path": "/tmp/cargo-admitted-proof-57w403br/temp", "observed_ancestor": "/tmp/cargo-admitted-proof-57w403br/temp", "free_bytes": 8773005312, "required_free_bytes": 1073741.824, "headroom_bytes": 8771931570.176}]}, "disposition": "retained with reason: reusable bounded slot", "lease_identity": [33, 280445], "lease_marker": "/tmp/cargo-admitted-proof-57w403br/slot/cargo-active/owner-359a2fb161424889aaa9b285a7a0b90f", "marker_identity": [33, 280446]}
cargo-admitted Cargo tree: {"owner_pid": 73262, "subreaper": true, "prior_children": "none", "single_native_thread": true, "lease": "/tmp/cargo-admitted-proof-57w403br/slot/cargo-active"}
cargo-admitted: DENY: slot is active or awaits owner verification: /tmp/cargo-admitted-proof-57w403br/slot/cargo-active
cargo-admitted Cargo product: {"exit_code": 0, "lease": "/tmp/cargo-admitted-proof-57w403br/slot/cargo-active", "terminality": "awaiting owner verification", "lease_released": false}
cargo-admitted Cargo settlement: {"tree_settled": true, "cancelled": false, "lease": "/tmp/cargo-admitted-proof-57w403br/slot/cargo-active", "lease_identity": [33, 280445], "lease_marker": "/tmp/cargo-admitted-proof-57w403br/slot/cargo-active/owner-359a2fb161424889aaa9b285a7a0b90f", "marker_identity": [33, 280446], "lease_released": true}
cargo-admitted: DENY: Cargo template braces are unsupported in resource paths
cargo-admitted: DENY: Cargo template braces are unsupported in resource paths
cargo-admitted: DENY: Cargo template braces are unsupported in resource paths
cargo-admitted: DENY: Cargo template braces are unsupported in resource paths
----------------------------------------------------------------------
Ran 235 tests in 105.312s

OK (skipped=1)
