---
source: crates/perl-workspace/src/workspace/workspace_index.rs
assertion_line: 10356
expression: receipts
---
[
    EditClassReceipt {
        base_sha: "393f167d006fcd79bf6009a93aefe872b3807e67",
        measurement_introduced_at_sha: "6ebbc1fd4be43ed46872b960a836c7586dc0aefe",
        edit_class: "comment_only",
        anchors_hash: Unchanged,
        entities_hash: Unchanged,
        occurrences_hash: Unchanged,
        edges_hash: Unchanged,
        visitor_visit_calls: 1,
        canonical_decl_extract_calls: 1,
        canonical_ref_extract_calls: 0,
        dynamic_boundary_extract_calls: 1,
        generated_member_extract_calls: 1,
        import_extract_calls: 1,
        use_lib_extract_calls: 1,
        file_symbol_contribution_removed: 321,
        file_symbol_contribution_added: 321,
        file_search_contribution_removed: 321,
        file_search_contribution_added: 321,
        file_global_ref_contribution_removed: 643,
        file_global_ref_contribution_added: 643,
        generation_outcome: "accepted",
    },
    EditClassReceipt {
        base_sha: "393f167d006fcd79bf6009a93aefe872b3807e67",
        measurement_introduced_at_sha: "6ebbc1fd4be43ed46872b960a836c7586dc0aefe",
        edit_class: "reference_only",
        anchors_hash: Changed,
        entities_hash: Unchanged,
        occurrences_hash: Changed,
        edges_hash: Unchanged,
        visitor_visit_calls: 1,
        canonical_decl_extract_calls: 1,
        canonical_ref_extract_calls: 0,
        dynamic_boundary_extract_calls: 1,
        generated_member_extract_calls: 1,
        import_extract_calls: 1,
        use_lib_extract_calls: 1,
        file_symbol_contribution_removed: 321,
        file_symbol_contribution_added: 321,
        file_search_contribution_removed: 321,
        file_search_contribution_added: 321,
        file_global_ref_contribution_removed: 643,
        file_global_ref_contribution_added: 645,
        generation_outcome: "accepted",
    },
    EditClassReceipt {
        base_sha: "393f167d006fcd79bf6009a93aefe872b3807e67",
        measurement_introduced_at_sha: "6ebbc1fd4be43ed46872b960a836c7586dc0aefe",
        edit_class: "declaration_changing",
        anchors_hash: Changed,
        entities_hash: Changed,
        occurrences_hash: Unchanged,
        edges_hash: Changed,
        visitor_visit_calls: 1,
        canonical_decl_extract_calls: 1,
        canonical_ref_extract_calls: 0,
        dynamic_boundary_extract_calls: 1,
        generated_member_extract_calls: 1,
        import_extract_calls: 1,
        use_lib_extract_calls: 1,
        file_symbol_contribution_removed: 321,
        file_symbol_contribution_added: 322,
        file_search_contribution_removed: 321,
        file_search_contribution_added: 322,
        file_global_ref_contribution_removed: 643,
        file_global_ref_contribution_added: 644,
        generation_outcome: "accepted",
    },
    EditClassReceipt {
        base_sha: "393f167d006fcd79bf6009a93aefe872b3807e67",
        measurement_introduced_at_sha: "6ebbc1fd4be43ed46872b960a836c7586dc0aefe",
        edit_class: "dynamic_fact",
        anchors_hash: Changed,
        entities_hash: Changed,
        occurrences_hash: Changed,
        edges_hash: Unchanged,
        visitor_visit_calls: 1,
        canonical_decl_extract_calls: 1,
        canonical_ref_extract_calls: 0,
        dynamic_boundary_extract_calls: 1,
        generated_member_extract_calls: 1,
        import_extract_calls: 1,
        use_lib_extract_calls: 1,
        file_symbol_contribution_removed: 321,
        file_symbol_contribution_added: 321,
        file_search_contribution_removed: 321,
        file_search_contribution_added: 321,
        file_global_ref_contribution_removed: 643,
        file_global_ref_contribution_added: 643,
        generation_outcome: "accepted",
    },
    EditClassReceipt {
        base_sha: "393f167d006fcd79bf6009a93aefe872b3807e67",
        measurement_introduced_at_sha: "6ebbc1fd4be43ed46872b960a836c7586dc0aefe",
        edit_class: "revert_to_original",
        anchors_hash: Unchanged,
        entities_hash: Unchanged,
        occurrences_hash: Unchanged,
        edges_hash: Unchanged,
        visitor_visit_calls: 1,
        canonical_decl_extract_calls: 1,
        canonical_ref_extract_calls: 0,
        dynamic_boundary_extract_calls: 1,
        generated_member_extract_calls: 1,
        import_extract_calls: 1,
        use_lib_extract_calls: 1,
        file_symbol_contribution_removed: 322,
        file_symbol_contribution_added: 321,
        file_search_contribution_removed: 322,
        file_search_contribution_added: 321,
        file_global_ref_contribution_removed: 644,
        file_global_ref_contribution_added: 643,
        generation_outcome: "accepted",
    },
    EditClassReceipt {
        base_sha: "393f167d006fcd79bf6009a93aefe872b3807e67",
        measurement_introduced_at_sha: "6ebbc1fd4be43ed46872b960a836c7586dc0aefe",
        edit_class: "superseded_generation",
        anchors_hash: NotApplicableRejected,
        entities_hash: NotApplicableRejected,
        occurrences_hash: NotApplicableRejected,
        edges_hash: NotApplicableRejected,
        visitor_visit_calls: 0,
        canonical_decl_extract_calls: 0,
        canonical_ref_extract_calls: 0,
        dynamic_boundary_extract_calls: 0,
        generated_member_extract_calls: 0,
        import_extract_calls: 0,
        use_lib_extract_calls: 0,
        file_symbol_contribution_removed: 0,
        file_symbol_contribution_added: 0,
        file_search_contribution_removed: 0,
        file_search_contribution_added: 0,
        file_global_ref_contribution_removed: 0,
        file_global_ref_contribution_added: 0,
        generation_outcome: "stale_rejected_pre_parse",
    },
]
