---
source: crates/perl-lsp-rs/tests/lsp_cap_snap.rs
expression: "&legend"
---
tokenModifiers:
  - declaration
  - definition
  - readonly
  - static
  - deprecated
  - abstract
  - async
  - modification
  - documentation
  - defaultLibrary
  - scalarVariable
  - arrayVariable
  - hashVariable
tokenTypes:
  - namespace
  - type
  - class
  - interface
  - enum
  - enumMember
  - typeParameter
  - function
  - method
  - property
  - macro
  - variable
  - parameter
  - keyword
  - modifier
  - comment
  - string
  - number
  - regexp
  - operator
  - sql_string
  - sql_heredoc_keyword
  - json_heredoc_key
  - label
