---
source: crates/perl-lsp-rs/tests/lsp_cap_snap.rs
expression: "&file_operations"
---
didRename:
  filters:
    - pattern:
        glob: "**/*.pl"
    - pattern:
        glob: "**/*.pm"
    - pattern:
        glob: "**/*.t"
    - pattern:
        glob: "**/*.psgi"
willRename:
  filters:
    - pattern:
        glob: "**/*.pl"
    - pattern:
        glob: "**/*.pm"
    - pattern:
        glob: "**/*.t"
    - pattern:
        glob: "**/*.psgi"
