---
source: crates/perl-lsp-rs/tests/lsp_workspace_completion_tests.rs
assertion_line: 564
expression: inherited_snapshot
---
- detail: CompletionChild method
  documentation: "Method `CompletionChild::child_only_method` from workspace index."
  insertText: child_only_method()
  kind: 3
  label: child_only_method
- detail: CompletionChild method (from CompletionBase)
  documentation: "Method `CompletionBase::inherited_greet` from workspace index."
  insertText: inherited_greet()
  kind: 3
  label: inherited_greet
