---
source: crates/perl-lsp-rs/tests/lsp_features_snapshot_test.rs
expression: "&snapshot_data"
---
caps:
  - lsp.call_hierarchy
  - lsp.code_action
  - lsp.code_lens
  - lsp.completion
  - lsp.declaration
  - lsp.definition
  - lsp.document_color
  - lsp.document_highlight
  - lsp.document_link
  - lsp.document_symbol
  - lsp.execute_command
  - lsp.folding_range
  - lsp.formatting
  - lsp.hover
  - lsp.implementation
  - lsp.inlay_hint
  - lsp.inline_value
  - lsp.linked_editing_range
  - lsp.moniker
  - lsp.notebook_document_sync
  - lsp.on_type_formatting
  - lsp.pull_diagnostics
  - lsp.range_formatting
  - lsp.references
  - lsp.rename
  - lsp.selection_range
  - lsp.semantic_tokens
  - lsp.signature_help
  - lsp.type_definition
  - lsp.type_hierarchy
  - lsp.workspace_symbol
catalog:
  - dap.breakpoint_locations
  - dap.breakpoints.basic
  - dap.breakpoints.function
  - dap.breakpoints.hit_condition
  - dap.breakpoints.logpoints
  - dap.cancel
  - dap.completions
  - dap.core
  - dap.exceptions.die
  - dap.exceptions.warn
  - dap.goto
  - dap.goto_targets
  - dap.inline_values
  - dap.loaded_sources
  - dap.modules
  - dap.pause
  - dap.restart
  - dap.restart_frame
  - dap.set_expression
  - dap.source
  - dap.step_in_targets
  - dap.terminate_threads
  - dap.threads
  - dap.watchpoints
  - experimental.perlInlineCompletionStream
  - lsp.apply_edit
  - lsp.apply_edit_metadata
  - lsp.call_hierarchy
  - lsp.cancel_request
  - lsp.client_register_capability
  - lsp.client_unregister_capability
  - lsp.code_action
  - lsp.code_action_documentation
  - lsp.code_action_resolve
  - lsp.code_lens
  - lsp.code_lens_refresh
  - lsp.code_lens_resolve
  - lsp.code_lens_resolve_support_properties
  - lsp.color_presentation
  - lsp.completion
  - lsp.completion_item_resolve
  - lsp.completion_list_apply_kind
  - lsp.completion_list_item_defaults_data
  - lsp.configuration
  - lsp.declaration
  - lsp.definition
  - lsp.diagnostic.markup_message_support
  - lsp.diagnostic.missing_strict
  - lsp.diagnostic.missing_warnings
  - lsp.diagnostic.phase_scoped_pragmas
  - lsp.diagnostic.unreachable_code
  - lsp.diagnostic.unused_variable
  - lsp.diagnostic_refresh
  - lsp.did_change_configuration
  - lsp.did_change_watched_files
  - lsp.did_create_files
  - lsp.did_delete_files
  - lsp.did_rename_files
  - lsp.did_save
  - lsp.document_color
  - lsp.document_highlight
  - lsp.document_link
  - lsp.document_link_resolve
  - lsp.document_symbol
  - lsp.execute_command
  - lsp.exit
  - lsp.file_operations
  - lsp.folding_range
  - lsp.folding_range_refresh
  - lsp.formatting
  - lsp.hover
  - lsp.implementation
  - lsp.initialize
  - lsp.initialized
  - lsp.inlay_hint
  - lsp.inlay_hint_refresh
  - lsp.inlay_hint_resolve
  - lsp.inline_completion
  - lsp.inline_value
  - lsp.inline_value_refresh
  - lsp.linked_editing_range
  - lsp.log_message
  - lsp.log_trace
  - lsp.moniker
  - lsp.notebook_document_sync
  - lsp.on_type_formatting
  - lsp.prepare_rename
  - lsp.progress
  - lsp.publish_diagnostics
  - lsp.pull_diagnostics
  - lsp.range_formatting
  - lsp.ranges_formatting
  - lsp.refactoring
  - lsp.references
  - lsp.rename
  - lsp.selection_range
  - lsp.semantic_tokens
  - lsp.semantic_tokens_refresh
  - lsp.set_trace
  - lsp.show_document
  - lsp.show_message
  - lsp.show_message_request
  - lsp.shutdown
  - lsp.signature_help
  - lsp.telemetry_event
  - lsp.text_document_content
  - lsp.text_document_content_refresh
  - lsp.text_document_sync
  - lsp.type_definition
  - lsp.type_hierarchy
  - lsp.will_create_files
  - lsp.will_delete_files
  - lsp.will_rename_files
  - lsp.will_save
  - lsp.will_save_wait_until
  - lsp.work_done_progress
  - lsp.work_done_progress_cancel
  - lsp.work_done_progress_create
  - lsp.workspace_diagnostics
  - lsp.workspace_edit
  - lsp.workspace_edit_snippet_text_edit
  - lsp.workspace_folders
  - lsp.workspace_symbol
  - lsp.workspace_symbol_resolve
