>my $matched = $text =~ m/foo(bar)?/i;
#^^ source.perl keyword.other.perl
#  ^ source.perl
#   ^^^^^^^^ source.perl variable.other.scalar.perl
#           ^ source.perl
#            ^ source.perl keyword.operator.assignment.perl
#             ^ source.perl
#              ^^^^^ source.perl variable.other.scalar.perl
#                   ^ source.perl
#                    ^ source.perl keyword.operator.assignment.perl
#                     ^ source.perl keyword.operator.bitwise.perl
#                      ^ source.perl
#                       ^ source.perl string.regexp.perl keyword.other.perl
#                        ^ source.perl string.regexp.perl
#                         ^^^^^^^^^ source.perl string.regexp.perl
#                                  ^^ source.perl string.regexp.perl
#                                    ^^ source.perl
>(my $copy = $orig) =~ s/old/new/g;
#^ source.perl
# ^^ source.perl keyword.other.perl
#   ^ source.perl
#    ^^^^^ source.perl variable.other.scalar.perl
#         ^ source.perl
#          ^ source.perl keyword.operator.assignment.perl
#           ^ source.perl
#            ^^^^^ source.perl variable.other.scalar.perl
#                 ^^ source.perl
#                   ^ source.perl keyword.operator.assignment.perl
#                    ^ source.perl keyword.operator.bitwise.perl
#                     ^ source.perl
#                      ^ source.perl string.regexp.replace.perl keyword.other.perl
#                       ^ source.perl string.regexp.replace.perl
#                        ^^^ source.perl string.regexp.replace.perl
#                           ^^^ source.perl string.regexp.replace.perl
#                              ^ source.perl
#                               ^ source.perl keyword.operator.arithmetic.perl
#                                ^^^ source.perl
>$str =~ tr/a-z/A-Z/;
#^^^^ source.perl variable.other.scalar.perl
#    ^ source.perl
#     ^ source.perl keyword.operator.assignment.perl
#      ^ source.perl keyword.operator.bitwise.perl
#       ^ source.perl
#        ^^ source.perl string.regexp.replace.perl keyword.other.perl
#          ^ source.perl string.regexp.replace.perl
#           ^^^ source.perl string.regexp.replace.perl
#              ^ source.perl string.regexp.replace.perl
#               ^ source.perl
#                ^ source.perl keyword.operator.arithmetic.perl
#                 ^ source.perl
#                  ^ source.perl keyword.operator.arithmetic.perl
#                   ^^ source.perl
>my $compiled = qr/\d+\.\d+/x;
#^^ source.perl keyword.other.perl
#  ^ source.perl
#   ^^^^^^^^^ source.perl variable.other.scalar.perl
#            ^ source.perl
#             ^ source.perl keyword.operator.assignment.perl
#              ^ source.perl
#               ^^ source.perl string.quoted.q.perl keyword.other.perl
#                 ^ source.perl string.quoted.q.perl
#                  ^^^^^^^^ source.perl string.quoted.q.perl
#                          ^ source.perl string.quoted.q.perl
#                           ^ source.perl keyword.operator.string.perl
#                            ^^ source.perl
>if ($input =~ /^(\w+)\s*=\s*(.+)$/) {
#^^ source.perl keyword.control.perl
#  ^^ source.perl
#    ^^^^^^ source.perl variable.other.scalar.perl
#          ^ source.perl
#           ^ source.perl keyword.operator.assignment.perl
#            ^ source.perl keyword.operator.bitwise.perl
#             ^ source.perl
#              ^ source.perl keyword.operator.arithmetic.perl
#               ^ source.perl keyword.operator.bitwise.perl
#                ^^^ source.perl
#                   ^ source.perl keyword.operator.arithmetic.perl
#                    ^^ source.perl
#                      ^ source.perl string.regexp.replace.perl keyword.other.perl
#                       ^ source.perl string.regexp.replace.perl
#                        ^ source.perl string.regexp.replace.perl
#                         ^^ source.perl string.regexp.replace.perl constant.character.escape.perl
#                           ^ source.perl string.regexp.replace.perl
#                            ^ source.perl
#                             ^ source.perl keyword.operator.string.perl
#                              ^ source.perl keyword.operator.arithmetic.perl
#                               ^^ source.perl
#                                 ^ source.perl keyword.operator.arithmetic.perl
#                                  ^^^^ source.perl
>    my ($key, $value) = ($1, $2);
#^^^^ source.perl
#    ^^ source.perl keyword.other.perl
#      ^^ source.perl
#        ^^^^ source.perl variable.other.scalar.perl
#            ^^ source.perl
#              ^^^^^^ source.perl variable.other.scalar.perl
#                    ^^ source.perl
#                      ^ source.perl keyword.operator.assignment.perl
#                       ^^ source.perl
#                         ^^ source.perl variable.language.perl
#                           ^^ source.perl
#                             ^^ source.perl variable.language.perl
#                               ^^^ source.perl
>}
#^^ source.perl
>